running develop
Removing /home/grok/ros2_ws/install/marl_car_ros2/lib/python3.12/site-packages/marl-car-ros2.egg-link (link to .)
running egg_info
writing ../../build/marl_car_ros2/marl_car_ros2.egg-info/PKG-INFO
writing dependency_links to ../../build/marl_car_ros2/marl_car_ros2.egg-info/dependency_links.txt
writing entry points to ../../build/marl_car_ros2/marl_car_ros2.egg-info/entry_points.txt
writing requirements to ../../build/marl_car_ros2/marl_car_ros2.egg-info/requires.txt
writing top-level names to ../../build/marl_car_ros2/marl_car_ros2.egg-info/top_level.txt
reading manifest file '../../build/marl_car_ros2/marl_car_ros2.egg-info/SOURCES.txt'
writing manifest file '../../build/marl_car_ros2/marl_car_ros2.egg-info/SOURCES.txt'
running build
running build_py
creating /home/grok/ros2_ws/build/marl_car_ros2/build
creating /home/grok/ros2_ws/build/marl_car_ros2/build/lib
creating /home/grok/ros2_ws/build/marl_car_ros2/build/lib/marl_car_ros2
copying marl_car_ros2/train_rllib.py -> /home/grok/ros2_ws/build/marl_car_ros2/build/lib/marl_car_ros2
copying marl_car_ros2/evaluation_metrics.py -> /home/grok/ros2_ws/build/marl_car_ros2/build/lib/marl_car_ros2
copying marl_car_ros2/agent_trace.py -> /home/grok/ros2_ws/build/marl_car_ros2/build/lib/marl_car_ros2
copying marl_car_ros2/__init__.py -> /home/grok/ros2_ws/build/marl_car_ros2/build/lib/marl_car_ros2
copying marl_car_ros2/multi_agent_game.py -> /home/grok/ros2_ws/build/marl_car_ros2/build/lib/marl_car_ros2
copying marl_car_ros2/dummy_joint_runner.py -> /home/grok/ros2_ws/build/marl_car_ros2/build/lib/marl_car_ros2
copying marl_car_ros2/pettingzoo_adapter.py -> /home/grok/ros2_ws/build/marl_car_ros2/build/lib/marl_car_ros2
copying marl_car_ros2/world_model_mutator.py -> /home/grok/ros2_ws/build/marl_car_ros2/build/lib/marl_car_ros2
copying marl_car_ros2/marl_env_wrapper.py -> /home/grok/ros2_ws/build/marl_car_ros2/build/lib/marl_car_ros2
copying marl_car_ros2/monitor_logger_node.py -> /home/grok/ros2_ws/build/marl_car_ros2/build/lib/marl_car_ros2
running install
running install_lib
creating /home/grok/ros2_ws/install/marl_car_ros2/lib/python3.12/site-packages/marl_car_ros2
copying /home/grok/ros2_ws/build/marl_car_ros2/build/lib/marl_car_ros2/train_rllib.py -> /home/grok/ros2_ws/install/marl_car_ros2/lib/python3.12/site-packages/marl_car_ros2
copying /home/grok/ros2_ws/build/marl_car_ros2/build/lib/marl_car_ros2/evaluation_metrics.py -> /home/grok/ros2_ws/install/marl_car_ros2/lib/python3.12/site-packages/marl_car_ros2
copying /home/grok/ros2_ws/build/marl_car_ros2/build/lib/marl_car_ros2/agent_trace.py -> /home/grok/ros2_ws/install/marl_car_ros2/lib/python3.12/site-packages/marl_car_ros2
copying /home/grok/ros2_ws/build/marl_car_ros2/build/lib/marl_car_ros2/__init__.py -> /home/grok/ros2_ws/install/marl_car_ros2/lib/python3.12/site-packages/marl_car_ros2
copying /home/grok/ros2_ws/build/marl_car_ros2/build/lib/marl_car_ros2/multi_agent_game.py -> /home/grok/ros2_ws/install/marl_car_ros2/lib/python3.12/site-packages/marl_car_ros2
copying /home/grok/ros2_ws/build/marl_car_ros2/build/lib/marl_car_ros2/dummy_joint_runner.py -> /home/grok/ros2_ws/install/marl_car_ros2/lib/python3.12/site-packages/marl_car_ros2
copying /home/grok/ros2_ws/build/marl_car_ros2/build/lib/marl_car_ros2/pettingzoo_adapter.py -> /home/grok/ros2_ws/install/marl_car_ros2/lib/python3.12/site-packages/marl_car_ros2
copying /home/grok/ros2_ws/build/marl_car_ros2/build/lib/marl_car_ros2/world_model_mutator.py -> /home/grok/ros2_ws/install/marl_car_ros2/lib/python3.12/site-packages/marl_car_ros2
copying /home/grok/ros2_ws/build/marl_car_ros2/build/lib/marl_car_ros2/marl_env_wrapper.py -> /home/grok/ros2_ws/install/marl_car_ros2/lib/python3.12/site-packages/marl_car_ros2
copying /home/grok/ros2_ws/build/marl_car_ros2/build/lib/marl_car_ros2/monitor_logger_node.py -> /home/grok/ros2_ws/install/marl_car_ros2/lib/python3.12/site-packages/marl_car_ros2
byte-compiling /home/grok/ros2_ws/install/marl_car_ros2/lib/python3.12/site-packages/marl_car_ros2/train_rllib.py to train_rllib.cpython-312.pyc
byte-compiling /home/grok/ros2_ws/install/marl_car_ros2/lib/python3.12/site-packages/marl_car_ros2/evaluation_metrics.py to evaluation_metrics.cpython-312.pyc
byte-compiling /home/grok/ros2_ws/install/marl_car_ros2/lib/python3.12/site-packages/marl_car_ros2/agent_trace.py to agent_trace.cpython-312.pyc
byte-compiling /home/grok/ros2_ws/install/marl_car_ros2/lib/python3.12/site-packages/marl_car_ros2/__init__.py to __init__.cpython-312.pyc
byte-compiling /home/grok/ros2_ws/install/marl_car_ros2/lib/python3.12/site-packages/marl_car_ros2/multi_agent_game.py to multi_agent_game.cpython-312.pyc
byte-compiling /home/grok/ros2_ws/install/marl_car_ros2/lib/python3.12/site-packages/marl_car_ros2/dummy_joint_runner.py to dummy_joint_runner.cpython-312.pyc
byte-compiling /home/grok/ros2_ws/install/marl_car_ros2/lib/python3.12/site-packages/marl_car_ros2/pettingzoo_adapter.py to pettingzoo_adapter.cpython-312.pyc
byte-compiling /home/grok/ros2_ws/install/marl_car_ros2/lib/python3.12/site-packages/marl_car_ros2/world_model_mutator.py to world_model_mutator.cpython-312.pyc
byte-compiling /home/grok/ros2_ws/install/marl_car_ros2/lib/python3.12/site-packages/marl_car_ros2/marl_env_wrapper.py to marl_env_wrapper.cpython-312.pyc
byte-compiling /home/grok/ros2_ws/install/marl_car_ros2/lib/python3.12/site-packages/marl_car_ros2/monitor_logger_node.py to monitor_logger_node.cpython-312.pyc
running install_data
copying resource/marl_car_ros2 -> /home/grok/ros2_ws/install/marl_car_ros2/share/ament_index/resource_index/packages
copying package.xml -> /home/grok/ros2_ws/install/marl_car_ros2/share/marl_car_ros2
copying launch/marl_stack_minimal.launch.py -> /home/grok/ros2_ws/install/marl_car_ros2/share/marl_car_ros2/launch
copying launch/marl_stack.launch.py -> /home/grok/ros2_ws/install/marl_car_ros2/share/marl_car_ros2/launch
creating /home/grok/ros2_ws/install/marl_car_ros2/share/marl_car_ros2/worlds
copying worlds/minimal.world -> /home/grok/ros2_ws/install/marl_car_ros2/share/marl_car_ros2/worlds
creating /home/grok/ros2_ws/install/marl_car_ros2/share/marl_car_ros2/models
creating /home/grok/ros2_ws/install/marl_car_ros2/share/marl_car_ros2/models/simple_marl_car
copying models/simple_marl_car/model.config -> /home/grok/ros2_ws/install/marl_car_ros2/share/marl_car_ros2/models/simple_marl_car
copying models/simple_marl_car/model.sdf -> /home/grok/ros2_ws/install/marl_car_ros2/share/marl_car_ros2/models/simple_marl_car
running install_egg_info
Copying ../../build/marl_car_ros2/marl_car_ros2.egg-info to /home/grok/ros2_ws/install/marl_car_ros2/lib/python3.12/site-packages/marl_car_ros2-0.1.0-py3.12.egg-info
running install_scripts
Installing dummy_joint_runner script to /home/grok/ros2_ws/install/marl_car_ros2/lib/marl_car_ros2
Installing evaluation_metrics script to /home/grok/ros2_ws/install/marl_car_ros2/lib/marl_car_ros2
Installing monitor_logger script to /home/grok/ros2_ws/install/marl_car_ros2/lib/marl_car_ros2
Installing multi_agent_game script to /home/grok/ros2_ws/install/marl_car_ros2/lib/marl_car_ros2
Installing train_rllib script to /home/grok/ros2_ws/install/marl_car_ros2/lib/marl_car_ros2
Installing world_model_mutator script to /home/grok/ros2_ws/install/marl_car_ros2/lib/marl_car_ros2
writing list of installed files to '/home/grok/ros2_ws/build/marl_car_ros2/install.log'
