[0.432s] DEBUG:colcon:Command line arguments: ['/usr/bin/colcon', 'build', '--packages-select', 'marl_car_ros2']
[0.432s] DEBUG:colcon:Parsed command line arguments: Namespace(log_base=None, log_level=None, verb_name='build', build_base='build', install_base='install', merge_install=False, symlink_install=False, test_result_base=None, continue_on_error=False, executor='parallel', parallel_workers=16, event_handlers=None, ignore_user_meta=False, metas=['./colcon.meta'], base_paths=['.'], packages_ignore=None, packages_ignore_regex=None, paths=None, packages_up_to=None, packages_up_to_regex=None, packages_above=None, packages_above_and_dependencies=None, packages_above_depth=None, packages_select_by_dep=None, packages_skip_by_dep=None, packages_skip_up_to=None, packages_select_build_failed=False, packages_skip_build_finished=False, packages_select_test_failures=False, packages_skip_test_passed=False, packages_select=['marl_car_ros2'], packages_skip=None, packages_select_regex=None, packages_skip_regex=None, packages_start=None, packages_end=None, allow_overriding=[], cmake_args=None, cmake_target=None, cmake_target_skip_unavailable=False, cmake_clean_cache=False, cmake_clean_first=False, cmake_force_configure=False, ament_cmake_args=None, catkin_cmake_args=None, catkin_skip_building_tests=False, mixin_files=None, mixin=None, verb_parser=<colcon_mixin.mixin.mixin_argument.MixinArgumentDecorator object at 0x7df517c93080>, verb_extension=<colcon_core.verb.build.BuildVerb object at 0x7df51839ccb0>, main=<bound method BuildVerb.main of <colcon_core.verb.build.BuildVerb object at 0x7df51839ccb0>>, mixin_verb=('build',))
[0.467s] Level 1:colcon.colcon_core.package_discovery:discover_packages(colcon_meta) check parameters
[0.468s] Level 1:colcon.colcon_core.package_discovery:discover_packages(recursive) check parameters
[0.468s] Level 1:colcon.colcon_core.package_discovery:discover_packages(ignore) check parameters
[0.468s] Level 1:colcon.colcon_core.package_discovery:discover_packages(path) check parameters
[0.468s] Level 1:colcon.colcon_core.package_discovery:discover_packages(colcon_meta) discover
[0.468s] Level 1:colcon.colcon_core.package_discovery:discover_packages(recursive) discover
[0.468s] INFO:colcon.colcon_core.package_discovery:Crawling recursively for packages in '/home/grok/ros2_ws'
[0.468s] Level 1:colcon.colcon_core.package_identification:_identify(.) by extensions ['ignore', 'ignore_ament_install']
[0.468s] Level 1:colcon.colcon_core.package_identification:_identify(.) by extension 'ignore'
[0.468s] Level 1:colcon.colcon_core.package_identification:_identify(.) by extension 'ignore_ament_install'
[0.468s] Level 1:colcon.colcon_core.package_identification:_identify(.) by extensions ['colcon_pkg']
[0.468s] Level 1:colcon.colcon_core.package_identification:_identify(.) by extension 'colcon_pkg'
[0.468s] Level 1:colcon.colcon_core.package_identification:_identify(.) by extensions ['colcon_meta']
[0.468s] Level 1:colcon.colcon_core.package_identification:_identify(.) by extension 'colcon_meta'
[0.468s] Level 1:colcon.colcon_core.package_identification:_identify(.) by extensions ['ros']
[0.468s] Level 1:colcon.colcon_core.package_identification:_identify(.) by extension 'ros'
[0.489s] Level 1:colcon.colcon_core.package_identification:_identify(.) by extensions ['cmake', 'python']
[0.489s] Level 1:colcon.colcon_core.package_identification:_identify(.) by extension 'cmake'
[0.489s] Level 1:colcon.colcon_core.package_identification:_identify(.) by extension 'python'
[0.489s] Level 1:colcon.colcon_core.package_identification:_identify(.) by extensions ['python_setup_py']
[0.489s] Level 1:colcon.colcon_core.package_identification:_identify(.) by extension 'python_setup_py'
[0.489s] Level 1:colcon.colcon_core.package_identification:_identify(__pycache__) by extensions ['ignore', 'ignore_ament_install']
[0.489s] Level 1:colcon.colcon_core.package_identification:_identify(__pycache__) by extension 'ignore'
[0.489s] Level 1:colcon.colcon_core.package_identification:_identify(__pycache__) by extension 'ignore_ament_install'
[0.489s] Level 1:colcon.colcon_core.package_identification:_identify(__pycache__) by extensions ['colcon_pkg']
[0.490s] Level 1:colcon.colcon_core.package_identification:_identify(__pycache__) by extension 'colcon_pkg'
[0.490s] Level 1:colcon.colcon_core.package_identification:_identify(__pycache__) by extensions ['colcon_meta']
[0.490s] Level 1:colcon.colcon_core.package_identification:_identify(__pycache__) by extension 'colcon_meta'
[0.490s] Level 1:colcon.colcon_core.package_identification:_identify(__pycache__) by extensions ['ros']
[0.490s] Level 1:colcon.colcon_core.package_identification:_identify(__pycache__) by extension 'ros'
[0.490s] Level 1:colcon.colcon_core.package_identification:_identify(__pycache__) by extensions ['cmake', 'python']
[0.490s] Level 1:colcon.colcon_core.package_identification:_identify(__pycache__) by extension 'cmake'
[0.490s] Level 1:colcon.colcon_core.package_identification:_identify(__pycache__) by extension 'python'
[0.490s] Level 1:colcon.colcon_core.package_identification:_identify(__pycache__) by extensions ['python_setup_py']
[0.490s] Level 1:colcon.colcon_core.package_identification:_identify(__pycache__) by extension 'python_setup_py'
[0.490s] Level 1:colcon.colcon_core.package_identification:_identify(build) by extensions ['ignore', 'ignore_ament_install']
[0.490s] Level 1:colcon.colcon_core.package_identification:_identify(build) by extension 'ignore'
[0.490s] Level 1:colcon.colcon_core.package_identification:_identify(build) ignored
[0.490s] Level 1:colcon.colcon_core.package_identification:_identify(install) by extensions ['ignore', 'ignore_ament_install']
[0.490s] Level 1:colcon.colcon_core.package_identification:_identify(install) by extension 'ignore'
[0.490s] Level 1:colcon.colcon_core.package_identification:_identify(install) ignored
[0.490s] Level 1:colcon.colcon_core.package_identification:_identify(log) by extensions ['ignore', 'ignore_ament_install']
[0.490s] Level 1:colcon.colcon_core.package_identification:_identify(log) by extension 'ignore'
[0.490s] Level 1:colcon.colcon_core.package_identification:_identify(log) ignored
[0.490s] Level 1:colcon.colcon_core.package_identification:_identify(src) by extensions ['ignore', 'ignore_ament_install']
[0.490s] Level 1:colcon.colcon_core.package_identification:_identify(src) by extension 'ignore'
[0.490s] Level 1:colcon.colcon_core.package_identification:_identify(src) by extension 'ignore_ament_install'
[0.490s] Level 1:colcon.colcon_core.package_identification:_identify(src) by extensions ['colcon_pkg']
[0.490s] Level 1:colcon.colcon_core.package_identification:_identify(src) by extension 'colcon_pkg'
[0.490s] Level 1:colcon.colcon_core.package_identification:_identify(src) by extensions ['colcon_meta']
[0.490s] Level 1:colcon.colcon_core.package_identification:_identify(src) by extension 'colcon_meta'
[0.491s] Level 1:colcon.colcon_core.package_identification:_identify(src) by extensions ['ros']
[0.491s] Level 1:colcon.colcon_core.package_identification:_identify(src) by extension 'ros'
[0.491s] Level 1:colcon.colcon_core.package_identification:_identify(src) by extensions ['cmake', 'python']
[0.491s] Level 1:colcon.colcon_core.package_identification:_identify(src) by extension 'cmake'
[0.491s] Level 1:colcon.colcon_core.package_identification:_identify(src) by extension 'python'
[0.491s] Level 1:colcon.colcon_core.package_identification:_identify(src) by extensions ['python_setup_py']
[0.491s] Level 1:colcon.colcon_core.package_identification:_identify(src) by extension 'python_setup_py'
[0.491s] Level 1:colcon.colcon_core.package_identification:_identify(src/marl_car_ros2) by extensions ['ignore', 'ignore_ament_install']
[0.491s] Level 1:colcon.colcon_core.package_identification:_identify(src/marl_car_ros2) by extension 'ignore'
[0.491s] Level 1:colcon.colcon_core.package_identification:_identify(src/marl_car_ros2) by extension 'ignore_ament_install'
[0.491s] Level 1:colcon.colcon_core.package_identification:_identify(src/marl_car_ros2) by extensions ['colcon_pkg']
[0.491s] Level 1:colcon.colcon_core.package_identification:_identify(src/marl_car_ros2) by extension 'colcon_pkg'
[0.491s] Level 1:colcon.colcon_core.package_identification:_identify(src/marl_car_ros2) by extensions ['colcon_meta']
[0.491s] Level 1:colcon.colcon_core.package_identification:_identify(src/marl_car_ros2) by extension 'colcon_meta'
[0.491s] Level 1:colcon.colcon_core.package_identification:_identify(src/marl_car_ros2) by extensions ['ros']
[0.491s] Level 1:colcon.colcon_core.package_identification:_identify(src/marl_car_ros2) by extension 'ros'
[0.493s] DEBUG:colcon.colcon_core.package_identification:Package 'src/marl_car_ros2' with type 'ros.ament_python' and name 'marl_car_ros2'
[0.493s] Level 1:colcon.colcon_core.package_discovery:discover_packages(recursive) using defaults
[0.493s] Level 1:colcon.colcon_core.package_discovery:discover_packages(ignore) discover
[0.493s] Level 1:colcon.colcon_core.package_discovery:discover_packages(ignore) using defaults
[0.493s] Level 1:colcon.colcon_core.package_discovery:discover_packages(path) discover
[0.493s] Level 1:colcon.colcon_core.package_discovery:discover_packages(path) using defaults
[0.506s] Level 1:colcon.colcon_core.package_discovery:discover_packages(prefix_path) check parameters
[0.506s] Level 1:colcon.colcon_core.package_discovery:discover_packages(prefix_path) discover
[0.507s] DEBUG:colcon.colcon_installed_package_information.package_discovery:Found 317 installed packages in /opt/ros/jazzy
[0.508s] Level 1:colcon.colcon_core.package_discovery:discover_packages(prefix_path) using defaults
[0.536s] Level 5:colcon.colcon_core.verb:set package 'marl_car_ros2' build argument 'cmake_args' from command line to 'None'
[0.536s] Level 5:colcon.colcon_core.verb:set package 'marl_car_ros2' build argument 'cmake_target' from command line to 'None'
[0.536s] Level 5:colcon.colcon_core.verb:set package 'marl_car_ros2' build argument 'cmake_target_skip_unavailable' from command line to 'False'
[0.536s] Level 5:colcon.colcon_core.verb:set package 'marl_car_ros2' build argument 'cmake_clean_cache' from command line to 'False'
[0.536s] Level 5:colcon.colcon_core.verb:set package 'marl_car_ros2' build argument 'cmake_clean_first' from command line to 'False'
[0.536s] Level 5:colcon.colcon_core.verb:set package 'marl_car_ros2' build argument 'cmake_force_configure' from command line to 'False'
[0.536s] Level 5:colcon.colcon_core.verb:set package 'marl_car_ros2' build argument 'ament_cmake_args' from command line to 'None'
[0.536s] Level 5:colcon.colcon_core.verb:set package 'marl_car_ros2' build argument 'catkin_cmake_args' from command line to 'None'
[0.536s] Level 5:colcon.colcon_core.verb:set package 'marl_car_ros2' build argument 'catkin_skip_building_tests' from command line to 'False'
[0.536s] DEBUG:colcon.colcon_core.verb:Building package 'marl_car_ros2' with the following arguments: {'ament_cmake_args': None, 'build_base': '/home/grok/ros2_ws/build/marl_car_ros2', 'catkin_cmake_args': None, 'catkin_skip_building_tests': False, 'cmake_args': None, 'cmake_clean_cache': False, 'cmake_clean_first': False, 'cmake_force_configure': False, 'cmake_target': None, 'cmake_target_skip_unavailable': False, 'install_base': '/home/grok/ros2_ws/install/marl_car_ros2', 'merge_install': False, 'path': '/home/grok/ros2_ws/src/marl_car_ros2', 'symlink_install': False, 'test_result_base': None}
[0.537s] INFO:colcon.colcon_core.executor:Executing jobs using 'parallel' executor
[0.538s] DEBUG:colcon.colcon_parallel_executor.executor.parallel:run_until_complete
[0.539s] INFO:colcon.colcon_ros.task.ament_python.build:Building ROS package in '/home/grok/ros2_ws/src/marl_car_ros2' with build type 'ament_python'
[0.539s] Level 1:colcon.colcon_core.shell:create_environment_hook('marl_car_ros2', 'ament_prefix_path')
[0.540s] INFO:colcon.colcon_core.plugin_system:Skipping extension 'colcon_core.shell.bat': Not used on non-Windows systems
[0.540s] INFO:colcon.colcon_core.shell:Creating environment hook '/home/grok/ros2_ws/install/marl_car_ros2/share/marl_car_ros2/hook/ament_prefix_path.ps1'
[0.541s] INFO:colcon.colcon_core.shell:Creating environment descriptor '/home/grok/ros2_ws/install/marl_car_ros2/share/marl_car_ros2/hook/ament_prefix_path.dsv'
[0.541s] INFO:colcon.colcon_core.shell:Creating environment hook '/home/grok/ros2_ws/install/marl_car_ros2/share/marl_car_ros2/hook/ament_prefix_path.sh'
[0.541s] INFO:colcon.colcon_core.shell:Skip shell extension 'powershell' for command environment: Not usable outside of PowerShell
[0.541s] DEBUG:colcon.colcon_core.shell:Skip shell extension 'dsv' for command environment
[0.689s] INFO:colcon.colcon_core.task.python.build:Building Python package in '/home/grok/ros2_ws/src/marl_car_ros2'
[0.689s] INFO:colcon.colcon_core.shell:Skip shell extension 'powershell' for command environment: Not usable outside of PowerShell
[0.690s] DEBUG:colcon.colcon_core.shell:Skip shell extension 'dsv' for command environment
[1.103s] DEBUG:colcon.colcon_core.event_handler.log_command:Invoking command in '/home/grok/ros2_ws/src/marl_car_ros2': PYTHONPATH=/home/grok/ros2_ws/build/marl_car_ros2/prefix_override:/usr/lib/python3/dist-packages/colcon_core/task/python/colcon_distutils_commands:/home/grok/ros2_ws/install/marl_car_ros2/lib/python3.12/site-packages:${PYTHONPATH} /usr/bin/python3 -W ignore:setup.py install is deprecated -W ignore:easy_install command is deprecated setup.py egg_info --egg-base ../../build/marl_car_ros2 build --build-base /home/grok/ros2_ws/build/marl_car_ros2/build install --record /home/grok/ros2_ws/build/marl_car_ros2/install.log --single-version-externally-managed install_data
[1.507s] DEBUG:colcon.colcon_core.event_handler.log_command:Invoked command in '/home/grok/ros2_ws/src/marl_car_ros2' returned '0': PYTHONPATH=/home/grok/ros2_ws/build/marl_car_ros2/prefix_override:/usr/lib/python3/dist-packages/colcon_core/task/python/colcon_distutils_commands:/home/grok/ros2_ws/install/marl_car_ros2/lib/python3.12/site-packages:${PYTHONPATH} /usr/bin/python3 -W ignore:setup.py install is deprecated -W ignore:easy_install command is deprecated setup.py egg_info --egg-base ../../build/marl_car_ros2 build --build-base /home/grok/ros2_ws/build/marl_car_ros2/build install --record /home/grok/ros2_ws/build/marl_car_ros2/install.log --single-version-externally-managed install_data
[1.510s] Level 1:colcon.colcon_core.environment:checking '/home/grok/ros2_ws/install/marl_car_ros2' for CMake module files
[1.510s] Level 1:colcon.colcon_core.environment:checking '/home/grok/ros2_ws/install/marl_car_ros2' for CMake config files
[1.511s] Level 1:colcon.colcon_core.environment:checking '/home/grok/ros2_ws/install/marl_car_ros2/lib'
[1.511s] Level 1:colcon.colcon_core.environment:checking '/home/grok/ros2_ws/install/marl_car_ros2/bin'
[1.512s] Level 1:colcon.colcon_core.environment:checking '/home/grok/ros2_ws/install/marl_car_ros2/lib/pkgconfig/marl_car_ros2.pc'
[1.512s] Level 1:colcon.colcon_core.environment:checking '/home/grok/ros2_ws/install/marl_car_ros2/lib/python3.12/site-packages'
[1.512s] Level 1:colcon.colcon_core.shell:create_environment_hook('marl_car_ros2', 'pythonpath')
[1.512s] INFO:colcon.colcon_core.shell:Creating environment hook '/home/grok/ros2_ws/install/marl_car_ros2/share/marl_car_ros2/hook/pythonpath.ps1'
[1.512s] INFO:colcon.colcon_core.shell:Creating environment descriptor '/home/grok/ros2_ws/install/marl_car_ros2/share/marl_car_ros2/hook/pythonpath.dsv'
[1.513s] INFO:colcon.colcon_core.shell:Creating environment hook '/home/grok/ros2_ws/install/marl_car_ros2/share/marl_car_ros2/hook/pythonpath.sh'
[1.514s] Level 1:colcon.colcon_core.environment:checking '/home/grok/ros2_ws/install/marl_car_ros2/bin'
[1.514s] Level 1:colcon.colcon_core.environment:create_environment_scripts_only(marl_car_ros2)
[1.515s] INFO:colcon.colcon_core.shell:Creating package script '/home/grok/ros2_ws/install/marl_car_ros2/share/marl_car_ros2/package.ps1'
[1.517s] INFO:colcon.colcon_core.shell:Creating package descriptor '/home/grok/ros2_ws/install/marl_car_ros2/share/marl_car_ros2/package.dsv'
[1.518s] INFO:colcon.colcon_core.shell:Creating package script '/home/grok/ros2_ws/install/marl_car_ros2/share/marl_car_ros2/package.sh'
[1.519s] INFO:colcon.colcon_core.shell:Creating package script '/home/grok/ros2_ws/install/marl_car_ros2/share/marl_car_ros2/package.bash'
[1.521s] INFO:colcon.colcon_core.shell:Creating package script '/home/grok/ros2_ws/install/marl_car_ros2/share/marl_car_ros2/package.zsh'
[1.522s] Level 1:colcon.colcon_core.environment:create_file_with_runtime_dependencies(/home/grok/ros2_ws/install/marl_car_ros2/share/colcon-core/packages/marl_car_ros2)
[1.523s] DEBUG:colcon.colcon_parallel_executor.executor.parallel:closing loop
[1.524s] DEBUG:colcon.colcon_parallel_executor.executor.parallel:loop closed
[1.525s] DEBUG:colcon.colcon_parallel_executor.executor.parallel:run_until_complete finished with '0'
[1.525s] DEBUG:colcon.colcon_core.event_reactor:joining thread
[1.692s] INFO:colcon.colcon_core.plugin_system:Skipping extension 'colcon_notification.desktop_notification.notify_send': Could not find 'notify-send'
[1.692s] INFO:colcon.colcon_core.plugin_system:Skipping extension 'colcon_notification.desktop_notification.terminal_notifier': Not used on non-Darwin systems
[1.692s] INFO:colcon.colcon_core.plugin_system:Skipping extension 'colcon_notification.desktop_notification.win32': Not used on non-Windows systems
[1.692s] INFO:colcon.colcon_notification.desktop_notification:Sending desktop notification using 'notify2'
[1.693s] DEBUG:colcon.colcon_notification.desktop_notification.notify2:Failed to initialize notify2: org.freedesktop.DBus.Error.ServiceUnknown: The name org.freedesktop.Notifications was not provided by any .service files
[1.693s] DEBUG:colcon.colcon_core.event_reactor:joined thread
[1.693s] INFO:colcon.colcon_core.shell:Creating prefix script '/home/grok/ros2_ws/install/local_setup.ps1'
[1.694s] INFO:colcon.colcon_core.shell:Creating prefix util module '/home/grok/ros2_ws/install/_local_setup_util_ps1.py'
[1.696s] INFO:colcon.colcon_core.shell:Creating prefix chain script '/home/grok/ros2_ws/install/setup.ps1'
[1.697s] INFO:colcon.colcon_core.shell:Creating prefix script '/home/grok/ros2_ws/install/local_setup.sh'
[1.697s] INFO:colcon.colcon_core.shell:Creating prefix util module '/home/grok/ros2_ws/install/_local_setup_util_sh.py'
[1.698s] INFO:colcon.colcon_core.shell:Creating prefix chain script '/home/grok/ros2_ws/install/setup.sh'
[1.698s] INFO:colcon.colcon_core.shell:Creating prefix script '/home/grok/ros2_ws/install/local_setup.bash'
[1.699s] INFO:colcon.colcon_core.shell:Creating prefix chain script '/home/grok/ros2_ws/install/setup.bash'
[1.699s] INFO:colcon.colcon_core.shell:Creating prefix script '/home/grok/ros2_ws/install/local_setup.zsh'
[1.699s] INFO:colcon.colcon_core.shell:Creating prefix chain script '/home/grok/ros2_ws/install/setup.zsh'
