running egg_info
writing ../../build/marl_car_ros2/marl_car_ros2.egg-info/PKG-INFO
writing dependency_links to ../../build/marl_car_ros2/marl_car_ros2.egg-info/dependency_links.txt
writing entry points to ../../build/marl_car_ros2/marl_car_ros2.egg-info/entry_points.txt
writing requirements to ../../build/marl_car_ros2/marl_car_ros2.egg-info/requires.txt
writing top-level names to ../../build/marl_car_ros2/marl_car_ros2.egg-info/top_level.txt
reading manifest file '../../build/marl_car_ros2/marl_car_ros2.egg-info/SOURCES.txt'
writing manifest file '../../build/marl_car_ros2/marl_car_ros2.egg-info/SOURCES.txt'
running build
running build_py
running install
running install_lib
running install_data
running install_egg_info
removing '/home/grok/ros2_ws/install/marl_car_ros2/lib/python3.12/site-packages/marl_car_ros2-0.1.0-py3.12.egg-info' (and everything under it)
Copying ../../build/marl_car_ros2/marl_car_ros2.egg-info to /home/grok/ros2_ws/install/marl_car_ros2/lib/python3.12/site-packages/marl_car_ros2-0.1.0-py3.12.egg-info
running install_scripts
Installing dummy_joint_runner script to /home/grok/ros2_ws/install/marl_car_ros2/lib/marl_car_ros2
Installing evaluation_metrics script to /home/grok/ros2_ws/install/marl_car_ros2/lib/marl_car_ros2
Installing monitor_logger script to /home/grok/ros2_ws/install/marl_car_ros2/lib/marl_car_ros2
Installing multi_agent_game script to /home/grok/ros2_ws/install/marl_car_ros2/lib/marl_car_ros2
Installing train_rllib script to /home/grok/ros2_ws/install/marl_car_ros2/lib/marl_car_ros2
Installing world_model_mutator script to /home/grok/ros2_ws/install/marl_car_ros2/lib/marl_car_ros2
writing list of installed files to '/home/grok/ros2_ws/build/marl_car_ros2/install.log'
