running develop
running egg_info
writing marl_car_ros2.egg-info/PKG-INFO
writing dependency_links to marl_car_ros2.egg-info/dependency_links.txt
writing entry points to marl_car_ros2.egg-info/entry_points.txt
writing requirements to marl_car_ros2.egg-info/requires.txt
writing top-level names to marl_car_ros2.egg-info/top_level.txt
reading manifest file 'marl_car_ros2.egg-info/SOURCES.txt'
writing manifest file 'marl_car_ros2.egg-info/SOURCES.txt'
running build_ext
Creating /home/grok/ros2_ws/install/marl_car_ros2/lib/python3.12/site-packages/marl-car-ros2.egg-link (link to .)
Installing dummy_joint_runner script to /home/grok/ros2_ws/install/marl_car_ros2/lib/marl_car_ros2
Installing evaluation_metrics script to /home/grok/ros2_ws/install/marl_car_ros2/lib/marl_car_ros2
Installing monitor_logger script to /home/grok/ros2_ws/install/marl_car_ros2/lib/marl_car_ros2
Installing multi_agent_game script to /home/grok/ros2_ws/install/marl_car_ros2/lib/marl_car_ros2
Installing train_rllib script to /home/grok/ros2_ws/install/marl_car_ros2/lib/marl_car_ros2
Installing world_model_mutator script to /home/grok/ros2_ws/install/marl_car_ros2/lib/marl_car_ros2

Installed /home/grok/ros2_ws/build/marl_car_ros2
running symlink_data
creating /home/grok/ros2_ws/install/marl_car_ros2/share/marl_car_ros2/launch
symbolically linking /home/grok/ros2_ws/build/marl_car_ros2/launch/marl_stack.launch.py -> /home/grok/ros2_ws/install/marl_car_ros2/share/marl_car_ros2/launch
