[0.572s] Invoking command in '/home/grok/ros2_ws/build/marl_car_ros2': PYTHONPATH=/home/grok/ros2_ws/build/marl_car_ros2/prefix_override:/usr/lib/python3/dist-packages/colcon_core/task/python/colcon_distutils_commands:/home/grok/ros2_ws/install/marl_car_ros2/lib/python3.12/site-packages:${PYTHONPATH} /usr/bin/python3 -W ignore:setup.py install is deprecated -W ignore:easy_install command is deprecated setup.py develop --editable --build-directory /home/grok/ros2_ws/build/marl_car_ros2/build --no-deps symlink_data
[0.823s] running develop
[0.963s] running egg_info
[0.973s] writing marl_car_ros2.egg-info/PKG-INFO
[0.973s] writing dependency_links to marl_car_ros2.egg-info/dependency_links.txt
[0.974s] writing entry points to marl_car_ros2.egg-info/entry_points.txt
[0.974s] writing requirements to marl_car_ros2.egg-info/requires.txt
[0.974s] writing top-level names to marl_car_ros2.egg-info/top_level.txt
[0.996s] reading manifest file 'marl_car_ros2.egg-info/SOURCES.txt'
[0.997s] writing manifest file 'marl_car_ros2.egg-info/SOURCES.txt'
[1.010s] running build_ext
[1.010s] Creating /home/grok/ros2_ws/install/marl_car_ros2/lib/python3.12/site-packages/marl-car-ros2.egg-link (link to .)
[1.011s] Installing dummy_joint_runner script to /home/grok/ros2_ws/install/marl_car_ros2/lib/marl_car_ros2
[1.011s] Installing evaluation_metrics script to /home/grok/ros2_ws/install/marl_car_ros2/lib/marl_car_ros2
[1.011s] Installing monitor_logger script to /home/grok/ros2_ws/install/marl_car_ros2/lib/marl_car_ros2
[1.011s] Installing multi_agent_game script to /home/grok/ros2_ws/install/marl_car_ros2/lib/marl_car_ros2
[1.012s] Installing train_rllib script to /home/grok/ros2_ws/install/marl_car_ros2/lib/marl_car_ros2
[1.012s] Installing world_model_mutator script to /home/grok/ros2_ws/install/marl_car_ros2/lib/marl_car_ros2
[1.012s] 
[1.012s] Installed /home/grok/ros2_ws/build/marl_car_ros2
[1.012s] running symlink_data
[1.012s] creating /home/grok/ros2_ws/install/marl_car_ros2/share/marl_car_ros2/launch
[1.013s] symbolically linking /home/grok/ros2_ws/build/marl_car_ros2/launch/marl_stack.launch.py -> /home/grok/ros2_ws/install/marl_car_ros2/share/marl_car_ros2/launch
[1.036s] Invoked command in '/home/grok/ros2_ws/build/marl_car_ros2' returned '0': PYTHONPATH=/home/grok/ros2_ws/build/marl_car_ros2/prefix_override:/usr/lib/python3/dist-packages/colcon_core/task/python/colcon_distutils_commands:/home/grok/ros2_ws/install/marl_car_ros2/lib/python3.12/site-packages:${PYTHONPATH} /usr/bin/python3 -W ignore:setup.py install is deprecated -W ignore:easy_install command is deprecated setup.py develop --editable --build-directory /home/grok/ros2_ws/build/marl_car_ros2/build --no-deps symlink_data
