[0.790s] Invoking command in '/home/grok/ros2_ws/src/marl_car_ros2': PYTHONPATH=/home/grok/ros2_ws/build/marl_car_ros2/prefix_override:/usr/lib/python3/dist-packages/colcon_core/task/python/colcon_distutils_commands:/home/grok/ros2_ws/install/marl_car_ros2/lib/python3.12/site-packages:${PYTHONPATH} /usr/bin/python3 -W ignore:setup.py install is deprecated -W ignore:easy_install command is deprecated setup.py egg_info --egg-base ../../build/marl_car_ros2 build --build-base /home/grok/ros2_ws/build/marl_car_ros2/build install --record /home/grok/ros2_ws/build/marl_car_ros2/install.log --single-version-externally-managed install_data
[0.996s] running egg_info
[1.012s] writing ../../build/marl_car_ros2/marl_car_ros2.egg-info/PKG-INFO
[1.012s] writing dependency_links to ../../build/marl_car_ros2/marl_car_ros2.egg-info/dependency_links.txt
[1.013s] writing entry points to ../../build/marl_car_ros2/marl_car_ros2.egg-info/entry_points.txt
[1.013s] writing requirements to ../../build/marl_car_ros2/marl_car_ros2.egg-info/requires.txt
[1.013s] writing top-level names to ../../build/marl_car_ros2/marl_car_ros2.egg-info/top_level.txt
[1.043s] reading manifest file '../../build/marl_car_ros2/marl_car_ros2.egg-info/SOURCES.txt'
[1.044s] writing manifest file '../../build/marl_car_ros2/marl_car_ros2.egg-info/SOURCES.txt'
[1.044s] running build
[1.044s] running build_py
[1.044s] copying marl_car_ros2/supervisor_node.py -> /home/grok/ros2_ws/build/marl_car_ros2/build/lib/marl_car_ros2
[1.045s] copying marl_car_ros2/task_agent.py -> /home/grok/ros2_ws/build/marl_car_ros2/build/lib/marl_car_ros2
[1.045s] running install
[1.049s] running install_lib
[1.064s] copying /home/grok/ros2_ws/build/marl_car_ros2/build/lib/marl_car_ros2/supervisor_node.py -> /home/grok/ros2_ws/install/marl_car_ros2/lib/python3.12/site-packages/marl_car_ros2
[1.064s] copying /home/grok/ros2_ws/build/marl_car_ros2/build/lib/marl_car_ros2/task_agent.py -> /home/grok/ros2_ws/install/marl_car_ros2/lib/python3.12/site-packages/marl_car_ros2
[1.065s] byte-compiling /home/grok/ros2_ws/install/marl_car_ros2/lib/python3.12/site-packages/marl_car_ros2/supervisor_node.py to supervisor_node.cpython-312.pyc
[1.070s] byte-compiling /home/grok/ros2_ws/install/marl_car_ros2/lib/python3.12/site-packages/marl_car_ros2/task_agent.py to task_agent.cpython-312.pyc
[1.072s] running install_data
[1.072s] running install_egg_info
[1.087s] removing '/home/grok/ros2_ws/install/marl_car_ros2/lib/python3.12/site-packages/marl_car_ros2-0.1.0-py3.12.egg-info' (and everything under it)
[1.087s] Copying ../../build/marl_car_ros2/marl_car_ros2.egg-info to /home/grok/ros2_ws/install/marl_car_ros2/lib/python3.12/site-packages/marl_car_ros2-0.1.0-py3.12.egg-info
[1.088s] running install_scripts
[1.181s] Installing baseline_nav_node script to /home/grok/ros2_ws/install/marl_car_ros2/lib/marl_car_ros2
[1.181s] Installing benchmark_runner script to /home/grok/ros2_ws/install/marl_car_ros2/lib/marl_car_ros2
[1.181s] Installing dummy_joint_runner script to /home/grok/ros2_ws/install/marl_car_ros2/lib/marl_car_ros2
[1.182s] Installing evaluation_metrics script to /home/grok/ros2_ws/install/marl_car_ros2/lib/marl_car_ros2
[1.182s] Installing monitor_logger script to /home/grok/ros2_ws/install/marl_car_ros2/lib/marl_car_ros2
[1.182s] Installing multi_agent_game script to /home/grok/ros2_ws/install/marl_car_ros2/lib/marl_car_ros2
[1.182s] Installing nav_goal_sender script to /home/grok/ros2_ws/install/marl_car_ros2/lib/marl_car_ros2
[1.182s] Installing nav_tf_bridge script to /home/grok/ros2_ws/install/marl_car_ros2/lib/marl_car_ros2
[1.182s] Installing risk_marker script to /home/grok/ros2_ws/install/marl_car_ros2/lib/marl_car_ros2
[1.182s] Installing scenario_mutator script to /home/grok/ros2_ws/install/marl_car_ros2/lib/marl_car_ros2
[1.182s] Installing supervisor_node script to /home/grok/ros2_ws/install/marl_car_ros2/lib/marl_car_ros2
[1.182s] Installing supervisor_status_marker script to /home/grok/ros2_ws/install/marl_car_ros2/lib/marl_car_ros2
[1.182s] Installing task_agent script to /home/grok/ros2_ws/install/marl_car_ros2/lib/marl_car_ros2
[1.183s] Installing train_rllib script to /home/grok/ros2_ws/install/marl_car_ros2/lib/marl_car_ros2
[1.183s] Installing world_event_marker script to /home/grok/ros2_ws/install/marl_car_ros2/lib/marl_car_ros2
[1.183s] Installing world_model_mutator script to /home/grok/ros2_ws/install/marl_car_ros2/lib/marl_car_ros2
[1.183s] writing list of installed files to '/home/grok/ros2_ws/build/marl_car_ros2/install.log'
[1.214s] Invoked command in '/home/grok/ros2_ws/src/marl_car_ros2' returned '0': PYTHONPATH=/home/grok/ros2_ws/build/marl_car_ros2/prefix_override:/usr/lib/python3/dist-packages/colcon_core/task/python/colcon_distutils_commands:/home/grok/ros2_ws/install/marl_car_ros2/lib/python3.12/site-packages:${PYTHONPATH} /usr/bin/python3 -W ignore:setup.py install is deprecated -W ignore:easy_install command is deprecated setup.py egg_info --egg-base ../../build/marl_car_ros2 build --build-base /home/grok/ros2_ws/build/marl_car_ros2/build install --record /home/grok/ros2_ws/build/marl_car_ros2/install.log --single-version-externally-managed install_data
