[0.567s] Invoking command in '/home/grok/ros2_ws/src/marl_car_ros2': PYTHONPATH=/home/grok/ros2_ws/build/marl_car_ros2/prefix_override:/usr/lib/python3/dist-packages/colcon_core/task/python/colcon_distutils_commands:/home/grok/ros2_ws/install/marl_car_ros2/lib/python3.12/site-packages:${PYTHONPATH} /usr/bin/python3 -W ignore:setup.py install is deprecated -W ignore:easy_install command is deprecated setup.py egg_info --egg-base ../../build/marl_car_ros2 build --build-base /home/grok/ros2_ws/build/marl_car_ros2/build install --record /home/grok/ros2_ws/build/marl_car_ros2/install.log --single-version-externally-managed install_data
[0.751s] running egg_info
[0.763s] writing ../../build/marl_car_ros2/marl_car_ros2.egg-info/PKG-INFO
[0.764s] writing dependency_links to ../../build/marl_car_ros2/marl_car_ros2.egg-info/dependency_links.txt
[0.764s] writing entry points to ../../build/marl_car_ros2/marl_car_ros2.egg-info/entry_points.txt
[0.764s] writing requirements to ../../build/marl_car_ros2/marl_car_ros2.egg-info/requires.txt
[0.765s] writing top-level names to ../../build/marl_car_ros2/marl_car_ros2.egg-info/top_level.txt
[0.790s] reading manifest file '../../build/marl_car_ros2/marl_car_ros2.egg-info/SOURCES.txt'
[0.790s] writing manifest file '../../build/marl_car_ros2/marl_car_ros2.egg-info/SOURCES.txt'
[0.791s] running build
[0.791s] running build_py
[0.791s] running install
[0.796s] running install_lib
[0.810s] running install_data
[0.810s] copying launch/marl_stack_minimal.launch.py -> /home/grok/ros2_ws/install/marl_car_ros2/share/marl_car_ros2/launch
[0.810s] copying worlds/minimal.world -> /home/grok/ros2_ws/install/marl_car_ros2/share/marl_car_ros2/worlds
[0.810s] copying models/simple_marl_car/model.sdf -> /home/grok/ros2_ws/install/marl_car_ros2/share/marl_car_ros2/models/simple_marl_car
[0.810s] running install_egg_info
[0.825s] removing '/home/grok/ros2_ws/install/marl_car_ros2/lib/python3.12/site-packages/marl_car_ros2-0.1.0-py3.12.egg-info' (and everything under it)
[0.825s] Copying ../../build/marl_car_ros2/marl_car_ros2.egg-info to /home/grok/ros2_ws/install/marl_car_ros2/lib/python3.12/site-packages/marl_car_ros2-0.1.0-py3.12.egg-info
[0.826s] running install_scripts
[0.905s] Installing dummy_joint_runner script to /home/grok/ros2_ws/install/marl_car_ros2/lib/marl_car_ros2
[0.906s] Installing evaluation_metrics script to /home/grok/ros2_ws/install/marl_car_ros2/lib/marl_car_ros2
[0.906s] Installing monitor_logger script to /home/grok/ros2_ws/install/marl_car_ros2/lib/marl_car_ros2
[0.906s] Installing multi_agent_game script to /home/grok/ros2_ws/install/marl_car_ros2/lib/marl_car_ros2
[0.906s] Installing train_rllib script to /home/grok/ros2_ws/install/marl_car_ros2/lib/marl_car_ros2
[0.906s] Installing world_model_mutator script to /home/grok/ros2_ws/install/marl_car_ros2/lib/marl_car_ros2
[0.906s] writing list of installed files to '/home/grok/ros2_ws/build/marl_car_ros2/install.log'
[0.928s] Invoked command in '/home/grok/ros2_ws/src/marl_car_ros2' returned '0': PYTHONPATH=/home/grok/ros2_ws/build/marl_car_ros2/prefix_override:/usr/lib/python3/dist-packages/colcon_core/task/python/colcon_distutils_commands:/home/grok/ros2_ws/install/marl_car_ros2/lib/python3.12/site-packages:${PYTHONPATH} /usr/bin/python3 -W ignore:setup.py install is deprecated -W ignore:easy_install command is deprecated setup.py egg_info --egg-base ../../build/marl_car_ros2 build --build-base /home/grok/ros2_ws/build/marl_car_ros2/build install --record /home/grok/ros2_ws/build/marl_car_ros2/install.log --single-version-externally-managed install_data
