[0.987s] Invoking command in '/home/grok/ros2_ws/src/marl_car_ros2': PYTHONPATH=/home/grok/ros2_ws/build/marl_car_ros2/prefix_override:/usr/lib/python3/dist-packages/colcon_core/task/python/colcon_distutils_commands:/home/grok/ros2_ws/install/marl_car_ros2/lib/python3.12/site-packages:${PYTHONPATH} /usr/bin/python3 -W ignore:setup.py install is deprecated -W ignore:easy_install command is deprecated setup.py egg_info --egg-base ../../build/marl_car_ros2 build --build-base /home/grok/ros2_ws/build/marl_car_ros2/build install --record /home/grok/ros2_ws/build/marl_car_ros2/install.log --single-version-externally-managed install_data
[1.328s] running egg_info
[1.346s] writing ../../build/marl_car_ros2/marl_car_ros2.egg-info/PKG-INFO
[1.347s] writing dependency_links to ../../build/marl_car_ros2/marl_car_ros2.egg-info/dependency_links.txt
[1.347s] writing entry points to ../../build/marl_car_ros2/marl_car_ros2.egg-info/entry_points.txt
[1.348s] writing requirements to ../../build/marl_car_ros2/marl_car_ros2.egg-info/requires.txt
[1.348s] writing top-level names to ../../build/marl_car_ros2/marl_car_ros2.egg-info/top_level.txt
[1.388s] reading manifest file '../../build/marl_car_ros2/marl_car_ros2.egg-info/SOURCES.txt'
[1.389s] writing manifest file '../../build/marl_car_ros2/marl_car_ros2.egg-info/SOURCES.txt'
[1.389s] running build
[1.389s] running build_py
[1.390s] running install
[1.396s] running install_lib
[1.417s] running install_data
[1.417s] copying rviz/nav2_default.rviz -> /home/grok/ros2_ws/install/marl_car_ros2/share/marl_car_ros2/rviz
[1.418s] copying urdf/simple_marl_car.urdf -> /home/grok/ros2_ws/install/marl_car_ros2/share/marl_car_ros2/urdf
[1.418s] copying models/simple_marl_car/model.config -> /home/grok/ros2_ws/install/marl_car_ros2/share/marl_car_ros2/models/simple_marl_car
[1.418s] copying models/simple_marl_car/model.sdf -> /home/grok/ros2_ws/install/marl_car_ros2/share/marl_car_ros2/models/simple_marl_car
[1.418s] running install_egg_info
[1.439s] removing '/home/grok/ros2_ws/install/marl_car_ros2/lib/python3.12/site-packages/marl_car_ros2-0.1.0-py3.12.egg-info' (and everything under it)
[1.440s] Copying ../../build/marl_car_ros2/marl_car_ros2.egg-info to /home/grok/ros2_ws/install/marl_car_ros2/lib/python3.12/site-packages/marl_car_ros2-0.1.0-py3.12.egg-info
[1.442s] running install_scripts
[1.626s] Installing baseline_nav_node script to /home/grok/ros2_ws/install/marl_car_ros2/lib/marl_car_ros2
[1.627s] Installing dummy_joint_runner script to /home/grok/ros2_ws/install/marl_car_ros2/lib/marl_car_ros2
[1.628s] Installing evaluation_metrics script to /home/grok/ros2_ws/install/marl_car_ros2/lib/marl_car_ros2
[1.628s] Installing monitor_logger script to /home/grok/ros2_ws/install/marl_car_ros2/lib/marl_car_ros2
[1.628s] Installing multi_agent_game script to /home/grok/ros2_ws/install/marl_car_ros2/lib/marl_car_ros2
[1.628s] Installing nav_tf_bridge script to /home/grok/ros2_ws/install/marl_car_ros2/lib/marl_car_ros2
[1.628s] Installing scenario_mutator script to /home/grok/ros2_ws/install/marl_car_ros2/lib/marl_car_ros2
[1.628s] Installing supervisor_node script to /home/grok/ros2_ws/install/marl_car_ros2/lib/marl_car_ros2
[1.629s] Installing task_agent script to /home/grok/ros2_ws/install/marl_car_ros2/lib/marl_car_ros2
[1.629s] Installing train_rllib script to /home/grok/ros2_ws/install/marl_car_ros2/lib/marl_car_ros2
[1.630s] Installing world_model_mutator script to /home/grok/ros2_ws/install/marl_car_ros2/lib/marl_car_ros2
[1.630s] writing list of installed files to '/home/grok/ros2_ws/build/marl_car_ros2/install.log'
[1.721s] Invoked command in '/home/grok/ros2_ws/src/marl_car_ros2' returned '0': PYTHONPATH=/home/grok/ros2_ws/build/marl_car_ros2/prefix_override:/usr/lib/python3/dist-packages/colcon_core/task/python/colcon_distutils_commands:/home/grok/ros2_ws/install/marl_car_ros2/lib/python3.12/site-packages:${PYTHONPATH} /usr/bin/python3 -W ignore:setup.py install is deprecated -W ignore:easy_install command is deprecated setup.py egg_info --egg-base ../../build/marl_car_ros2 build --build-base /home/grok/ros2_ws/build/marl_car_ros2/build install --record /home/grok/ros2_ws/build/marl_car_ros2/install.log --single-version-externally-managed install_data
