[0.997s] Invoking command in '/home/grok/ros2_ws/src/marl_car_ros2': PYTHONPATH=/home/grok/ros2_ws/build/marl_car_ros2/prefix_override:/usr/lib/python3/dist-packages/colcon_core/task/python/colcon_distutils_commands:/home/grok/ros2_ws/install/marl_car_ros2/lib/python3.12/site-packages:${PYTHONPATH} /usr/bin/python3 -W ignore:setup.py install is deprecated -W ignore:easy_install command is deprecated setup.py egg_info --egg-base ../../build/marl_car_ros2 build --build-base /home/grok/ros2_ws/build/marl_car_ros2/build install --record /home/grok/ros2_ws/build/marl_car_ros2/install.log --single-version-externally-managed install_data
[1.178s] running egg_info
[1.189s] writing ../../build/marl_car_ros2/marl_car_ros2.egg-info/PKG-INFO
[1.191s] writing dependency_links to ../../build/marl_car_ros2/marl_car_ros2.egg-info/dependency_links.txt
[1.192s] writing entry points to ../../build/marl_car_ros2/marl_car_ros2.egg-info/entry_points.txt
[1.192s] writing requirements to ../../build/marl_car_ros2/marl_car_ros2.egg-info/requires.txt
[1.192s] writing top-level names to ../../build/marl_car_ros2/marl_car_ros2.egg-info/top_level.txt
[1.216s] reading manifest file '../../build/marl_car_ros2/marl_car_ros2.egg-info/SOURCES.txt'
[1.218s] writing manifest file '../../build/marl_car_ros2/marl_car_ros2.egg-info/SOURCES.txt'
[1.218s] running build
[1.218s] running build_py
[1.218s] copying marl_car_ros2/evaluation_metrics.py -> /home/grok/ros2_ws/build/marl_car_ros2/build/lib/marl_car_ros2
[1.220s] copying marl_car_ros2/agent_trace.py -> /home/grok/ros2_ws/build/marl_car_ros2/build/lib/marl_car_ros2
[1.221s] copying marl_car_ros2/decision_protocol.py -> /home/grok/ros2_ws/build/marl_car_ros2/build/lib/marl_car_ros2
[1.222s] copying marl_car_ros2/supervisor_node.py -> /home/grok/ros2_ws/build/marl_car_ros2/build/lib/marl_car_ros2
[1.222s] copying marl_car_ros2/shared_types.py -> /home/grok/ros2_ws/build/marl_car_ros2/build/lib/marl_car_ros2
[1.223s] copying marl_car_ros2/scenario_mutator.py -> /home/grok/ros2_ws/build/marl_car_ros2/build/lib/marl_car_ros2
[1.223s] copying marl_car_ros2/task_agent.py -> /home/grok/ros2_ws/build/marl_car_ros2/build/lib/marl_car_ros2
[1.224s] copying marl_car_ros2/monitor_logger_node.py -> /home/grok/ros2_ws/build/marl_car_ros2/build/lib/marl_car_ros2
[1.224s] running install
[1.228s] running install_lib
[1.243s] copying /home/grok/ros2_ws/build/marl_car_ros2/build/lib/marl_car_ros2/evaluation_metrics.py -> /home/grok/ros2_ws/install/marl_car_ros2/lib/python3.12/site-packages/marl_car_ros2
[1.243s] copying /home/grok/ros2_ws/build/marl_car_ros2/build/lib/marl_car_ros2/agent_trace.py -> /home/grok/ros2_ws/install/marl_car_ros2/lib/python3.12/site-packages/marl_car_ros2
[1.244s] copying /home/grok/ros2_ws/build/marl_car_ros2/build/lib/marl_car_ros2/decision_protocol.py -> /home/grok/ros2_ws/install/marl_car_ros2/lib/python3.12/site-packages/marl_car_ros2
[1.244s] copying /home/grok/ros2_ws/build/marl_car_ros2/build/lib/marl_car_ros2/supervisor_node.py -> /home/grok/ros2_ws/install/marl_car_ros2/lib/python3.12/site-packages/marl_car_ros2
[1.244s] copying /home/grok/ros2_ws/build/marl_car_ros2/build/lib/marl_car_ros2/shared_types.py -> /home/grok/ros2_ws/install/marl_car_ros2/lib/python3.12/site-packages/marl_car_ros2
[1.244s] copying /home/grok/ros2_ws/build/marl_car_ros2/build/lib/marl_car_ros2/scenario_mutator.py -> /home/grok/ros2_ws/install/marl_car_ros2/lib/python3.12/site-packages/marl_car_ros2
[1.244s] copying /home/grok/ros2_ws/build/marl_car_ros2/build/lib/marl_car_ros2/task_agent.py -> /home/grok/ros2_ws/install/marl_car_ros2/lib/python3.12/site-packages/marl_car_ros2
[1.245s] copying /home/grok/ros2_ws/build/marl_car_ros2/build/lib/marl_car_ros2/monitor_logger_node.py -> /home/grok/ros2_ws/install/marl_car_ros2/lib/python3.12/site-packages/marl_car_ros2
[1.245s] byte-compiling /home/grok/ros2_ws/install/marl_car_ros2/lib/python3.12/site-packages/marl_car_ros2/evaluation_metrics.py to evaluation_metrics.cpython-312.pyc
[1.247s] byte-compiling /home/grok/ros2_ws/install/marl_car_ros2/lib/python3.12/site-packages/marl_car_ros2/agent_trace.py to agent_trace.cpython-312.pyc
[1.248s] byte-compiling /home/grok/ros2_ws/install/marl_car_ros2/lib/python3.12/site-packages/marl_car_ros2/decision_protocol.py to decision_protocol.cpython-312.pyc
[1.249s] byte-compiling /home/grok/ros2_ws/install/marl_car_ros2/lib/python3.12/site-packages/marl_car_ros2/supervisor_node.py to supervisor_node.cpython-312.pyc
[1.252s] byte-compiling /home/grok/ros2_ws/install/marl_car_ros2/lib/python3.12/site-packages/marl_car_ros2/shared_types.py to shared_types.cpython-312.pyc
[1.253s] byte-compiling /home/grok/ros2_ws/install/marl_car_ros2/lib/python3.12/site-packages/marl_car_ros2/scenario_mutator.py to scenario_mutator.cpython-312.pyc
[1.255s] byte-compiling /home/grok/ros2_ws/install/marl_car_ros2/lib/python3.12/site-packages/marl_car_ros2/task_agent.py to task_agent.cpython-312.pyc
[1.257s] byte-compiling /home/grok/ros2_ws/install/marl_car_ros2/lib/python3.12/site-packages/marl_car_ros2/monitor_logger_node.py to monitor_logger_node.cpython-312.pyc
[1.260s] running install_data
[1.260s] running install_egg_info
[1.272s] removing '/home/grok/ros2_ws/install/marl_car_ros2/lib/python3.12/site-packages/marl_car_ros2-0.1.0-py3.12.egg-info' (and everything under it)
[1.273s] Copying ../../build/marl_car_ros2/marl_car_ros2.egg-info to /home/grok/ros2_ws/install/marl_car_ros2/lib/python3.12/site-packages/marl_car_ros2-0.1.0-py3.12.egg-info
[1.274s] running install_scripts
[1.369s] Installing baseline_nav_node script to /home/grok/ros2_ws/install/marl_car_ros2/lib/marl_car_ros2
[1.369s] Installing dummy_joint_runner script to /home/grok/ros2_ws/install/marl_car_ros2/lib/marl_car_ros2
[1.369s] Installing evaluation_metrics script to /home/grok/ros2_ws/install/marl_car_ros2/lib/marl_car_ros2
[1.369s] Installing monitor_logger script to /home/grok/ros2_ws/install/marl_car_ros2/lib/marl_car_ros2
[1.369s] Installing multi_agent_game script to /home/grok/ros2_ws/install/marl_car_ros2/lib/marl_car_ros2
[1.369s] Installing nav_tf_bridge script to /home/grok/ros2_ws/install/marl_car_ros2/lib/marl_car_ros2
[1.369s] Installing scenario_mutator script to /home/grok/ros2_ws/install/marl_car_ros2/lib/marl_car_ros2
[1.370s] Installing supervisor_node script to /home/grok/ros2_ws/install/marl_car_ros2/lib/marl_car_ros2
[1.370s] Installing task_agent script to /home/grok/ros2_ws/install/marl_car_ros2/lib/marl_car_ros2
[1.370s] Installing train_rllib script to /home/grok/ros2_ws/install/marl_car_ros2/lib/marl_car_ros2
[1.370s] Installing world_model_mutator script to /home/grok/ros2_ws/install/marl_car_ros2/lib/marl_car_ros2
[1.370s] writing list of installed files to '/home/grok/ros2_ws/build/marl_car_ros2/install.log'
[1.389s] Invoked command in '/home/grok/ros2_ws/src/marl_car_ros2' returned '0': PYTHONPATH=/home/grok/ros2_ws/build/marl_car_ros2/prefix_override:/usr/lib/python3/dist-packages/colcon_core/task/python/colcon_distutils_commands:/home/grok/ros2_ws/install/marl_car_ros2/lib/python3.12/site-packages:${PYTHONPATH} /usr/bin/python3 -W ignore:setup.py install is deprecated -W ignore:easy_install command is deprecated setup.py egg_info --egg-base ../../build/marl_car_ros2 build --build-base /home/grok/ros2_ws/build/marl_car_ros2/build install --record /home/grok/ros2_ws/build/marl_car_ros2/install.log --single-version-externally-managed install_data
