[0.772s] DEBUG:colcon:Command line arguments: ['/usr/bin/colcon', 'build', '--packages-select', 'marl_car_ros2']
[0.772s] DEBUG:colcon:Parsed command line arguments: Namespace(log_base=None, log_level=None, verb_name='build', build_base='build', install_base='install', merge_install=False, symlink_install=False, test_result_base=None, continue_on_error=False, executor='parallel', parallel_workers=16, event_handlers=None, ignore_user_meta=False, metas=['./colcon.meta'], base_paths=['.'], packages_ignore=None, packages_ignore_regex=None, paths=None, packages_up_to=None, packages_up_to_regex=None, packages_above=None, packages_above_and_dependencies=None, packages_above_depth=None, packages_select_by_dep=None, packages_skip_by_dep=None, packages_skip_up_to=None, packages_select_build_failed=False, packages_skip_build_finished=False, packages_select_test_failures=False, packages_skip_test_passed=False, packages_select=['marl_car_ros2'], packages_skip=None, packages_select_regex=None, packages_skip_regex=None, packages_start=None, packages_end=None, allow_overriding=[], cmake_args=None, cmake_target=None, cmake_target_skip_unavailable=False, cmake_clean_cache=False, cmake_clean_first=False, cmake_force_configure=False, ament_cmake_args=None, catkin_cmake_args=None, catkin_skip_building_tests=False, mixin_files=None, mixin=None, verb_parser=<colcon_mixin.mixin.mixin_argument.MixinArgumentDecorator object at 0x77166a787bc0>, verb_extension=<colcon_core.verb.build.BuildVerb object at 0x77166a8bbe30>, main=<bound method BuildVerb.main of <colcon_core.verb.build.BuildVerb object at 0x77166a8bbe30>>, mixin_verb=('build',))
[0.940s] Level 1:colcon.colcon_core.package_discovery:discover_packages(colcon_meta) check parameters
[0.941s] Level 1:colcon.colcon_core.package_discovery:discover_packages(recursive) check parameters
[0.941s] Level 1:colcon.colcon_core.package_discovery:discover_packages(ignore) check parameters
[0.941s] Level 1:colcon.colcon_core.package_discovery:discover_packages(path) check parameters
[0.942s] Level 1:colcon.colcon_core.package_discovery:discover_packages(colcon_meta) discover
[0.942s] Level 1:colcon.colcon_core.package_discovery:discover_packages(recursive) discover
[0.942s] INFO:colcon.colcon_core.package_discovery:Crawling recursively for packages in '/home/grok/ros2_ws'
[0.942s] Level 1:colcon.colcon_core.package_identification:_identify(.) by extensions ['ignore', 'ignore_ament_install']
[0.943s] Level 1:colcon.colcon_core.package_identification:_identify(.) by extension 'ignore'
[0.943s] Level 1:colcon.colcon_core.package_identification:_identify(.) by extension 'ignore_ament_install'
[0.944s] Level 1:colcon.colcon_core.package_identification:_identify(.) by extensions ['colcon_pkg']
[0.944s] Level 1:colcon.colcon_core.package_identification:_identify(.) by extension 'colcon_pkg'
[0.944s] Level 1:colcon.colcon_core.package_identification:_identify(.) by extensions ['colcon_meta']
[0.944s] Level 1:colcon.colcon_core.package_identification:_identify(.) by extension 'colcon_meta'
[0.944s] Level 1:colcon.colcon_core.package_identification:_identify(.) by extensions ['ros']
[0.945s] Level 1:colcon.colcon_core.package_identification:_identify(.) by extension 'ros'
[1.098s] Level 1:colcon.colcon_core.package_identification:_identify(.) by extensions ['cmake', 'python']
[1.098s] Level 1:colcon.colcon_core.package_identification:_identify(.) by extension 'cmake'
[1.098s] Level 1:colcon.colcon_core.package_identification:_identify(.) by extension 'python'
[1.098s] Level 1:colcon.colcon_core.package_identification:_identify(.) by extensions ['python_setup_py']
[1.098s] Level 1:colcon.colcon_core.package_identification:_identify(.) by extension 'python_setup_py'
[1.099s] Level 1:colcon.colcon_core.package_identification:_identify(__pycache__) by extensions ['ignore', 'ignore_ament_install']
[1.099s] Level 1:colcon.colcon_core.package_identification:_identify(__pycache__) by extension 'ignore'
[1.099s] Level 1:colcon.colcon_core.package_identification:_identify(__pycache__) by extension 'ignore_ament_install'
[1.099s] Level 1:colcon.colcon_core.package_identification:_identify(__pycache__) by extensions ['colcon_pkg']
[1.099s] Level 1:colcon.colcon_core.package_identification:_identify(__pycache__) by extension 'colcon_pkg'
[1.099s] Level 1:colcon.colcon_core.package_identification:_identify(__pycache__) by extensions ['colcon_meta']
[1.099s] Level 1:colcon.colcon_core.package_identification:_identify(__pycache__) by extension 'colcon_meta'
[1.099s] Level 1:colcon.colcon_core.package_identification:_identify(__pycache__) by extensions ['ros']
[1.100s] Level 1:colcon.colcon_core.package_identification:_identify(__pycache__) by extension 'ros'
[1.100s] Level 1:colcon.colcon_core.package_identification:_identify(__pycache__) by extensions ['cmake', 'python']
[1.100s] Level 1:colcon.colcon_core.package_identification:_identify(__pycache__) by extension 'cmake'
[1.100s] Level 1:colcon.colcon_core.package_identification:_identify(__pycache__) by extension 'python'
[1.100s] Level 1:colcon.colcon_core.package_identification:_identify(__pycache__) by extensions ['python_setup_py']
[1.100s] Level 1:colcon.colcon_core.package_identification:_identify(__pycache__) by extension 'python_setup_py'
[1.100s] Level 1:colcon.colcon_core.package_identification:_identify(build) by extensions ['ignore', 'ignore_ament_install']
[1.101s] Level 1:colcon.colcon_core.package_identification:_identify(build) by extension 'ignore'
[1.101s] Level 1:colcon.colcon_core.package_identification:_identify(build) ignored
[1.101s] Level 1:colcon.colcon_core.package_identification:_identify(install) by extensions ['ignore', 'ignore_ament_install']
[1.102s] Level 1:colcon.colcon_core.package_identification:_identify(install) by extension 'ignore'
[1.102s] Level 1:colcon.colcon_core.package_identification:_identify(install) ignored
[1.102s] Level 1:colcon.colcon_core.package_identification:_identify(log) by extensions ['ignore', 'ignore_ament_install']
[1.102s] Level 1:colcon.colcon_core.package_identification:_identify(log) by extension 'ignore'
[1.103s] Level 1:colcon.colcon_core.package_identification:_identify(log) ignored
[1.103s] Level 1:colcon.colcon_core.package_identification:_identify(src) by extensions ['ignore', 'ignore_ament_install']
[1.103s] Level 1:colcon.colcon_core.package_identification:_identify(src) by extension 'ignore'
[1.103s] Level 1:colcon.colcon_core.package_identification:_identify(src) by extension 'ignore_ament_install'
[1.103s] Level 1:colcon.colcon_core.package_identification:_identify(src) by extensions ['colcon_pkg']
[1.103s] Level 1:colcon.colcon_core.package_identification:_identify(src) by extension 'colcon_pkg'
[1.103s] Level 1:colcon.colcon_core.package_identification:_identify(src) by extensions ['colcon_meta']
[1.103s] Level 1:colcon.colcon_core.package_identification:_identify(src) by extension 'colcon_meta'
[1.103s] Level 1:colcon.colcon_core.package_identification:_identify(src) by extensions ['ros']
[1.104s] Level 1:colcon.colcon_core.package_identification:_identify(src) by extension 'ros'
[1.104s] Level 1:colcon.colcon_core.package_identification:_identify(src) by extensions ['cmake', 'python']
[1.104s] Level 1:colcon.colcon_core.package_identification:_identify(src) by extension 'cmake'
[1.104s] Level 1:colcon.colcon_core.package_identification:_identify(src) by extension 'python'
[1.104s] Level 1:colcon.colcon_core.package_identification:_identify(src) by extensions ['python_setup_py']
[1.104s] Level 1:colcon.colcon_core.package_identification:_identify(src) by extension 'python_setup_py'
[1.104s] Level 1:colcon.colcon_core.package_identification:_identify(src/marl_car_ros2) by extensions ['ignore', 'ignore_ament_install']
[1.105s] Level 1:colcon.colcon_core.package_identification:_identify(src/marl_car_ros2) by extension 'ignore'
[1.106s] Level 1:colcon.colcon_core.package_identification:_identify(src/marl_car_ros2) by extension 'ignore_ament_install'
[1.106s] Level 1:colcon.colcon_core.package_identification:_identify(src/marl_car_ros2) by extensions ['colcon_pkg']
[1.106s] Level 1:colcon.colcon_core.package_identification:_identify(src/marl_car_ros2) by extension 'colcon_pkg'
[1.106s] Level 1:colcon.colcon_core.package_identification:_identify(src/marl_car_ros2) by extensions ['colcon_meta']
[1.106s] Level 1:colcon.colcon_core.package_identification:_identify(src/marl_car_ros2) by extension 'colcon_meta'
[1.106s] Level 1:colcon.colcon_core.package_identification:_identify(src/marl_car_ros2) by extensions ['ros']
[1.106s] Level 1:colcon.colcon_core.package_identification:_identify(src/marl_car_ros2) by extension 'ros'
[1.112s] DEBUG:colcon.colcon_core.package_identification:Package 'src/marl_car_ros2' with type 'ros.ament_python' and name 'marl_car_ros2'
[1.113s] Level 1:colcon.colcon_core.package_identification:_identify(src/marl_nav2_plugins) by extensions ['ignore', 'ignore_ament_install']
[1.113s] Level 1:colcon.colcon_core.package_identification:_identify(src/marl_nav2_plugins) by extension 'ignore'
[1.113s] Level 1:colcon.colcon_core.package_identification:_identify(src/marl_nav2_plugins) by extension 'ignore_ament_install'
[1.113s] Level 1:colcon.colcon_core.package_identification:_identify(src/marl_nav2_plugins) by extensions ['colcon_pkg']
[1.113s] Level 1:colcon.colcon_core.package_identification:_identify(src/marl_nav2_plugins) by extension 'colcon_pkg'
[1.113s] Level 1:colcon.colcon_core.package_identification:_identify(src/marl_nav2_plugins) by extensions ['colcon_meta']
[1.113s] Level 1:colcon.colcon_core.package_identification:_identify(src/marl_nav2_plugins) by extension 'colcon_meta'
[1.114s] Level 1:colcon.colcon_core.package_identification:_identify(src/marl_nav2_plugins) by extensions ['ros']
[1.114s] Level 1:colcon.colcon_core.package_identification:_identify(src/marl_nav2_plugins) by extension 'ros'
[1.115s] DEBUG:colcon.colcon_core.package_identification:Package 'src/marl_nav2_plugins' with type 'ros.ament_cmake' and name 'marl_nav2_plugins'
[1.115s] Level 1:colcon.colcon_core.package_discovery:discover_packages(recursive) using defaults
[1.115s] Level 1:colcon.colcon_core.package_discovery:discover_packages(ignore) discover
[1.115s] Level 1:colcon.colcon_core.package_discovery:discover_packages(ignore) using defaults
[1.115s] Level 1:colcon.colcon_core.package_discovery:discover_packages(path) discover
[1.115s] Level 1:colcon.colcon_core.package_discovery:discover_packages(path) using defaults
[1.149s] INFO:colcon.colcon_core.package_selection:Skipping not selected package 'marl_nav2_plugins' in 'src/marl_nav2_plugins'
[1.150s] Level 1:colcon.colcon_core.package_discovery:discover_packages(prefix_path) check parameters
[1.150s] Level 1:colcon.colcon_core.package_discovery:discover_packages(prefix_path) discover
[1.155s] DEBUG:colcon.colcon_installed_package_information.package_discovery:Found 388 installed packages in /opt/ros/jazzy
[1.159s] Level 1:colcon.colcon_core.package_discovery:discover_packages(prefix_path) using defaults
[1.247s] Level 5:colcon.colcon_core.verb:set package 'marl_car_ros2' build argument 'cmake_args' from command line to 'None'
[1.247s] Level 5:colcon.colcon_core.verb:set package 'marl_car_ros2' build argument 'cmake_target' from command line to 'None'
[1.247s] Level 5:colcon.colcon_core.verb:set package 'marl_car_ros2' build argument 'cmake_target_skip_unavailable' from command line to 'False'
[1.247s] Level 5:colcon.colcon_core.verb:set package 'marl_car_ros2' build argument 'cmake_clean_cache' from command line to 'False'
[1.247s] Level 5:colcon.colcon_core.verb:set package 'marl_car_ros2' build argument 'cmake_clean_first' from command line to 'False'
[1.247s] Level 5:colcon.colcon_core.verb:set package 'marl_car_ros2' build argument 'cmake_force_configure' from command line to 'False'
[1.247s] Level 5:colcon.colcon_core.verb:set package 'marl_car_ros2' build argument 'ament_cmake_args' from command line to 'None'
[1.247s] Level 5:colcon.colcon_core.verb:set package 'marl_car_ros2' build argument 'catkin_cmake_args' from command line to 'None'
[1.247s] Level 5:colcon.colcon_core.verb:set package 'marl_car_ros2' build argument 'catkin_skip_building_tests' from command line to 'False'
[1.248s] DEBUG:colcon.colcon_core.verb:Building package 'marl_car_ros2' with the following arguments: {'ament_cmake_args': None, 'build_base': '/home/grok/ros2_ws/build/marl_car_ros2', 'catkin_cmake_args': None, 'catkin_skip_building_tests': False, 'cmake_args': None, 'cmake_clean_cache': False, 'cmake_clean_first': False, 'cmake_force_configure': False, 'cmake_target': None, 'cmake_target_skip_unavailable': False, 'install_base': '/home/grok/ros2_ws/install/marl_car_ros2', 'merge_install': False, 'path': '/home/grok/ros2_ws/src/marl_car_ros2', 'symlink_install': False, 'test_result_base': None}
[1.248s] INFO:colcon.colcon_core.executor:Executing jobs using 'parallel' executor
[1.249s] DEBUG:colcon.colcon_parallel_executor.executor.parallel:run_until_complete
[1.250s] INFO:colcon.colcon_ros.task.ament_python.build:Building ROS package in '/home/grok/ros2_ws/src/marl_car_ros2' with build type 'ament_python'
[1.250s] Level 1:colcon.colcon_core.shell:create_environment_hook('marl_car_ros2', 'ament_prefix_path')
[1.253s] INFO:colcon.colcon_core.plugin_system:Skipping extension 'colcon_core.shell.bat': Not used on non-Windows systems
[1.254s] INFO:colcon.colcon_core.shell:Creating environment hook '/home/grok/ros2_ws/install/marl_car_ros2/share/marl_car_ros2/hook/ament_prefix_path.ps1'
[1.255s] INFO:colcon.colcon_core.shell:Creating environment descriptor '/home/grok/ros2_ws/install/marl_car_ros2/share/marl_car_ros2/hook/ament_prefix_path.dsv'
[1.256s] INFO:colcon.colcon_core.shell:Creating environment hook '/home/grok/ros2_ws/install/marl_car_ros2/share/marl_car_ros2/hook/ament_prefix_path.sh'
[1.258s] INFO:colcon.colcon_core.shell:Skip shell extension 'powershell' for command environment: Not usable outside of PowerShell
[1.258s] DEBUG:colcon.colcon_core.shell:Skip shell extension 'dsv' for command environment
[1.704s] INFO:colcon.colcon_core.task.python.build:Building Python package in '/home/grok/ros2_ws/src/marl_car_ros2'
[1.704s] INFO:colcon.colcon_core.shell:Skip shell extension 'powershell' for command environment: Not usable outside of PowerShell
[1.705s] DEBUG:colcon.colcon_core.shell:Skip shell extension 'dsv' for command environment
[2.886s] DEBUG:colcon.colcon_core.event_handler.log_command:Invoking command in '/home/grok/ros2_ws/src/marl_car_ros2': PYTHONPATH=/home/grok/ros2_ws/build/marl_car_ros2/prefix_override:/usr/lib/python3/dist-packages/colcon_core/task/python/colcon_distutils_commands:/home/grok/ros2_ws/install/marl_car_ros2/lib/python3.12/site-packages:${PYTHONPATH} /usr/bin/python3 -W ignore:setup.py install is deprecated -W ignore:easy_install command is deprecated setup.py egg_info --egg-base ../../build/marl_car_ros2 build --build-base /home/grok/ros2_ws/build/marl_car_ros2/build install --record /home/grok/ros2_ws/build/marl_car_ros2/install.log --single-version-externally-managed install_data
[4.371s] Level 1:colcon.colcon_core.environment:checking '/home/grok/ros2_ws/install/marl_car_ros2' for CMake module files
[4.372s] Level 1:colcon.colcon_core.environment:checking '/home/grok/ros2_ws/install/marl_car_ros2' for CMake config files
[4.373s] Level 1:colcon.colcon_core.environment:checking '/home/grok/ros2_ws/install/marl_car_ros2/lib'
[4.374s] Level 1:colcon.colcon_core.environment:checking '/home/grok/ros2_ws/install/marl_car_ros2/bin'
[4.374s] Level 1:colcon.colcon_core.environment:checking '/home/grok/ros2_ws/install/marl_car_ros2/lib/pkgconfig/marl_car_ros2.pc'
[4.375s] Level 1:colcon.colcon_core.environment:checking '/home/grok/ros2_ws/install/marl_car_ros2/lib/python3.12/site-packages'
[4.375s] DEBUG:colcon.colcon_core.event_handler.log_command:Invoked command in '/home/grok/ros2_ws/src/marl_car_ros2' returned '0': PYTHONPATH=/home/grok/ros2_ws/build/marl_car_ros2/prefix_override:/usr/lib/python3/dist-packages/colcon_core/task/python/colcon_distutils_commands:/home/grok/ros2_ws/install/marl_car_ros2/lib/python3.12/site-packages:${PYTHONPATH} /usr/bin/python3 -W ignore:setup.py install is deprecated -W ignore:easy_install command is deprecated setup.py egg_info --egg-base ../../build/marl_car_ros2 build --build-base /home/grok/ros2_ws/build/marl_car_ros2/build install --record /home/grok/ros2_ws/build/marl_car_ros2/install.log --single-version-externally-managed install_data
[4.375s] Level 1:colcon.colcon_core.shell:create_environment_hook('marl_car_ros2', 'pythonpath')
[4.376s] INFO:colcon.colcon_core.shell:Creating environment hook '/home/grok/ros2_ws/install/marl_car_ros2/share/marl_car_ros2/hook/pythonpath.ps1'
[4.377s] INFO:colcon.colcon_core.shell:Creating environment descriptor '/home/grok/ros2_ws/install/marl_car_ros2/share/marl_car_ros2/hook/pythonpath.dsv'
[4.377s] INFO:colcon.colcon_core.shell:Creating environment hook '/home/grok/ros2_ws/install/marl_car_ros2/share/marl_car_ros2/hook/pythonpath.sh'
[4.378s] Level 1:colcon.colcon_core.environment:checking '/home/grok/ros2_ws/install/marl_car_ros2/bin'
[4.378s] Level 1:colcon.colcon_core.environment:create_environment_scripts_only(marl_car_ros2)
[4.379s] INFO:colcon.colcon_core.shell:Creating package script '/home/grok/ros2_ws/install/marl_car_ros2/share/marl_car_ros2/package.ps1'
[4.381s] INFO:colcon.colcon_core.shell:Creating package descriptor '/home/grok/ros2_ws/install/marl_car_ros2/share/marl_car_ros2/package.dsv'
[4.383s] INFO:colcon.colcon_core.shell:Creating package script '/home/grok/ros2_ws/install/marl_car_ros2/share/marl_car_ros2/package.sh'
[4.385s] INFO:colcon.colcon_core.shell:Creating package script '/home/grok/ros2_ws/install/marl_car_ros2/share/marl_car_ros2/package.bash'
[4.387s] INFO:colcon.colcon_core.shell:Creating package script '/home/grok/ros2_ws/install/marl_car_ros2/share/marl_car_ros2/package.zsh'
[4.389s] Level 1:colcon.colcon_core.environment:create_file_with_runtime_dependencies(/home/grok/ros2_ws/install/marl_car_ros2/share/colcon-core/packages/marl_car_ros2)
[4.390s] DEBUG:colcon.colcon_parallel_executor.executor.parallel:closing loop
[4.390s] DEBUG:colcon.colcon_parallel_executor.executor.parallel:loop closed
[4.391s] DEBUG:colcon.colcon_parallel_executor.executor.parallel:run_until_complete finished with '0'
[4.391s] DEBUG:colcon.colcon_core.event_reactor:joining thread
[5.199s] INFO:colcon.colcon_core.plugin_system:Skipping extension 'colcon_notification.desktop_notification.notify_send': Could not find 'notify-send'
[5.199s] INFO:colcon.colcon_core.plugin_system:Skipping extension 'colcon_notification.desktop_notification.terminal_notifier': Not used on non-Darwin systems
[5.199s] INFO:colcon.colcon_core.plugin_system:Skipping extension 'colcon_notification.desktop_notification.win32': Not used on non-Windows systems
[5.199s] INFO:colcon.colcon_notification.desktop_notification:Sending desktop notification using 'notify2'
[5.200s] DEBUG:colcon.colcon_notification.desktop_notification.notify2:Failed to initialize notify2: org.freedesktop.DBus.Error.ServiceUnknown: The name org.freedesktop.Notifications was not provided by any .service files
[5.201s] DEBUG:colcon.colcon_core.event_reactor:joined thread
[5.201s] INFO:colcon.colcon_core.shell:Creating prefix script '/home/grok/ros2_ws/install/local_setup.ps1'
[5.202s] INFO:colcon.colcon_core.shell:Creating prefix util module '/home/grok/ros2_ws/install/_local_setup_util_ps1.py'
[5.204s] INFO:colcon.colcon_core.shell:Creating prefix chain script '/home/grok/ros2_ws/install/setup.ps1'
[5.205s] INFO:colcon.colcon_core.shell:Creating prefix script '/home/grok/ros2_ws/install/local_setup.sh'
[5.206s] INFO:colcon.colcon_core.shell:Creating prefix util module '/home/grok/ros2_ws/install/_local_setup_util_sh.py'
[5.207s] INFO:colcon.colcon_core.shell:Creating prefix chain script '/home/grok/ros2_ws/install/setup.sh'
[5.208s] INFO:colcon.colcon_core.shell:Creating prefix script '/home/grok/ros2_ws/install/local_setup.bash'
[5.210s] INFO:colcon.colcon_core.shell:Creating prefix chain script '/home/grok/ros2_ws/install/setup.bash'
[5.212s] INFO:colcon.colcon_core.shell:Creating prefix script '/home/grok/ros2_ws/install/local_setup.zsh'
[5.212s] INFO:colcon.colcon_core.shell:Creating prefix chain script '/home/grok/ros2_ws/install/setup.zsh'
