[0.786s] Invoking command in '/home/grok/ros2_ws/build/marl_car_ros2': PYTHONPATH=/home/grok/ros2_ws/build/marl_car_ros2/prefix_override:/usr/lib/python3/dist-packages/colcon_core/task/python/colcon_distutils_commands:/home/grok/ros2_ws/install/marl_car_ros2/lib/python3.12/site-packages:${PYTHONPATH} /usr/bin/python3 -W ignore:setup.py install is deprecated -W ignore:easy_install command is deprecated setup.py develop --uninstall --editable --build-directory /home/grok/ros2_ws/build/marl_car_ros2/build
[1.010s] running develop
[1.153s] Removing /home/grok/ros2_ws/install/marl_car_ros2/lib/python3.12/site-packages/marl-car-ros2.egg-link (link to .)
[1.175s] Invoked command in '/home/grok/ros2_ws/build/marl_car_ros2' returned '0': PYTHONPATH=/home/grok/ros2_ws/build/marl_car_ros2/prefix_override:/usr/lib/python3/dist-packages/colcon_core/task/python/colcon_distutils_commands:/home/grok/ros2_ws/install/marl_car_ros2/lib/python3.12/site-packages:${PYTHONPATH} /usr/bin/python3 -W ignore:setup.py install is deprecated -W ignore:easy_install command is deprecated setup.py develop --uninstall --editable --build-directory /home/grok/ros2_ws/build/marl_car_ros2/build
[1.177s] Invoking command in '/home/grok/ros2_ws/src/marl_car_ros2': PYTHONPATH=/home/grok/ros2_ws/build/marl_car_ros2/prefix_override:/usr/lib/python3/dist-packages/colcon_core/task/python/colcon_distutils_commands:/home/grok/ros2_ws/install/marl_car_ros2/lib/python3.12/site-packages:${PYTHONPATH} /usr/bin/python3 -W ignore:setup.py install is deprecated -W ignore:easy_install command is deprecated setup.py egg_info --egg-base ../../build/marl_car_ros2 build --build-base /home/grok/ros2_ws/build/marl_car_ros2/build install --record /home/grok/ros2_ws/build/marl_car_ros2/install.log --single-version-externally-managed install_data --force
[1.371s] running egg_info
[1.387s] writing ../../build/marl_car_ros2/marl_car_ros2.egg-info/PKG-INFO
[1.387s] writing dependency_links to ../../build/marl_car_ros2/marl_car_ros2.egg-info/dependency_links.txt
[1.388s] writing entry points to ../../build/marl_car_ros2/marl_car_ros2.egg-info/entry_points.txt
[1.388s] writing requirements to ../../build/marl_car_ros2/marl_car_ros2.egg-info/requires.txt
[1.388s] writing top-level names to ../../build/marl_car_ros2/marl_car_ros2.egg-info/top_level.txt
[1.424s] reading manifest file '../../build/marl_car_ros2/marl_car_ros2.egg-info/SOURCES.txt'
[1.426s] writing manifest file '../../build/marl_car_ros2/marl_car_ros2.egg-info/SOURCES.txt'
[1.426s] running build
[1.426s] running build_py
[1.426s] copying marl_car_ros2/supervisor_node.py -> /home/grok/ros2_ws/build/marl_car_ros2/build/lib/marl_car_ros2
[1.429s] copying marl_car_ros2/shared_types.py -> /home/grok/ros2_ws/build/marl_car_ros2/build/lib/marl_car_ros2
[1.429s] copying marl_car_ros2/task_agent.py -> /home/grok/ros2_ws/build/marl_car_ros2/build/lib/marl_car_ros2
[1.430s] copying marl_car_ros2/nav_tf_bridge_node.py -> /home/grok/ros2_ws/build/marl_car_ros2/build/lib/marl_car_ros2
[1.430s] copying marl_car_ros2/monitor_logger_node.py -> /home/grok/ros2_ws/build/marl_car_ros2/build/lib/marl_car_ros2
[1.431s] running install
[1.436s] running install_lib
[1.453s] creating /home/grok/ros2_ws/install/marl_car_ros2/lib/python3.12/site-packages/marl_car_ros2
[1.453s] copying /home/grok/ros2_ws/build/marl_car_ros2/build/lib/marl_car_ros2/train_rllib.py -> /home/grok/ros2_ws/install/marl_car_ros2/lib/python3.12/site-packages/marl_car_ros2
[1.453s] copying /home/grok/ros2_ws/build/marl_car_ros2/build/lib/marl_car_ros2/evaluation_metrics.py -> /home/grok/ros2_ws/install/marl_car_ros2/lib/python3.12/site-packages/marl_car_ros2
[1.454s] copying /home/grok/ros2_ws/build/marl_car_ros2/build/lib/marl_car_ros2/observation_builder.py -> /home/grok/ros2_ws/install/marl_car_ros2/lib/python3.12/site-packages/marl_car_ros2
[1.454s] copying /home/grok/ros2_ws/build/marl_car_ros2/build/lib/marl_car_ros2/termination_checker.py -> /home/grok/ros2_ws/install/marl_car_ros2/lib/python3.12/site-packages/marl_car_ros2
[1.455s] copying /home/grok/ros2_ws/build/marl_car_ros2/build/lib/marl_car_ros2/agent_trace.py -> /home/grok/ros2_ws/install/marl_car_ros2/lib/python3.12/site-packages/marl_car_ros2
[1.455s] copying /home/grok/ros2_ws/build/marl_car_ros2/build/lib/marl_car_ros2/__init__.py -> /home/grok/ros2_ws/install/marl_car_ros2/lib/python3.12/site-packages/marl_car_ros2
[1.455s] copying /home/grok/ros2_ws/build/marl_car_ros2/build/lib/marl_car_ros2/decision_protocol.py -> /home/grok/ros2_ws/install/marl_car_ros2/lib/python3.12/site-packages/marl_car_ros2
[1.456s] copying /home/grok/ros2_ws/build/marl_car_ros2/build/lib/marl_car_ros2/multi_agent_game.py -> /home/grok/ros2_ws/install/marl_car_ros2/lib/python3.12/site-packages/marl_car_ros2
[1.456s] copying /home/grok/ros2_ws/build/marl_car_ros2/build/lib/marl_car_ros2/reward_evaluator.py -> /home/grok/ros2_ws/install/marl_car_ros2/lib/python3.12/site-packages/marl_car_ros2
[1.456s] copying /home/grok/ros2_ws/build/marl_car_ros2/build/lib/marl_car_ros2/supervisor_node.py -> /home/grok/ros2_ws/install/marl_car_ros2/lib/python3.12/site-packages/marl_car_ros2
[1.456s] copying /home/grok/ros2_ws/build/marl_car_ros2/build/lib/marl_car_ros2/shared_types.py -> /home/grok/ros2_ws/install/marl_car_ros2/lib/python3.12/site-packages/marl_car_ros2
[1.456s] copying /home/grok/ros2_ws/build/marl_car_ros2/build/lib/marl_car_ros2/scenario_mutator.py -> /home/grok/ros2_ws/install/marl_car_ros2/lib/python3.12/site-packages/marl_car_ros2
[1.456s] copying /home/grok/ros2_ws/build/marl_car_ros2/build/lib/marl_car_ros2/task_agent.py -> /home/grok/ros2_ws/install/marl_car_ros2/lib/python3.12/site-packages/marl_car_ros2
[1.457s] copying /home/grok/ros2_ws/build/marl_car_ros2/build/lib/marl_car_ros2/baseline_nav_node.py -> /home/grok/ros2_ws/install/marl_car_ros2/lib/python3.12/site-packages/marl_car_ros2
[1.457s] copying /home/grok/ros2_ws/build/marl_car_ros2/build/lib/marl_car_ros2/dummy_joint_runner.py -> /home/grok/ros2_ws/install/marl_car_ros2/lib/python3.12/site-packages/marl_car_ros2
[1.457s] copying /home/grok/ros2_ws/build/marl_car_ros2/build/lib/marl_car_ros2/pettingzoo_adapter.py -> /home/grok/ros2_ws/install/marl_car_ros2/lib/python3.12/site-packages/marl_car_ros2
[1.457s] copying /home/grok/ros2_ws/build/marl_car_ros2/build/lib/marl_car_ros2/world_model_mutator.py -> /home/grok/ros2_ws/install/marl_car_ros2/lib/python3.12/site-packages/marl_car_ros2
[1.457s] copying /home/grok/ros2_ws/build/marl_car_ros2/build/lib/marl_car_ros2/marl_env_wrapper.py -> /home/grok/ros2_ws/install/marl_car_ros2/lib/python3.12/site-packages/marl_car_ros2
[1.457s] copying /home/grok/ros2_ws/build/marl_car_ros2/build/lib/marl_car_ros2/nav_tf_bridge_node.py -> /home/grok/ros2_ws/install/marl_car_ros2/lib/python3.12/site-packages/marl_car_ros2
[1.457s] copying /home/grok/ros2_ws/build/marl_car_ros2/build/lib/marl_car_ros2/monitor_logger_node.py -> /home/grok/ros2_ws/install/marl_car_ros2/lib/python3.12/site-packages/marl_car_ros2
[1.457s] byte-compiling /home/grok/ros2_ws/install/marl_car_ros2/lib/python3.12/site-packages/marl_car_ros2/train_rllib.py to train_rllib.cpython-312.pyc
[1.461s] byte-compiling /home/grok/ros2_ws/install/marl_car_ros2/lib/python3.12/site-packages/marl_car_ros2/evaluation_metrics.py to evaluation_metrics.cpython-312.pyc
[1.462s] byte-compiling /home/grok/ros2_ws/install/marl_car_ros2/lib/python3.12/site-packages/marl_car_ros2/observation_builder.py to observation_builder.cpython-312.pyc
[1.465s] byte-compiling /home/grok/ros2_ws/install/marl_car_ros2/lib/python3.12/site-packages/marl_car_ros2/termination_checker.py to termination_checker.cpython-312.pyc
[1.466s] byte-compiling /home/grok/ros2_ws/install/marl_car_ros2/lib/python3.12/site-packages/marl_car_ros2/agent_trace.py to agent_trace.cpython-312.pyc
[1.467s] byte-compiling /home/grok/ros2_ws/install/marl_car_ros2/lib/python3.12/site-packages/marl_car_ros2/__init__.py to __init__.cpython-312.pyc
[1.467s] byte-compiling /home/grok/ros2_ws/install/marl_car_ros2/lib/python3.12/site-packages/marl_car_ros2/decision_protocol.py to decision_protocol.cpython-312.pyc
[1.468s] byte-compiling /home/grok/ros2_ws/install/marl_car_ros2/lib/python3.12/site-packages/marl_car_ros2/multi_agent_game.py to multi_agent_game.cpython-312.pyc
[1.471s] byte-compiling /home/grok/ros2_ws/install/marl_car_ros2/lib/python3.12/site-packages/marl_car_ros2/reward_evaluator.py to reward_evaluator.cpython-312.pyc
[1.472s] byte-compiling /home/grok/ros2_ws/install/marl_car_ros2/lib/python3.12/site-packages/marl_car_ros2/supervisor_node.py to supervisor_node.cpython-312.pyc
[1.478s] byte-compiling /home/grok/ros2_ws/install/marl_car_ros2/lib/python3.12/site-packages/marl_car_ros2/shared_types.py to shared_types.cpython-312.pyc
[1.479s] byte-compiling /home/grok/ros2_ws/install/marl_car_ros2/lib/python3.12/site-packages/marl_car_ros2/scenario_mutator.py to scenario_mutator.cpython-312.pyc
[1.481s] byte-compiling /home/grok/ros2_ws/install/marl_car_ros2/lib/python3.12/site-packages/marl_car_ros2/task_agent.py to task_agent.cpython-312.pyc
[1.484s] byte-compiling /home/grok/ros2_ws/install/marl_car_ros2/lib/python3.12/site-packages/marl_car_ros2/baseline_nav_node.py to baseline_nav_node.cpython-312.pyc
[1.485s] byte-compiling /home/grok/ros2_ws/install/marl_car_ros2/lib/python3.12/site-packages/marl_car_ros2/dummy_joint_runner.py to dummy_joint_runner.cpython-312.pyc
[1.485s] byte-compiling /home/grok/ros2_ws/install/marl_car_ros2/lib/python3.12/site-packages/marl_car_ros2/pettingzoo_adapter.py to pettingzoo_adapter.cpython-312.pyc
[1.487s] byte-compiling /home/grok/ros2_ws/install/marl_car_ros2/lib/python3.12/site-packages/marl_car_ros2/world_model_mutator.py to world_model_mutator.cpython-312.pyc
[1.487s] byte-compiling /home/grok/ros2_ws/install/marl_car_ros2/lib/python3.12/site-packages/marl_car_ros2/marl_env_wrapper.py to marl_env_wrapper.cpython-312.pyc
[1.490s] byte-compiling /home/grok/ros2_ws/install/marl_car_ros2/lib/python3.12/site-packages/marl_car_ros2/nav_tf_bridge_node.py to nav_tf_bridge_node.cpython-312.pyc
[1.490s] byte-compiling /home/grok/ros2_ws/install/marl_car_ros2/lib/python3.12/site-packages/marl_car_ros2/monitor_logger_node.py to monitor_logger_node.cpython-312.pyc
[1.495s] running install_data
[1.495s] copying resource/marl_car_ros2 -> /home/grok/ros2_ws/install/marl_car_ros2/share/ament_index/resource_index/packages
[1.496s] copying package.xml -> /home/grok/ros2_ws/install/marl_car_ros2/share/marl_car_ros2
[1.496s] copying launch/marl_stack_minimal.launch.py -> /home/grok/ros2_ws/install/marl_car_ros2/share/marl_car_ros2/launch
[1.497s] copying launch/baseline_nav2.launch.py -> /home/grok/ros2_ws/install/marl_car_ros2/share/marl_car_ros2/launch
[1.497s] copying launch/evaluation.launch.py -> /home/grok/ros2_ws/install/marl_car_ros2/share/marl_car_ros2/launch
[1.497s] copying launch/sim.launch.py -> /home/grok/ros2_ws/install/marl_car_ros2/share/marl_car_ros2/launch
[1.497s] copying launch/agent_nav2.launch.py -> /home/grok/ros2_ws/install/marl_car_ros2/share/marl_car_ros2/launch
[1.498s] copying launch/nav2_visualization.launch.py -> /home/grok/ros2_ws/install/marl_car_ros2/share/marl_car_ros2/launch
[1.498s] copying launch/marl_stack.launch.py -> /home/grok/ros2_ws/install/marl_car_ros2/share/marl_car_ros2/launch
[1.498s] copying config/nav2_params.yaml -> /home/grok/ros2_ws/install/marl_car_ros2/share/marl_car_ros2/config
[1.498s] copying rviz/nav2_default.rviz -> /home/grok/ros2_ws/install/marl_car_ros2/share/marl_car_ros2/rviz
[1.498s] creating /home/grok/ros2_ws/install/marl_car_ros2/share/marl_car_ros2/urdf
[1.498s] copying urdf/simple_marl_car.urdf -> /home/grok/ros2_ws/install/marl_car_ros2/share/marl_car_ros2/urdf
[1.499s] copying worlds/minimal.world -> /home/grok/ros2_ws/install/marl_car_ros2/share/marl_car_ros2/worlds
[1.499s] copying models/simple_marl_car/model.config -> /home/grok/ros2_ws/install/marl_car_ros2/share/marl_car_ros2/models/simple_marl_car
[1.499s] copying models/simple_marl_car/model.sdf -> /home/grok/ros2_ws/install/marl_car_ros2/share/marl_car_ros2/models/simple_marl_car
[1.499s] running install_egg_info
[1.516s] Copying ../../build/marl_car_ros2/marl_car_ros2.egg-info to /home/grok/ros2_ws/install/marl_car_ros2/lib/python3.12/site-packages/marl_car_ros2-0.1.0-py3.12.egg-info
[1.520s] running install_scripts
[1.631s] Installing baseline_nav_node script to /home/grok/ros2_ws/install/marl_car_ros2/lib/marl_car_ros2
[1.631s] Installing dummy_joint_runner script to /home/grok/ros2_ws/install/marl_car_ros2/lib/marl_car_ros2
[1.632s] Installing evaluation_metrics script to /home/grok/ros2_ws/install/marl_car_ros2/lib/marl_car_ros2
[1.632s] Installing monitor_logger script to /home/grok/ros2_ws/install/marl_car_ros2/lib/marl_car_ros2
[1.633s] Installing multi_agent_game script to /home/grok/ros2_ws/install/marl_car_ros2/lib/marl_car_ros2
[1.633s] Installing nav_tf_bridge script to /home/grok/ros2_ws/install/marl_car_ros2/lib/marl_car_ros2
[1.633s] Installing scenario_mutator script to /home/grok/ros2_ws/install/marl_car_ros2/lib/marl_car_ros2
[1.633s] Installing supervisor_node script to /home/grok/ros2_ws/install/marl_car_ros2/lib/marl_car_ros2
[1.633s] Installing task_agent script to /home/grok/ros2_ws/install/marl_car_ros2/lib/marl_car_ros2
[1.634s] Installing train_rllib script to /home/grok/ros2_ws/install/marl_car_ros2/lib/marl_car_ros2
[1.634s] Installing world_model_mutator script to /home/grok/ros2_ws/install/marl_car_ros2/lib/marl_car_ros2
[1.634s] writing list of installed files to '/home/grok/ros2_ws/build/marl_car_ros2/install.log'
[1.680s] Invoked command in '/home/grok/ros2_ws/src/marl_car_ros2' returned '0': PYTHONPATH=/home/grok/ros2_ws/build/marl_car_ros2/prefix_override:/usr/lib/python3/dist-packages/colcon_core/task/python/colcon_distutils_commands:/home/grok/ros2_ws/install/marl_car_ros2/lib/python3.12/site-packages:${PYTHONPATH} /usr/bin/python3 -W ignore:setup.py install is deprecated -W ignore:easy_install command is deprecated setup.py egg_info --egg-base ../../build/marl_car_ros2 build --build-base /home/grok/ros2_ws/build/marl_car_ros2/build install --record /home/grok/ros2_ws/build/marl_car_ros2/install.log --single-version-externally-managed install_data --force
