[2.307s] Invoking command in '/home/grok/ros2_ws/src/marl_car_ros2': PYTHONPATH=/home/grok/ros2_ws/build/marl_car_ros2/prefix_override:/usr/lib/python3/dist-packages/colcon_core/task/python/colcon_distutils_commands:/home/grok/ros2_ws/install/marl_car_ros2/lib/python3.12/site-packages:${PYTHONPATH} /usr/bin/python3 -W ignore:setup.py install is deprecated -W ignore:easy_install command is deprecated setup.py egg_info --egg-base ../../build/marl_car_ros2 build --build-base /home/grok/ros2_ws/build/marl_car_ros2/build install --record /home/grok/ros2_ws/build/marl_car_ros2/install.log --single-version-externally-managed install_data
[2.937s] running egg_info
[2.972s] writing ../../build/marl_car_ros2/marl_car_ros2.egg-info/PKG-INFO
[2.972s] writing dependency_links to ../../build/marl_car_ros2/marl_car_ros2.egg-info/dependency_links.txt
[2.974s] writing entry points to ../../build/marl_car_ros2/marl_car_ros2.egg-info/entry_points.txt
[2.974s] writing requirements to ../../build/marl_car_ros2/marl_car_ros2.egg-info/requires.txt
[2.974s] writing top-level names to ../../build/marl_car_ros2/marl_car_ros2.egg-info/top_level.txt
[3.057s] reading manifest file '../../build/marl_car_ros2/marl_car_ros2.egg-info/SOURCES.txt'
[3.062s] writing manifest file '../../build/marl_car_ros2/marl_car_ros2.egg-info/SOURCES.txt'
[3.062s] running build
[3.062s] running build_py
[3.063s] running install
[3.078s] running install_lib
[3.118s] running install_data
[3.118s] running install_egg_info
[3.178s] removing '/home/grok/ros2_ws/install/marl_car_ros2/lib/python3.12/site-packages/marl_car_ros2-0.1.0-py3.12.egg-info' (and everything under it)
[3.178s] Copying ../../build/marl_car_ros2/marl_car_ros2.egg-info to /home/grok/ros2_ws/install/marl_car_ros2/lib/python3.12/site-packages/marl_car_ros2-0.1.0-py3.12.egg-info
[3.178s] running install_scripts
[3.456s] Installing dummy_joint_runner script to /home/grok/ros2_ws/install/marl_car_ros2/lib/marl_car_ros2
[3.458s] Installing evaluation_metrics script to /home/grok/ros2_ws/install/marl_car_ros2/lib/marl_car_ros2
[3.458s] Installing monitor_logger script to /home/grok/ros2_ws/install/marl_car_ros2/lib/marl_car_ros2
[3.458s] Installing multi_agent_game script to /home/grok/ros2_ws/install/marl_car_ros2/lib/marl_car_ros2
[3.458s] Installing train_rllib script to /home/grok/ros2_ws/install/marl_car_ros2/lib/marl_car_ros2
[3.459s] Installing world_model_mutator script to /home/grok/ros2_ws/install/marl_car_ros2/lib/marl_car_ros2
[3.459s] writing list of installed files to '/home/grok/ros2_ws/build/marl_car_ros2/install.log'
[3.594s] Invoked command in '/home/grok/ros2_ws/src/marl_car_ros2' returned '0': PYTHONPATH=/home/grok/ros2_ws/build/marl_car_ros2/prefix_override:/usr/lib/python3/dist-packages/colcon_core/task/python/colcon_distutils_commands:/home/grok/ros2_ws/install/marl_car_ros2/lib/python3.12/site-packages:${PYTHONPATH} /usr/bin/python3 -W ignore:setup.py install is deprecated -W ignore:easy_install command is deprecated setup.py egg_info --egg-base ../../build/marl_car_ros2 build --build-base /home/grok/ros2_ws/build/marl_car_ros2/build install --record /home/grok/ros2_ws/build/marl_car_ros2/install.log --single-version-externally-managed install_data
