[0.491s] DEBUG:colcon:Command line arguments: ['/usr/bin/colcon', 'build', '--packages-select', 'marl_nav2_plugins']
[0.492s] DEBUG:colcon:Parsed command line arguments: Namespace(log_base=None, log_level=None, verb_name='build', build_base='build', install_base='install', merge_install=False, symlink_install=False, test_result_base=None, continue_on_error=False, executor='parallel', parallel_workers=16, event_handlers=None, ignore_user_meta=False, metas=['./colcon.meta'], base_paths=['.'], packages_ignore=None, packages_ignore_regex=None, paths=None, packages_up_to=None, packages_up_to_regex=None, packages_above=None, packages_above_and_dependencies=None, packages_above_depth=None, packages_select_by_dep=None, packages_skip_by_dep=None, packages_skip_up_to=None, packages_select_build_failed=False, packages_skip_build_finished=False, packages_select_test_failures=False, packages_skip_test_passed=False, packages_select=['marl_nav2_plugins'], packages_skip=None, packages_select_regex=None, packages_skip_regex=None, packages_start=None, packages_end=None, allow_overriding=[], cmake_args=None, cmake_target=None, cmake_target_skip_unavailable=False, cmake_clean_cache=False, cmake_clean_first=False, cmake_force_configure=False, ament_cmake_args=None, catkin_cmake_args=None, catkin_skip_building_tests=False, mixin_files=None, mixin=None, verb_parser=<colcon_mixin.mixin.mixin_argument.MixinArgumentDecorator object at 0x7b47dd18b860>, verb_extension=<colcon_core.verb.build.BuildVerb object at 0x7b47dd2bf800>, main=<bound method BuildVerb.main of <colcon_core.verb.build.BuildVerb object at 0x7b47dd2bf800>>, mixin_verb=('build',))
[0.518s] Level 1:colcon.colcon_core.package_discovery:discover_packages(colcon_meta) check parameters
[0.518s] Level 1:colcon.colcon_core.package_discovery:discover_packages(recursive) check parameters
[0.518s] Level 1:colcon.colcon_core.package_discovery:discover_packages(ignore) check parameters
[0.518s] Level 1:colcon.colcon_core.package_discovery:discover_packages(path) check parameters
[0.518s] Level 1:colcon.colcon_core.package_discovery:discover_packages(colcon_meta) discover
[0.518s] Level 1:colcon.colcon_core.package_discovery:discover_packages(recursive) discover
[0.518s] INFO:colcon.colcon_core.package_discovery:Crawling recursively for packages in '/home/grok/ros2_ws'
[0.518s] Level 1:colcon.colcon_core.package_identification:_identify(.) by extensions ['ignore', 'ignore_ament_install']
[0.518s] Level 1:colcon.colcon_core.package_identification:_identify(.) by extension 'ignore'
[0.518s] Level 1:colcon.colcon_core.package_identification:_identify(.) by extension 'ignore_ament_install'
[0.518s] Level 1:colcon.colcon_core.package_identification:_identify(.) by extensions ['colcon_pkg']
[0.519s] Level 1:colcon.colcon_core.package_identification:_identify(.) by extension 'colcon_pkg'
[0.519s] Level 1:colcon.colcon_core.package_identification:_identify(.) by extensions ['colcon_meta']
[0.519s] Level 1:colcon.colcon_core.package_identification:_identify(.) by extension 'colcon_meta'
[0.519s] Level 1:colcon.colcon_core.package_identification:_identify(.) by extensions ['ros']
[0.519s] Level 1:colcon.colcon_core.package_identification:_identify(.) by extension 'ros'
[0.537s] Level 1:colcon.colcon_core.package_identification:_identify(.) by extensions ['cmake', 'python']
[0.537s] Level 1:colcon.colcon_core.package_identification:_identify(.) by extension 'cmake'
[0.537s] Level 1:colcon.colcon_core.package_identification:_identify(.) by extension 'python'
[0.537s] Level 1:colcon.colcon_core.package_identification:_identify(.) by extensions ['python_setup_py']
[0.537s] Level 1:colcon.colcon_core.package_identification:_identify(.) by extension 'python_setup_py'
[0.537s] Level 1:colcon.colcon_core.package_identification:_identify(__pycache__) by extensions ['ignore', 'ignore_ament_install']
[0.537s] Level 1:colcon.colcon_core.package_identification:_identify(__pycache__) by extension 'ignore'
[0.537s] Level 1:colcon.colcon_core.package_identification:_identify(__pycache__) by extension 'ignore_ament_install'
[0.537s] Level 1:colcon.colcon_core.package_identification:_identify(__pycache__) by extensions ['colcon_pkg']
[0.537s] Level 1:colcon.colcon_core.package_identification:_identify(__pycache__) by extension 'colcon_pkg'
[0.537s] Level 1:colcon.colcon_core.package_identification:_identify(__pycache__) by extensions ['colcon_meta']
[0.537s] Level 1:colcon.colcon_core.package_identification:_identify(__pycache__) by extension 'colcon_meta'
[0.537s] Level 1:colcon.colcon_core.package_identification:_identify(__pycache__) by extensions ['ros']
[0.537s] Level 1:colcon.colcon_core.package_identification:_identify(__pycache__) by extension 'ros'
[0.537s] Level 1:colcon.colcon_core.package_identification:_identify(__pycache__) by extensions ['cmake', 'python']
[0.537s] Level 1:colcon.colcon_core.package_identification:_identify(__pycache__) by extension 'cmake'
[0.537s] Level 1:colcon.colcon_core.package_identification:_identify(__pycache__) by extension 'python'
[0.537s] Level 1:colcon.colcon_core.package_identification:_identify(__pycache__) by extensions ['python_setup_py']
[0.537s] Level 1:colcon.colcon_core.package_identification:_identify(__pycache__) by extension 'python_setup_py'
[0.537s] Level 1:colcon.colcon_core.package_identification:_identify(build) by extensions ['ignore', 'ignore_ament_install']
[0.538s] Level 1:colcon.colcon_core.package_identification:_identify(build) by extension 'ignore'
[0.538s] Level 1:colcon.colcon_core.package_identification:_identify(build) ignored
[0.538s] Level 1:colcon.colcon_core.package_identification:_identify(install) by extensions ['ignore', 'ignore_ament_install']
[0.538s] Level 1:colcon.colcon_core.package_identification:_identify(install) by extension 'ignore'
[0.538s] Level 1:colcon.colcon_core.package_identification:_identify(install) ignored
[0.538s] Level 1:colcon.colcon_core.package_identification:_identify(log) by extensions ['ignore', 'ignore_ament_install']
[0.538s] Level 1:colcon.colcon_core.package_identification:_identify(log) by extension 'ignore'
[0.538s] Level 1:colcon.colcon_core.package_identification:_identify(log) ignored
[0.538s] Level 1:colcon.colcon_core.package_identification:_identify(src) by extensions ['ignore', 'ignore_ament_install']
[0.538s] Level 1:colcon.colcon_core.package_identification:_identify(src) by extension 'ignore'
[0.538s] Level 1:colcon.colcon_core.package_identification:_identify(src) by extension 'ignore_ament_install'
[0.538s] Level 1:colcon.colcon_core.package_identification:_identify(src) by extensions ['colcon_pkg']
[0.538s] Level 1:colcon.colcon_core.package_identification:_identify(src) by extension 'colcon_pkg'
[0.538s] Level 1:colcon.colcon_core.package_identification:_identify(src) by extensions ['colcon_meta']
[0.538s] Level 1:colcon.colcon_core.package_identification:_identify(src) by extension 'colcon_meta'
[0.538s] Level 1:colcon.colcon_core.package_identification:_identify(src) by extensions ['ros']
[0.538s] Level 1:colcon.colcon_core.package_identification:_identify(src) by extension 'ros'
[0.538s] Level 1:colcon.colcon_core.package_identification:_identify(src) by extensions ['cmake', 'python']
[0.538s] Level 1:colcon.colcon_core.package_identification:_identify(src) by extension 'cmake'
[0.538s] Level 1:colcon.colcon_core.package_identification:_identify(src) by extension 'python'
[0.538s] Level 1:colcon.colcon_core.package_identification:_identify(src) by extensions ['python_setup_py']
[0.538s] Level 1:colcon.colcon_core.package_identification:_identify(src) by extension 'python_setup_py'
[0.538s] Level 1:colcon.colcon_core.package_identification:_identify(src/marl_car_ros2) by extensions ['ignore', 'ignore_ament_install']
[0.538s] Level 1:colcon.colcon_core.package_identification:_identify(src/marl_car_ros2) by extension 'ignore'
[0.538s] Level 1:colcon.colcon_core.package_identification:_identify(src/marl_car_ros2) by extension 'ignore_ament_install'
[0.538s] Level 1:colcon.colcon_core.package_identification:_identify(src/marl_car_ros2) by extensions ['colcon_pkg']
[0.539s] Level 1:colcon.colcon_core.package_identification:_identify(src/marl_car_ros2) by extension 'colcon_pkg'
[0.539s] Level 1:colcon.colcon_core.package_identification:_identify(src/marl_car_ros2) by extensions ['colcon_meta']
[0.539s] Level 1:colcon.colcon_core.package_identification:_identify(src/marl_car_ros2) by extension 'colcon_meta'
[0.539s] Level 1:colcon.colcon_core.package_identification:_identify(src/marl_car_ros2) by extensions ['ros']
[0.539s] Level 1:colcon.colcon_core.package_identification:_identify(src/marl_car_ros2) by extension 'ros'
[0.540s] DEBUG:colcon.colcon_core.package_identification:Package 'src/marl_car_ros2' with type 'ros.ament_python' and name 'marl_car_ros2'
[0.541s] Level 1:colcon.colcon_core.package_identification:_identify(src/marl_nav2_plugins) by extensions ['ignore', 'ignore_ament_install']
[0.541s] Level 1:colcon.colcon_core.package_identification:_identify(src/marl_nav2_plugins) by extension 'ignore'
[0.541s] Level 1:colcon.colcon_core.package_identification:_identify(src/marl_nav2_plugins) by extension 'ignore_ament_install'
[0.541s] Level 1:colcon.colcon_core.package_identification:_identify(src/marl_nav2_plugins) by extensions ['colcon_pkg']
[0.541s] Level 1:colcon.colcon_core.package_identification:_identify(src/marl_nav2_plugins) by extension 'colcon_pkg'
[0.541s] Level 1:colcon.colcon_core.package_identification:_identify(src/marl_nav2_plugins) by extensions ['colcon_meta']
[0.541s] Level 1:colcon.colcon_core.package_identification:_identify(src/marl_nav2_plugins) by extension 'colcon_meta'
[0.541s] Level 1:colcon.colcon_core.package_identification:_identify(src/marl_nav2_plugins) by extensions ['ros']
[0.541s] Level 1:colcon.colcon_core.package_identification:_identify(src/marl_nav2_plugins) by extension 'ros'
[0.541s] DEBUG:colcon.colcon_core.package_identification:Package 'src/marl_nav2_plugins' with type 'ros.ament_cmake' and name 'marl_nav2_plugins'
[0.541s] Level 1:colcon.colcon_core.package_discovery:discover_packages(recursive) using defaults
[0.541s] Level 1:colcon.colcon_core.package_discovery:discover_packages(ignore) discover
[0.541s] Level 1:colcon.colcon_core.package_discovery:discover_packages(ignore) using defaults
[0.541s] Level 1:colcon.colcon_core.package_discovery:discover_packages(path) discover
[0.541s] Level 1:colcon.colcon_core.package_discovery:discover_packages(path) using defaults
[0.553s] INFO:colcon.colcon_core.package_selection:Skipping not selected package 'marl_car_ros2' in 'src/marl_car_ros2'
[0.553s] Level 1:colcon.colcon_core.package_discovery:discover_packages(prefix_path) check parameters
[0.553s] Level 1:colcon.colcon_core.package_discovery:discover_packages(prefix_path) discover
[0.555s] DEBUG:colcon.colcon_installed_package_information.package_discovery:Found 317 installed packages in /opt/ros/jazzy
[0.556s] Level 1:colcon.colcon_core.package_discovery:discover_packages(prefix_path) using defaults
[0.579s] Level 5:colcon.colcon_core.verb:set package 'marl_nav2_plugins' build argument 'cmake_args' from command line to 'None'
[0.579s] Level 5:colcon.colcon_core.verb:set package 'marl_nav2_plugins' build argument 'cmake_target' from command line to 'None'
[0.579s] Level 5:colcon.colcon_core.verb:set package 'marl_nav2_plugins' build argument 'cmake_target_skip_unavailable' from command line to 'False'
[0.579s] Level 5:colcon.colcon_core.verb:set package 'marl_nav2_plugins' build argument 'cmake_clean_cache' from command line to 'False'
[0.579s] Level 5:colcon.colcon_core.verb:set package 'marl_nav2_plugins' build argument 'cmake_clean_first' from command line to 'False'
[0.579s] Level 5:colcon.colcon_core.verb:set package 'marl_nav2_plugins' build argument 'cmake_force_configure' from command line to 'False'
[0.579s] Level 5:colcon.colcon_core.verb:set package 'marl_nav2_plugins' build argument 'ament_cmake_args' from command line to 'None'
[0.579s] Level 5:colcon.colcon_core.verb:set package 'marl_nav2_plugins' build argument 'catkin_cmake_args' from command line to 'None'
[0.579s] Level 5:colcon.colcon_core.verb:set package 'marl_nav2_plugins' build argument 'catkin_skip_building_tests' from command line to 'False'
[0.579s] DEBUG:colcon.colcon_core.verb:Building package 'marl_nav2_plugins' with the following arguments: {'ament_cmake_args': None, 'build_base': '/home/grok/ros2_ws/build/marl_nav2_plugins', 'catkin_cmake_args': None, 'catkin_skip_building_tests': False, 'cmake_args': None, 'cmake_clean_cache': False, 'cmake_clean_first': False, 'cmake_force_configure': False, 'cmake_target': None, 'cmake_target_skip_unavailable': False, 'install_base': '/home/grok/ros2_ws/install/marl_nav2_plugins', 'merge_install': False, 'path': '/home/grok/ros2_ws/src/marl_nav2_plugins', 'symlink_install': False, 'test_result_base': None}
[0.579s] INFO:colcon.colcon_core.executor:Executing jobs using 'parallel' executor
[0.580s] DEBUG:colcon.colcon_parallel_executor.executor.parallel:run_until_complete
[0.580s] INFO:colcon.colcon_ros.task.ament_cmake.build:Building ROS package in '/home/grok/ros2_ws/src/marl_nav2_plugins' with build type 'ament_cmake'
[0.581s] INFO:colcon.colcon_cmake.task.cmake.build:Building CMake package in '/home/grok/ros2_ws/src/marl_nav2_plugins'
[0.582s] INFO:colcon.colcon_core.plugin_system:Skipping extension 'colcon_core.shell.bat': Not used on non-Windows systems
[0.582s] INFO:colcon.colcon_core.shell:Skip shell extension 'powershell' for command environment: Not usable outside of PowerShell
[0.582s] DEBUG:colcon.colcon_core.shell:Skip shell extension 'dsv' for command environment
[0.587s] DEBUG:colcon.colcon_core.event_handler.log_command:Invoking command in '/home/grok/ros2_ws/build/marl_nav2_plugins': CMAKE_PREFIX_PATH=${CMAKE_PREFIX_PATH}:/opt/ros/jazzy /usr/bin/cmake /home/grok/ros2_ws/src/marl_nav2_plugins -DCMAKE_INSTALL_PREFIX=/home/grok/ros2_ws/install/marl_nav2_plugins
[7.847s] DEBUG:colcon.colcon_core.event_handler.log_command:Invoked command in '/home/grok/ros2_ws/build/marl_nav2_plugins' returned '1': CMAKE_PREFIX_PATH=${CMAKE_PREFIX_PATH}:/opt/ros/jazzy /usr/bin/cmake /home/grok/ros2_ws/src/marl_nav2_plugins -DCMAKE_INSTALL_PREFIX=/home/grok/ros2_ws/install/marl_nav2_plugins
[7.858s] Level 1:colcon.colcon_core.environment:create_environment_scripts_only(marl_nav2_plugins)
[7.860s] Level 1:colcon.colcon_core.environment:checking '/home/grok/ros2_ws/install/marl_nav2_plugins' for CMake module files
[7.860s] Level 1:colcon.colcon_core.environment:checking '/home/grok/ros2_ws/install/marl_nav2_plugins' for CMake config files
[7.861s] Level 1:colcon.colcon_core.environment:checking '/home/grok/ros2_ws/install/marl_nav2_plugins/bin'
[7.861s] Level 1:colcon.colcon_core.environment:checking '/home/grok/ros2_ws/install/marl_nav2_plugins/lib/pkgconfig/marl_nav2_plugins.pc'
[7.861s] Level 1:colcon.colcon_core.environment:checking '/home/grok/ros2_ws/install/marl_nav2_plugins/lib/python3.12/site-packages'
[7.861s] Level 1:colcon.colcon_core.environment:checking '/home/grok/ros2_ws/install/marl_nav2_plugins/bin'
[7.862s] INFO:colcon.colcon_core.shell:Creating package script '/home/grok/ros2_ws/install/marl_nav2_plugins/share/marl_nav2_plugins/package.ps1'
[7.862s] INFO:colcon.colcon_core.shell:Creating package descriptor '/home/grok/ros2_ws/install/marl_nav2_plugins/share/marl_nav2_plugins/package.dsv'
[7.863s] INFO:colcon.colcon_core.shell:Creating package script '/home/grok/ros2_ws/install/marl_nav2_plugins/share/marl_nav2_plugins/package.sh'
[7.863s] INFO:colcon.colcon_core.shell:Creating package script '/home/grok/ros2_ws/install/marl_nav2_plugins/share/marl_nav2_plugins/package.bash'
[7.863s] INFO:colcon.colcon_core.shell:Creating package script '/home/grok/ros2_ws/install/marl_nav2_plugins/share/marl_nav2_plugins/package.zsh'
[7.864s] Level 1:colcon.colcon_core.environment:create_file_with_runtime_dependencies(/home/grok/ros2_ws/install/marl_nav2_plugins/share/colcon-core/packages/marl_nav2_plugins)
[7.874s] DEBUG:colcon.colcon_parallel_executor.executor.parallel:closing loop
[7.875s] DEBUG:colcon.colcon_parallel_executor.executor.parallel:loop closed
[7.875s] DEBUG:colcon.colcon_parallel_executor.executor.parallel:run_until_complete finished with '1'
[7.875s] DEBUG:colcon.colcon_core.event_reactor:joining thread
[8.045s] INFO:colcon.colcon_core.plugin_system:Skipping extension 'colcon_notification.desktop_notification.notify_send': Could not find 'notify-send'
[8.045s] INFO:colcon.colcon_core.plugin_system:Skipping extension 'colcon_notification.desktop_notification.terminal_notifier': Not used on non-Darwin systems
[8.045s] INFO:colcon.colcon_core.plugin_system:Skipping extension 'colcon_notification.desktop_notification.win32': Not used on non-Windows systems
[8.045s] INFO:colcon.colcon_notification.desktop_notification:Sending desktop notification using 'notify2'
[8.048s] DEBUG:colcon.colcon_notification.desktop_notification.notify2:Failed to initialize notify2: org.freedesktop.DBus.Error.ServiceUnknown: The name org.freedesktop.Notifications was not provided by any .service files
[8.048s] DEBUG:colcon.colcon_core.event_reactor:joined thread
[8.049s] INFO:colcon.colcon_core.shell:Creating prefix script '/home/grok/ros2_ws/install/local_setup.ps1'
[8.050s] INFO:colcon.colcon_core.shell:Creating prefix util module '/home/grok/ros2_ws/install/_local_setup_util_ps1.py'
[8.051s] INFO:colcon.colcon_core.shell:Creating prefix chain script '/home/grok/ros2_ws/install/setup.ps1'
[8.052s] INFO:colcon.colcon_core.shell:Creating prefix script '/home/grok/ros2_ws/install/local_setup.sh'
[8.052s] INFO:colcon.colcon_core.shell:Creating prefix util module '/home/grok/ros2_ws/install/_local_setup_util_sh.py'
[8.053s] INFO:colcon.colcon_core.shell:Creating prefix chain script '/home/grok/ros2_ws/install/setup.sh'
[8.054s] INFO:colcon.colcon_core.shell:Creating prefix script '/home/grok/ros2_ws/install/local_setup.bash'
[8.054s] INFO:colcon.colcon_core.shell:Creating prefix chain script '/home/grok/ros2_ws/install/setup.bash'
[8.055s] INFO:colcon.colcon_core.shell:Creating prefix script '/home/grok/ros2_ws/install/local_setup.zsh'
[8.056s] INFO:colcon.colcon_core.shell:Creating prefix chain script '/home/grok/ros2_ws/install/setup.zsh'
