[0.412s] DEBUG:colcon:Command line arguments: ['/usr/bin/colcon', 'build', '--symlink-install', '--packages-select', 'marl_car_ros2']
[0.412s] DEBUG:colcon:Parsed command line arguments: Namespace(log_base=None, log_level=None, verb_name='build', build_base='build', install_base='install', merge_install=False, symlink_install=True, test_result_base=None, continue_on_error=False, executor='parallel', parallel_workers=16, event_handlers=None, ignore_user_meta=False, metas=['./colcon.meta'], base_paths=['.'], packages_ignore=None, packages_ignore_regex=None, paths=None, packages_up_to=None, packages_up_to_regex=None, packages_above=None, packages_above_and_dependencies=None, packages_above_depth=None, packages_select_by_dep=None, packages_skip_by_dep=None, packages_skip_up_to=None, packages_select_build_failed=False, packages_skip_build_finished=False, packages_select_test_failures=False, packages_skip_test_passed=False, packages_select=['marl_car_ros2'], packages_skip=None, packages_select_regex=None, packages_skip_regex=None, packages_start=None, packages_end=None, allow_overriding=[], cmake_args=None, cmake_target=None, cmake_target_skip_unavailable=False, cmake_clean_cache=False, cmake_clean_first=False, cmake_force_configure=False, ament_cmake_args=None, catkin_cmake_args=None, catkin_skip_building_tests=False, mixin_files=None, mixin=None, verb_parser=<colcon_mixin.mixin.mixin_argument.MixinArgumentDecorator object at 0x7b8264b8af00>, verb_extension=<colcon_core.verb.build.BuildVerb object at 0x7b8264cbb1d0>, main=<bound method BuildVerb.main of <colcon_core.verb.build.BuildVerb object at 0x7b8264cbb1d0>>, mixin_verb=('build',))
[0.446s] Level 1:colcon.colcon_core.package_discovery:discover_packages(colcon_meta) check parameters
[0.446s] Level 1:colcon.colcon_core.package_discovery:discover_packages(recursive) check parameters
[0.446s] Level 1:colcon.colcon_core.package_discovery:discover_packages(ignore) check parameters
[0.446s] Level 1:colcon.colcon_core.package_discovery:discover_packages(path) check parameters
[0.446s] Level 1:colcon.colcon_core.package_discovery:discover_packages(colcon_meta) discover
[0.446s] Level 1:colcon.colcon_core.package_discovery:discover_packages(recursive) discover
[0.446s] INFO:colcon.colcon_core.package_discovery:Crawling recursively for packages in '/home/grok/ros2_ws'
[0.447s] Level 1:colcon.colcon_core.package_identification:_identify(.) by extensions ['ignore', 'ignore_ament_install']
[0.447s] Level 1:colcon.colcon_core.package_identification:_identify(.) by extension 'ignore'
[0.447s] Level 1:colcon.colcon_core.package_identification:_identify(.) by extension 'ignore_ament_install'
[0.447s] Level 1:colcon.colcon_core.package_identification:_identify(.) by extensions ['colcon_pkg']
[0.447s] Level 1:colcon.colcon_core.package_identification:_identify(.) by extension 'colcon_pkg'
[0.447s] Level 1:colcon.colcon_core.package_identification:_identify(.) by extensions ['colcon_meta']
[0.447s] Level 1:colcon.colcon_core.package_identification:_identify(.) by extension 'colcon_meta'
[0.447s] Level 1:colcon.colcon_core.package_identification:_identify(.) by extensions ['ros']
[0.447s] Level 1:colcon.colcon_core.package_identification:_identify(.) by extension 'ros'
[0.469s] Level 1:colcon.colcon_core.package_identification:_identify(.) by extensions ['cmake', 'python']
[0.469s] Level 1:colcon.colcon_core.package_identification:_identify(.) by extension 'cmake'
[0.469s] Level 1:colcon.colcon_core.package_identification:_identify(.) by extension 'python'
[0.469s] Level 1:colcon.colcon_core.package_identification:_identify(.) by extensions ['python_setup_py']
[0.469s] Level 1:colcon.colcon_core.package_identification:_identify(.) by extension 'python_setup_py'
[0.469s] Level 1:colcon.colcon_core.package_identification:_identify(build) by extensions ['ignore', 'ignore_ament_install']
[0.470s] Level 1:colcon.colcon_core.package_identification:_identify(build) by extension 'ignore'
[0.470s] Level 1:colcon.colcon_core.package_identification:_identify(build) ignored
[0.470s] Level 1:colcon.colcon_core.package_identification:_identify(install) by extensions ['ignore', 'ignore_ament_install']
[0.470s] Level 1:colcon.colcon_core.package_identification:_identify(install) by extension 'ignore'
[0.470s] Level 1:colcon.colcon_core.package_identification:_identify(install) ignored
[0.470s] Level 1:colcon.colcon_core.package_identification:_identify(log) by extensions ['ignore', 'ignore_ament_install']
[0.470s] Level 1:colcon.colcon_core.package_identification:_identify(log) by extension 'ignore'
[0.470s] Level 1:colcon.colcon_core.package_identification:_identify(log) ignored
[0.470s] Level 1:colcon.colcon_core.package_identification:_identify(src) by extensions ['ignore', 'ignore_ament_install']
[0.470s] Level 1:colcon.colcon_core.package_identification:_identify(src) by extension 'ignore'
[0.470s] Level 1:colcon.colcon_core.package_identification:_identify(src) by extension 'ignore_ament_install'
[0.470s] Level 1:colcon.colcon_core.package_identification:_identify(src) by extensions ['colcon_pkg']
[0.470s] Level 1:colcon.colcon_core.package_identification:_identify(src) by extension 'colcon_pkg'
[0.470s] Level 1:colcon.colcon_core.package_identification:_identify(src) by extensions ['colcon_meta']
[0.470s] Level 1:colcon.colcon_core.package_identification:_identify(src) by extension 'colcon_meta'
[0.470s] Level 1:colcon.colcon_core.package_identification:_identify(src) by extensions ['ros']
[0.470s] Level 1:colcon.colcon_core.package_identification:_identify(src) by extension 'ros'
[0.470s] Level 1:colcon.colcon_core.package_identification:_identify(src) by extensions ['cmake', 'python']
[0.470s] Level 1:colcon.colcon_core.package_identification:_identify(src) by extension 'cmake'
[0.470s] Level 1:colcon.colcon_core.package_identification:_identify(src) by extension 'python'
[0.470s] Level 1:colcon.colcon_core.package_identification:_identify(src) by extensions ['python_setup_py']
[0.470s] Level 1:colcon.colcon_core.package_identification:_identify(src) by extension 'python_setup_py'
[0.470s] Level 1:colcon.colcon_core.package_identification:_identify(src/marl_car_ros2) by extensions ['ignore', 'ignore_ament_install']
[0.470s] Level 1:colcon.colcon_core.package_identification:_identify(src/marl_car_ros2) by extension 'ignore'
[0.470s] Level 1:colcon.colcon_core.package_identification:_identify(src/marl_car_ros2) by extension 'ignore_ament_install'
[0.470s] Level 1:colcon.colcon_core.package_identification:_identify(src/marl_car_ros2) by extensions ['colcon_pkg']
[0.470s] Level 1:colcon.colcon_core.package_identification:_identify(src/marl_car_ros2) by extension 'colcon_pkg'
[0.470s] Level 1:colcon.colcon_core.package_identification:_identify(src/marl_car_ros2) by extensions ['colcon_meta']
[0.470s] Level 1:colcon.colcon_core.package_identification:_identify(src/marl_car_ros2) by extension 'colcon_meta'
[0.470s] Level 1:colcon.colcon_core.package_identification:_identify(src/marl_car_ros2) by extensions ['ros']
[0.470s] Level 1:colcon.colcon_core.package_identification:_identify(src/marl_car_ros2) by extension 'ros'
[0.472s] DEBUG:colcon.colcon_core.package_identification:Package 'src/marl_car_ros2' with type 'ros.ament_python' and name 'marl_car_ros2'
[0.473s] Level 1:colcon.colcon_core.package_discovery:discover_packages(recursive) using defaults
[0.473s] Level 1:colcon.colcon_core.package_discovery:discover_packages(ignore) discover
[0.473s] Level 1:colcon.colcon_core.package_discovery:discover_packages(ignore) using defaults
[0.473s] Level 1:colcon.colcon_core.package_discovery:discover_packages(path) discover
[0.473s] Level 1:colcon.colcon_core.package_discovery:discover_packages(path) using defaults
[0.488s] Level 1:colcon.colcon_core.package_discovery:discover_packages(prefix_path) check parameters
[0.488s] Level 1:colcon.colcon_core.package_discovery:discover_packages(prefix_path) discover
[0.497s] DEBUG:colcon.colcon_installed_package_information.package_discovery:Found 317 installed packages in /opt/ros/jazzy
[0.499s] Level 1:colcon.colcon_core.package_discovery:discover_packages(prefix_path) using defaults
[0.532s] Level 5:colcon.colcon_core.verb:set package 'marl_car_ros2' build argument 'cmake_args' from command line to 'None'
[0.532s] Level 5:colcon.colcon_core.verb:set package 'marl_car_ros2' build argument 'cmake_target' from command line to 'None'
[0.532s] Level 5:colcon.colcon_core.verb:set package 'marl_car_ros2' build argument 'cmake_target_skip_unavailable' from command line to 'False'
[0.532s] Level 5:colcon.colcon_core.verb:set package 'marl_car_ros2' build argument 'cmake_clean_cache' from command line to 'False'
[0.532s] Level 5:colcon.colcon_core.verb:set package 'marl_car_ros2' build argument 'cmake_clean_first' from command line to 'False'
[0.532s] Level 5:colcon.colcon_core.verb:set package 'marl_car_ros2' build argument 'cmake_force_configure' from command line to 'False'
[0.532s] Level 5:colcon.colcon_core.verb:set package 'marl_car_ros2' build argument 'ament_cmake_args' from command line to 'None'
[0.532s] Level 5:colcon.colcon_core.verb:set package 'marl_car_ros2' build argument 'catkin_cmake_args' from command line to 'None'
[0.532s] Level 5:colcon.colcon_core.verb:set package 'marl_car_ros2' build argument 'catkin_skip_building_tests' from command line to 'False'
[0.532s] DEBUG:colcon.colcon_core.verb:Building package 'marl_car_ros2' with the following arguments: {'ament_cmake_args': None, 'build_base': '/home/grok/ros2_ws/build/marl_car_ros2', 'catkin_cmake_args': None, 'catkin_skip_building_tests': False, 'cmake_args': None, 'cmake_clean_cache': False, 'cmake_clean_first': False, 'cmake_force_configure': False, 'cmake_target': None, 'cmake_target_skip_unavailable': False, 'install_base': '/home/grok/ros2_ws/install/marl_car_ros2', 'merge_install': False, 'path': '/home/grok/ros2_ws/src/marl_car_ros2', 'symlink_install': True, 'test_result_base': None}
[0.532s] INFO:colcon.colcon_core.executor:Executing jobs using 'parallel' executor
[0.533s] DEBUG:colcon.colcon_parallel_executor.executor.parallel:run_until_complete
[0.533s] INFO:colcon.colcon_ros.task.ament_python.build:Building ROS package in '/home/grok/ros2_ws/src/marl_car_ros2' with build type 'ament_python'
[0.533s] Level 1:colcon.colcon_core.shell:create_environment_hook('marl_car_ros2', 'ament_prefix_path')
[0.546s] INFO:colcon.colcon_core.plugin_system:Skipping extension 'colcon_core.shell.bat': Not used on non-Windows systems
[0.546s] INFO:colcon.colcon_core.shell:Creating environment hook '/home/grok/ros2_ws/install/marl_car_ros2/share/marl_car_ros2/hook/ament_prefix_path.ps1'
[0.549s] INFO:colcon.colcon_core.shell:Creating environment descriptor '/home/grok/ros2_ws/install/marl_car_ros2/share/marl_car_ros2/hook/ament_prefix_path.dsv'
[0.551s] INFO:colcon.colcon_core.shell:Creating environment hook '/home/grok/ros2_ws/install/marl_car_ros2/share/marl_car_ros2/hook/ament_prefix_path.sh'
[0.554s] INFO:colcon.colcon_core.shell:Skip shell extension 'powershell' for command environment: Not usable outside of PowerShell
[0.554s] DEBUG:colcon.colcon_core.shell:Skip shell extension 'dsv' for command environment
[0.808s] INFO:colcon.colcon_core.task.python.build:Building Python package in '/home/grok/ros2_ws/src/marl_car_ros2'
[0.808s] INFO:colcon.colcon_core.shell:Skip shell extension 'powershell' for command environment: Not usable outside of PowerShell
[0.808s] DEBUG:colcon.colcon_core.shell:Skip shell extension 'dsv' for command environment
[1.961s] DEBUG:colcon.colcon_core.event_handler.log_command:Invoking command in '/home/grok/ros2_ws/build/marl_car_ros2': PYTHONPATH=/home/grok/ros2_ws/build/marl_car_ros2/prefix_override:/usr/lib/python3/dist-packages/colcon_core/task/python/colcon_distutils_commands:/home/grok/ros2_ws/install/marl_car_ros2/lib/python3.12/site-packages:${PYTHONPATH} /usr/bin/python3 -W ignore:setup.py install is deprecated -W ignore:easy_install command is deprecated setup.py develop --editable --build-directory /home/grok/ros2_ws/build/marl_car_ros2/build --no-deps symlink_data
[2.440s] Level 1:colcon.colcon_core.shell:create_environment_hook('marl_car_ros2', 'pythonpath_develop')
[2.440s] INFO:colcon.colcon_core.shell:Creating environment hook '/home/grok/ros2_ws/build/marl_car_ros2/share/marl_car_ros2/hook/pythonpath_develop.ps1'
[2.441s] DEBUG:colcon.colcon_core.event_handler.log_command:Invoked command in '/home/grok/ros2_ws/build/marl_car_ros2' returned '0': PYTHONPATH=/home/grok/ros2_ws/build/marl_car_ros2/prefix_override:/usr/lib/python3/dist-packages/colcon_core/task/python/colcon_distutils_commands:/home/grok/ros2_ws/install/marl_car_ros2/lib/python3.12/site-packages:${PYTHONPATH} /usr/bin/python3 -W ignore:setup.py install is deprecated -W ignore:easy_install command is deprecated setup.py develop --editable --build-directory /home/grok/ros2_ws/build/marl_car_ros2/build --no-deps symlink_data
[2.441s] INFO:colcon.colcon_core.shell:Creating environment descriptor '/home/grok/ros2_ws/build/marl_car_ros2/share/marl_car_ros2/hook/pythonpath_develop.dsv'
[2.441s] INFO:colcon.colcon_core.shell:Creating environment hook '/home/grok/ros2_ws/build/marl_car_ros2/share/marl_car_ros2/hook/pythonpath_develop.sh'
[2.457s] Level 1:colcon.colcon_core.environment:checking '/home/grok/ros2_ws/install/marl_car_ros2' for CMake module files
[2.457s] Level 1:colcon.colcon_core.environment:checking '/home/grok/ros2_ws/install/marl_car_ros2' for CMake config files
[2.458s] Level 1:colcon.colcon_core.environment:checking '/home/grok/ros2_ws/install/marl_car_ros2/lib'
[2.458s] Level 1:colcon.colcon_core.environment:checking '/home/grok/ros2_ws/install/marl_car_ros2/bin'
[2.458s] Level 1:colcon.colcon_core.environment:checking '/home/grok/ros2_ws/install/marl_car_ros2/lib/pkgconfig/marl_car_ros2.pc'
[2.459s] Level 1:colcon.colcon_core.environment:checking '/home/grok/ros2_ws/install/marl_car_ros2/lib/python3.12/site-packages'
[2.459s] Level 1:colcon.colcon_core.shell:create_environment_hook('marl_car_ros2', 'pythonpath')
[2.459s] INFO:colcon.colcon_core.shell:Creating environment hook '/home/grok/ros2_ws/install/marl_car_ros2/share/marl_car_ros2/hook/pythonpath.ps1'
[2.459s] INFO:colcon.colcon_core.shell:Creating environment descriptor '/home/grok/ros2_ws/install/marl_car_ros2/share/marl_car_ros2/hook/pythonpath.dsv'
[2.460s] INFO:colcon.colcon_core.shell:Creating environment hook '/home/grok/ros2_ws/install/marl_car_ros2/share/marl_car_ros2/hook/pythonpath.sh'
[2.460s] Level 1:colcon.colcon_core.environment:checking '/home/grok/ros2_ws/install/marl_car_ros2/bin'
[2.460s] Level 1:colcon.colcon_core.environment:create_environment_scripts_only(marl_car_ros2)
[2.461s] INFO:colcon.colcon_core.shell:Creating package script '/home/grok/ros2_ws/install/marl_car_ros2/share/marl_car_ros2/package.ps1'
[2.462s] INFO:colcon.colcon_core.shell:Creating package descriptor '/home/grok/ros2_ws/install/marl_car_ros2/share/marl_car_ros2/package.dsv'
[2.465s] INFO:colcon.colcon_core.shell:Creating package script '/home/grok/ros2_ws/install/marl_car_ros2/share/marl_car_ros2/package.sh'
[2.467s] INFO:colcon.colcon_core.shell:Creating package script '/home/grok/ros2_ws/install/marl_car_ros2/share/marl_car_ros2/package.bash'
[2.470s] INFO:colcon.colcon_core.shell:Creating package script '/home/grok/ros2_ws/install/marl_car_ros2/share/marl_car_ros2/package.zsh'
[2.471s] Level 1:colcon.colcon_core.environment:create_file_with_runtime_dependencies(/home/grok/ros2_ws/install/marl_car_ros2/share/colcon-core/packages/marl_car_ros2)
[2.472s] DEBUG:colcon.colcon_parallel_executor.executor.parallel:closing loop
[2.473s] DEBUG:colcon.colcon_parallel_executor.executor.parallel:loop closed
[2.473s] DEBUG:colcon.colcon_parallel_executor.executor.parallel:run_until_complete finished with '0'
[2.473s] DEBUG:colcon.colcon_core.event_reactor:joining thread
[2.748s] INFO:colcon.colcon_core.plugin_system:Skipping extension 'colcon_notification.desktop_notification.notify_send': Could not find 'notify-send'
[2.749s] INFO:colcon.colcon_core.plugin_system:Skipping extension 'colcon_notification.desktop_notification.terminal_notifier': Not used on non-Darwin systems
[2.749s] INFO:colcon.colcon_core.plugin_system:Skipping extension 'colcon_notification.desktop_notification.win32': Not used on non-Windows systems
[2.749s] INFO:colcon.colcon_notification.desktop_notification:Sending desktop notification using 'notify2'
[2.755s] DEBUG:colcon.colcon_notification.desktop_notification.notify2:Failed to initialize notify2: org.freedesktop.DBus.Error.ServiceUnknown: The name org.freedesktop.Notifications was not provided by any .service files
[2.755s] DEBUG:colcon.colcon_core.event_reactor:joined thread
[2.755s] INFO:colcon.colcon_core.shell:Creating prefix script '/home/grok/ros2_ws/install/local_setup.ps1'
[2.757s] INFO:colcon.colcon_core.shell:Creating prefix util module '/home/grok/ros2_ws/install/_local_setup_util_ps1.py'
[2.761s] INFO:colcon.colcon_core.shell:Creating prefix chain script '/home/grok/ros2_ws/install/setup.ps1'
[2.765s] INFO:colcon.colcon_core.shell:Creating prefix script '/home/grok/ros2_ws/install/local_setup.sh'
[2.767s] INFO:colcon.colcon_core.shell:Creating prefix util module '/home/grok/ros2_ws/install/_local_setup_util_sh.py'
[2.769s] INFO:colcon.colcon_core.shell:Creating prefix chain script '/home/grok/ros2_ws/install/setup.sh'
[2.771s] INFO:colcon.colcon_core.shell:Creating prefix script '/home/grok/ros2_ws/install/local_setup.bash'
[2.773s] INFO:colcon.colcon_core.shell:Creating prefix chain script '/home/grok/ros2_ws/install/setup.bash'
[2.776s] INFO:colcon.colcon_core.shell:Creating prefix script '/home/grok/ros2_ws/install/local_setup.zsh'
[2.778s] INFO:colcon.colcon_core.shell:Creating prefix chain script '/home/grok/ros2_ws/install/setup.zsh'
