[0.887s] Invoking command in '/home/grok/ros2_ws/src/marl_car_ros2': PYTHONPATH=/home/grok/ros2_ws/build/marl_car_ros2/prefix_override:/usr/lib/python3/dist-packages/colcon_core/task/python/colcon_distutils_commands:/home/grok/ros2_ws/install/marl_car_ros2/lib/python3.12/site-packages:${PYTHONPATH} /usr/bin/python3 -W ignore:setup.py install is deprecated -W ignore:easy_install command is deprecated setup.py egg_info --egg-base ../../build/marl_car_ros2 build --build-base /home/grok/ros2_ws/build/marl_car_ros2/build install --record /home/grok/ros2_ws/build/marl_car_ros2/install.log --single-version-externally-managed install_data
[1.078s] running egg_info
[1.091s] writing ../../build/marl_car_ros2/marl_car_ros2.egg-info/PKG-INFO
[1.091s] writing dependency_links to ../../build/marl_car_ros2/marl_car_ros2.egg-info/dependency_links.txt
[1.092s] writing entry points to ../../build/marl_car_ros2/marl_car_ros2.egg-info/entry_points.txt
[1.092s] writing requirements to ../../build/marl_car_ros2/marl_car_ros2.egg-info/requires.txt
[1.092s] writing top-level names to ../../build/marl_car_ros2/marl_car_ros2.egg-info/top_level.txt
[1.125s] reading manifest file '../../build/marl_car_ros2/marl_car_ros2.egg-info/SOURCES.txt'
[1.127s] writing manifest file '../../build/marl_car_ros2/marl_car_ros2.egg-info/SOURCES.txt'
[1.127s] running build
[1.127s] running build_py
[1.128s] running install
[1.132s] running install_lib
[1.147s] running install_data
[1.148s] running install_egg_info
[1.166s] removing '/home/grok/ros2_ws/install/marl_car_ros2/lib/python3.12/site-packages/marl_car_ros2-0.1.0-py3.12.egg-info' (and everything under it)
[1.167s] Copying ../../build/marl_car_ros2/marl_car_ros2.egg-info to /home/grok/ros2_ws/install/marl_car_ros2/lib/python3.12/site-packages/marl_car_ros2-0.1.0-py3.12.egg-info
[1.169s] running install_scripts
[1.262s] Installing dummy_joint_runner script to /home/grok/ros2_ws/install/marl_car_ros2/lib/marl_car_ros2
[1.262s] Installing evaluation_metrics script to /home/grok/ros2_ws/install/marl_car_ros2/lib/marl_car_ros2
[1.262s] Installing monitor_logger script to /home/grok/ros2_ws/install/marl_car_ros2/lib/marl_car_ros2
[1.263s] Installing multi_agent_game script to /home/grok/ros2_ws/install/marl_car_ros2/lib/marl_car_ros2
[1.263s] Installing train_rllib script to /home/grok/ros2_ws/install/marl_car_ros2/lib/marl_car_ros2
[1.263s] Installing world_model_mutator script to /home/grok/ros2_ws/install/marl_car_ros2/lib/marl_car_ros2
[1.263s] writing list of installed files to '/home/grok/ros2_ws/build/marl_car_ros2/install.log'
[1.291s] Invoked command in '/home/grok/ros2_ws/src/marl_car_ros2' returned '0': PYTHONPATH=/home/grok/ros2_ws/build/marl_car_ros2/prefix_override:/usr/lib/python3/dist-packages/colcon_core/task/python/colcon_distutils_commands:/home/grok/ros2_ws/install/marl_car_ros2/lib/python3.12/site-packages:${PYTHONPATH} /usr/bin/python3 -W ignore:setup.py install is deprecated -W ignore:easy_install command is deprecated setup.py egg_info --egg-base ../../build/marl_car_ros2 build --build-base /home/grok/ros2_ws/build/marl_car_ros2/build install --record /home/grok/ros2_ws/build/marl_car_ros2/install.log --single-version-externally-managed install_data
