running egg_info
writing ../../build/marl_car_ros2/marl_car_ros2.egg-info/PKG-INFO
writing dependency_links to ../../build/marl_car_ros2/marl_car_ros2.egg-info/dependency_links.txt
writing entry points to ../../build/marl_car_ros2/marl_car_ros2.egg-info/entry_points.txt
writing requirements to ../../build/marl_car_ros2/marl_car_ros2.egg-info/requires.txt
writing top-level names to ../../build/marl_car_ros2/marl_car_ros2.egg-info/top_level.txt
reading manifest file '../../build/marl_car_ros2/marl_car_ros2.egg-info/SOURCES.txt'
writing manifest file '../../build/marl_car_ros2/marl_car_ros2.egg-info/SOURCES.txt'
running build
running build_py
copying marl_car_ros2/benchmark_visualizer.py -> /home/grok/ros2_ws/build/marl_car_ros2/build/lib/marl_car_ros2
copying marl_car_ros2/benchmark_gui.py -> /home/grok/ros2_ws/build/marl_car_ros2/build/lib/marl_car_ros2
copying marl_car_ros2/benchmark_paths.py -> /home/grok/ros2_ws/build/marl_car_ros2/build/lib/marl_car_ros2
running install
running install_lib
copying /home/grok/ros2_ws/build/marl_car_ros2/build/lib/marl_car_ros2/benchmark_visualizer.py -> /home/grok/ros2_ws/install/marl_car_ros2/lib/python3.12/site-packages/marl_car_ros2
copying /home/grok/ros2_ws/build/marl_car_ros2/build/lib/marl_car_ros2/benchmark_gui.py -> /home/grok/ros2_ws/install/marl_car_ros2/lib/python3.12/site-packages/marl_car_ros2
copying /home/grok/ros2_ws/build/marl_car_ros2/build/lib/marl_car_ros2/benchmark_paths.py -> /home/grok/ros2_ws/install/marl_car_ros2/lib/python3.12/site-packages/marl_car_ros2
byte-compiling /home/grok/ros2_ws/install/marl_car_ros2/lib/python3.12/site-packages/marl_car_ros2/benchmark_visualizer.py to benchmark_visualizer.cpython-312.pyc
byte-compiling /home/grok/ros2_ws/install/marl_car_ros2/lib/python3.12/site-packages/marl_car_ros2/benchmark_gui.py to benchmark_gui.cpython-312.pyc
byte-compiling /home/grok/ros2_ws/install/marl_car_ros2/lib/python3.12/site-packages/marl_car_ros2/benchmark_paths.py to benchmark_paths.cpython-312.pyc
running install_data
copying package.xml -> /home/grok/ros2_ws/install/marl_car_ros2/share/marl_car_ros2
copying launch/benchmark_demo.launch.py -> /home/grok/ros2_ws/install/marl_car_ros2/share/marl_car_ros2/launch
copying rviz/benchmark.rviz -> /home/grok/ros2_ws/install/marl_car_ros2/share/marl_car_ros2/rviz
running install_egg_info
removing '/home/grok/ros2_ws/install/marl_car_ros2/lib/python3.12/site-packages/marl_car_ros2-0.1.0-py3.12.egg-info' (and everything under it)
Copying ../../build/marl_car_ros2/marl_car_ros2.egg-info to /home/grok/ros2_ws/install/marl_car_ros2/lib/python3.12/site-packages/marl_car_ros2-0.1.0-py3.12.egg-info
running install_scripts
Installing baseline_nav_node script to /home/grok/ros2_ws/install/marl_car_ros2/lib/marl_car_ros2
Installing benchmark_gui script to /home/grok/ros2_ws/install/marl_car_ros2/lib/marl_car_ros2
Installing benchmark_runner script to /home/grok/ros2_ws/install/marl_car_ros2/lib/marl_car_ros2
Installing benchmark_visualizer script to /home/grok/ros2_ws/install/marl_car_ros2/lib/marl_car_ros2
Installing dummy_joint_runner script to /home/grok/ros2_ws/install/marl_car_ros2/lib/marl_car_ros2
Installing evaluation_metrics script to /home/grok/ros2_ws/install/marl_car_ros2/lib/marl_car_ros2
Installing monitor_logger script to /home/grok/ros2_ws/install/marl_car_ros2/lib/marl_car_ros2
Installing multi_agent_game script to /home/grok/ros2_ws/install/marl_car_ros2/lib/marl_car_ros2
Installing nav_goal_sender script to /home/grok/ros2_ws/install/marl_car_ros2/lib/marl_car_ros2
Installing nav_tf_bridge script to /home/grok/ros2_ws/install/marl_car_ros2/lib/marl_car_ros2
Installing risk_marker script to /home/grok/ros2_ws/install/marl_car_ros2/lib/marl_car_ros2
Installing scan_stamp_bridge script to /home/grok/ros2_ws/install/marl_car_ros2/lib/marl_car_ros2
Installing scenario_mutator script to /home/grok/ros2_ws/install/marl_car_ros2/lib/marl_car_ros2
Installing supervisor_node script to /home/grok/ros2_ws/install/marl_car_ros2/lib/marl_car_ros2
Installing supervisor_status_marker script to /home/grok/ros2_ws/install/marl_car_ros2/lib/marl_car_ros2
Installing task_agent script to /home/grok/ros2_ws/install/marl_car_ros2/lib/marl_car_ros2
Installing train_rllib script to /home/grok/ros2_ws/install/marl_car_ros2/lib/marl_car_ros2
Installing world_event_marker script to /home/grok/ros2_ws/install/marl_car_ros2/lib/marl_car_ros2
Installing world_model_mutator script to /home/grok/ros2_ws/install/marl_car_ros2/lib/marl_car_ros2
writing list of installed files to '/home/grok/ros2_ws/build/marl_car_ros2/install.log'
