[0.872s] Invoking command in '/home/grok/ros2_ws/build/marl_car_ros2': PYTHONPATH=/home/grok/ros2_ws/build/marl_car_ros2/prefix_override:/usr/lib/python3/dist-packages/colcon_core/task/python/colcon_distutils_commands:/home/grok/ros2_ws/install/marl_car_ros2/lib/python3.12/site-packages:${PYTHONPATH} /usr/bin/python3 -W ignore:setup.py install is deprecated -W ignore:easy_install command is deprecated setup.py develop --editable --build-directory /home/grok/ros2_ws/build/marl_car_ros2/build --no-deps symlink_data --force
[1.165s] running develop
[1.342s] running egg_info
[1.361s] writing marl_car_ros2.egg-info/PKG-INFO
[1.361s] writing dependency_links to marl_car_ros2.egg-info/dependency_links.txt
[1.362s] writing entry points to marl_car_ros2.egg-info/entry_points.txt
[1.362s] writing requirements to marl_car_ros2.egg-info/requires.txt
[1.362s] writing top-level names to marl_car_ros2.egg-info/top_level.txt
[1.399s] reading manifest file 'marl_car_ros2.egg-info/SOURCES.txt'
[1.400s] writing manifest file 'marl_car_ros2.egg-info/SOURCES.txt'
[1.417s] running build_ext
[1.418s] Creating /home/grok/ros2_ws/install/marl_car_ros2/lib/python3.12/site-packages/marl-car-ros2.egg-link (link to .)
[1.420s] Installing baseline_nav_node script to /home/grok/ros2_ws/install/marl_car_ros2/lib/marl_car_ros2
[1.421s] Installing benchmark_gui script to /home/grok/ros2_ws/install/marl_car_ros2/lib/marl_car_ros2
[1.422s] Installing benchmark_runner script to /home/grok/ros2_ws/install/marl_car_ros2/lib/marl_car_ros2
[1.424s] Installing benchmark_visualizer script to /home/grok/ros2_ws/install/marl_car_ros2/lib/marl_car_ros2
[1.424s] Installing dummy_joint_runner script to /home/grok/ros2_ws/install/marl_car_ros2/lib/marl_car_ros2
[1.425s] Installing evaluation_metrics script to /home/grok/ros2_ws/install/marl_car_ros2/lib/marl_car_ros2
[1.426s] Installing monitor_logger script to /home/grok/ros2_ws/install/marl_car_ros2/lib/marl_car_ros2
[1.426s] Installing multi_agent_game script to /home/grok/ros2_ws/install/marl_car_ros2/lib/marl_car_ros2
[1.427s] Installing nav_goal_sender script to /home/grok/ros2_ws/install/marl_car_ros2/lib/marl_car_ros2
[1.427s] Installing nav_tf_bridge script to /home/grok/ros2_ws/install/marl_car_ros2/lib/marl_car_ros2
[1.427s] Installing risk_marker script to /home/grok/ros2_ws/install/marl_car_ros2/lib/marl_car_ros2
[1.431s] Installing scan_stamp_bridge script to /home/grok/ros2_ws/install/marl_car_ros2/lib/marl_car_ros2
[1.433s] Installing scenario_mutator script to /home/grok/ros2_ws/install/marl_car_ros2/lib/marl_car_ros2
[1.435s] Installing supervisor_node script to /home/grok/ros2_ws/install/marl_car_ros2/lib/marl_car_ros2
[1.436s] Installing supervisor_status_marker script to /home/grok/ros2_ws/install/marl_car_ros2/lib/marl_car_ros2
[1.436s] Installing task_agent script to /home/grok/ros2_ws/install/marl_car_ros2/lib/marl_car_ros2
[1.437s] Installing train_rllib script to /home/grok/ros2_ws/install/marl_car_ros2/lib/marl_car_ros2
[1.438s] Installing world_event_marker script to /home/grok/ros2_ws/install/marl_car_ros2/lib/marl_car_ros2
[1.438s] Installing world_model_mutator script to /home/grok/ros2_ws/install/marl_car_ros2/lib/marl_car_ros2
[1.439s] 
[1.439s] Installed /home/grok/ros2_ws/build/marl_car_ros2
[1.439s] running symlink_data
[1.439s] symbolically linking /home/grok/ros2_ws/build/marl_car_ros2/resource/marl_car_ros2 -> /home/grok/ros2_ws/install/marl_car_ros2/share/ament_index/resource_index/packages
[1.440s] symbolically linking /home/grok/ros2_ws/build/marl_car_ros2/package.xml -> /home/grok/ros2_ws/install/marl_car_ros2/share/marl_car_ros2
[1.440s] error: can't copy '/home/grok/ros2_ws/build/marl_car_ros2/launch/marl_stack_minimal.launch.py': doesn't exist or not a regular file
[1.487s] Invoked command in '/home/grok/ros2_ws/build/marl_car_ros2' returned '1': PYTHONPATH=/home/grok/ros2_ws/build/marl_car_ros2/prefix_override:/usr/lib/python3/dist-packages/colcon_core/task/python/colcon_distutils_commands:/home/grok/ros2_ws/install/marl_car_ros2/lib/python3.12/site-packages:${PYTHONPATH} /usr/bin/python3 -W ignore:setup.py install is deprecated -W ignore:easy_install command is deprecated setup.py develop --editable --build-directory /home/grok/ros2_ws/build/marl_car_ros2/build --no-deps symlink_data --force
