[0.757s] DEBUG:colcon:Command line arguments: ['/usr/bin/colcon', 'build', '--packages-select', 'marl_nav2_plugins']
[0.757s] DEBUG:colcon:Parsed command line arguments: Namespace(log_base=None, log_level=None, verb_name='build', build_base='build', install_base='install', merge_install=False, symlink_install=False, test_result_base=None, continue_on_error=False, executor='parallel', parallel_workers=16, event_handlers=None, ignore_user_meta=False, metas=['./colcon.meta'], base_paths=['.'], packages_ignore=None, packages_ignore_regex=None, paths=None, packages_up_to=None, packages_up_to_regex=None, packages_above=None, packages_above_and_dependencies=None, packages_above_depth=None, packages_select_by_dep=None, packages_skip_by_dep=None, packages_skip_up_to=None, packages_select_build_failed=False, packages_skip_build_finished=False, packages_select_test_failures=False, packages_skip_test_passed=False, packages_select=['marl_nav2_plugins'], packages_skip=None, packages_select_regex=None, packages_skip_regex=None, packages_start=None, packages_end=None, allow_overriding=[], cmake_args=None, cmake_target=None, cmake_target_skip_unavailable=False, cmake_clean_cache=False, cmake_clean_first=False, cmake_force_configure=False, ament_cmake_args=None, catkin_cmake_args=None, catkin_skip_building_tests=False, mixin_files=None, mixin=None, verb_parser=<colcon_mixin.mixin.mixin_argument.MixinArgumentDecorator object at 0x735badb8b920>, verb_extension=<colcon_core.verb.build.BuildVerb object at 0x735badcbfe00>, main=<bound method BuildVerb.main of <colcon_core.verb.build.BuildVerb object at 0x735badcbfe00>>, mixin_verb=('build',))
[0.815s] Level 1:colcon.colcon_core.package_discovery:discover_packages(colcon_meta) check parameters
[0.815s] Level 1:colcon.colcon_core.package_discovery:discover_packages(recursive) check parameters
[0.815s] Level 1:colcon.colcon_core.package_discovery:discover_packages(ignore) check parameters
[0.815s] Level 1:colcon.colcon_core.package_discovery:discover_packages(path) check parameters
[0.815s] Level 1:colcon.colcon_core.package_discovery:discover_packages(colcon_meta) discover
[0.815s] Level 1:colcon.colcon_core.package_discovery:discover_packages(recursive) discover
[0.815s] INFO:colcon.colcon_core.package_discovery:Crawling recursively for packages in '/home/grok/ros2_ws'
[0.815s] Level 1:colcon.colcon_core.package_identification:_identify(.) by extensions ['ignore', 'ignore_ament_install']
[0.815s] Level 1:colcon.colcon_core.package_identification:_identify(.) by extension 'ignore'
[0.815s] Level 1:colcon.colcon_core.package_identification:_identify(.) by extension 'ignore_ament_install'
[0.815s] Level 1:colcon.colcon_core.package_identification:_identify(.) by extensions ['colcon_pkg']
[0.815s] Level 1:colcon.colcon_core.package_identification:_identify(.) by extension 'colcon_pkg'
[0.815s] Level 1:colcon.colcon_core.package_identification:_identify(.) by extensions ['colcon_meta']
[0.815s] Level 1:colcon.colcon_core.package_identification:_identify(.) by extension 'colcon_meta'
[0.815s] Level 1:colcon.colcon_core.package_identification:_identify(.) by extensions ['ros']
[0.815s] Level 1:colcon.colcon_core.package_identification:_identify(.) by extension 'ros'
[0.845s] Level 1:colcon.colcon_core.package_identification:_identify(.) by extensions ['cmake', 'python']
[0.845s] Level 1:colcon.colcon_core.package_identification:_identify(.) by extension 'cmake'
[0.845s] Level 1:colcon.colcon_core.package_identification:_identify(.) by extension 'python'
[0.845s] Level 1:colcon.colcon_core.package_identification:_identify(.) by extensions ['python_setup_py']
[0.845s] Level 1:colcon.colcon_core.package_identification:_identify(.) by extension 'python_setup_py'
[0.845s] Level 1:colcon.colcon_core.package_identification:_identify(__pycache__) by extensions ['ignore', 'ignore_ament_install']
[0.845s] Level 1:colcon.colcon_core.package_identification:_identify(__pycache__) by extension 'ignore'
[0.846s] Level 1:colcon.colcon_core.package_identification:_identify(__pycache__) by extension 'ignore_ament_install'
[0.846s] Level 1:colcon.colcon_core.package_identification:_identify(__pycache__) by extensions ['colcon_pkg']
[0.846s] Level 1:colcon.colcon_core.package_identification:_identify(__pycache__) by extension 'colcon_pkg'
[0.846s] Level 1:colcon.colcon_core.package_identification:_identify(__pycache__) by extensions ['colcon_meta']
[0.846s] Level 1:colcon.colcon_core.package_identification:_identify(__pycache__) by extension 'colcon_meta'
[0.846s] Level 1:colcon.colcon_core.package_identification:_identify(__pycache__) by extensions ['ros']
[0.846s] Level 1:colcon.colcon_core.package_identification:_identify(__pycache__) by extension 'ros'
[0.846s] Level 1:colcon.colcon_core.package_identification:_identify(__pycache__) by extensions ['cmake', 'python']
[0.846s] Level 1:colcon.colcon_core.package_identification:_identify(__pycache__) by extension 'cmake'
[0.846s] Level 1:colcon.colcon_core.package_identification:_identify(__pycache__) by extension 'python'
[0.846s] Level 1:colcon.colcon_core.package_identification:_identify(__pycache__) by extensions ['python_setup_py']
[0.846s] Level 1:colcon.colcon_core.package_identification:_identify(__pycache__) by extension 'python_setup_py'
[0.846s] Level 1:colcon.colcon_core.package_identification:_identify(build) by extensions ['ignore', 'ignore_ament_install']
[0.846s] Level 1:colcon.colcon_core.package_identification:_identify(build) by extension 'ignore'
[0.846s] Level 1:colcon.colcon_core.package_identification:_identify(build) ignored
[0.846s] Level 1:colcon.colcon_core.package_identification:_identify(install) by extensions ['ignore', 'ignore_ament_install']
[0.846s] Level 1:colcon.colcon_core.package_identification:_identify(install) by extension 'ignore'
[0.846s] Level 1:colcon.colcon_core.package_identification:_identify(install) ignored
[0.846s] Level 1:colcon.colcon_core.package_identification:_identify(log) by extensions ['ignore', 'ignore_ament_install']
[0.846s] Level 1:colcon.colcon_core.package_identification:_identify(log) by extension 'ignore'
[0.846s] Level 1:colcon.colcon_core.package_identification:_identify(log) ignored
[0.846s] Level 1:colcon.colcon_core.package_identification:_identify(src) by extensions ['ignore', 'ignore_ament_install']
[0.846s] Level 1:colcon.colcon_core.package_identification:_identify(src) by extension 'ignore'
[0.846s] Level 1:colcon.colcon_core.package_identification:_identify(src) by extension 'ignore_ament_install'
[0.847s] Level 1:colcon.colcon_core.package_identification:_identify(src) by extensions ['colcon_pkg']
[0.847s] Level 1:colcon.colcon_core.package_identification:_identify(src) by extension 'colcon_pkg'
[0.847s] Level 1:colcon.colcon_core.package_identification:_identify(src) by extensions ['colcon_meta']
[0.847s] Level 1:colcon.colcon_core.package_identification:_identify(src) by extension 'colcon_meta'
[0.847s] Level 1:colcon.colcon_core.package_identification:_identify(src) by extensions ['ros']
[0.847s] Level 1:colcon.colcon_core.package_identification:_identify(src) by extension 'ros'
[0.847s] Level 1:colcon.colcon_core.package_identification:_identify(src) by extensions ['cmake', 'python']
[0.847s] Level 1:colcon.colcon_core.package_identification:_identify(src) by extension 'cmake'
[0.847s] Level 1:colcon.colcon_core.package_identification:_identify(src) by extension 'python'
[0.847s] Level 1:colcon.colcon_core.package_identification:_identify(src) by extensions ['python_setup_py']
[0.847s] Level 1:colcon.colcon_core.package_identification:_identify(src) by extension 'python_setup_py'
[0.847s] Level 1:colcon.colcon_core.package_identification:_identify(src/marl_car_ros2) by extensions ['ignore', 'ignore_ament_install']
[0.847s] Level 1:colcon.colcon_core.package_identification:_identify(src/marl_car_ros2) by extension 'ignore'
[0.847s] Level 1:colcon.colcon_core.package_identification:_identify(src/marl_car_ros2) by extension 'ignore_ament_install'
[0.847s] Level 1:colcon.colcon_core.package_identification:_identify(src/marl_car_ros2) by extensions ['colcon_pkg']
[0.847s] Level 1:colcon.colcon_core.package_identification:_identify(src/marl_car_ros2) by extension 'colcon_pkg'
[0.847s] Level 1:colcon.colcon_core.package_identification:_identify(src/marl_car_ros2) by extensions ['colcon_meta']
[0.847s] Level 1:colcon.colcon_core.package_identification:_identify(src/marl_car_ros2) by extension 'colcon_meta'
[0.847s] Level 1:colcon.colcon_core.package_identification:_identify(src/marl_car_ros2) by extensions ['ros']
[0.847s] Level 1:colcon.colcon_core.package_identification:_identify(src/marl_car_ros2) by extension 'ros'
[0.851s] DEBUG:colcon.colcon_core.package_identification:Package 'src/marl_car_ros2' with type 'ros.ament_python' and name 'marl_car_ros2'
[0.851s] Level 1:colcon.colcon_core.package_identification:_identify(src/marl_nav2_plugins) by extensions ['ignore', 'ignore_ament_install']
[0.851s] Level 1:colcon.colcon_core.package_identification:_identify(src/marl_nav2_plugins) by extension 'ignore'
[0.851s] Level 1:colcon.colcon_core.package_identification:_identify(src/marl_nav2_plugins) by extension 'ignore_ament_install'
[0.851s] Level 1:colcon.colcon_core.package_identification:_identify(src/marl_nav2_plugins) by extensions ['colcon_pkg']
[0.851s] Level 1:colcon.colcon_core.package_identification:_identify(src/marl_nav2_plugins) by extension 'colcon_pkg'
[0.851s] Level 1:colcon.colcon_core.package_identification:_identify(src/marl_nav2_plugins) by extensions ['colcon_meta']
[0.851s] Level 1:colcon.colcon_core.package_identification:_identify(src/marl_nav2_plugins) by extension 'colcon_meta'
[0.851s] Level 1:colcon.colcon_core.package_identification:_identify(src/marl_nav2_plugins) by extensions ['ros']
[0.851s] Level 1:colcon.colcon_core.package_identification:_identify(src/marl_nav2_plugins) by extension 'ros'
[0.851s] DEBUG:colcon.colcon_core.package_identification:Package 'src/marl_nav2_plugins' with type 'ros.ament_cmake' and name 'marl_nav2_plugins'
[0.851s] Level 1:colcon.colcon_core.package_discovery:discover_packages(recursive) using defaults
[0.852s] Level 1:colcon.colcon_core.package_discovery:discover_packages(ignore) discover
[0.852s] Level 1:colcon.colcon_core.package_discovery:discover_packages(ignore) using defaults
[0.852s] Level 1:colcon.colcon_core.package_discovery:discover_packages(path) discover
[0.852s] Level 1:colcon.colcon_core.package_discovery:discover_packages(path) using defaults
[0.876s] INFO:colcon.colcon_core.package_selection:Skipping not selected package 'marl_car_ros2' in 'src/marl_car_ros2'
[0.877s] Level 1:colcon.colcon_core.package_discovery:discover_packages(prefix_path) check parameters
[0.877s] Level 1:colcon.colcon_core.package_discovery:discover_packages(prefix_path) discover
[0.881s] DEBUG:colcon.colcon_installed_package_information.package_discovery:Found 317 installed packages in /opt/ros/jazzy
[0.882s] Level 1:colcon.colcon_core.package_discovery:discover_packages(prefix_path) using defaults
[0.997s] Level 5:colcon.colcon_core.verb:set package 'marl_nav2_plugins' build argument 'cmake_args' from command line to 'None'
[0.997s] Level 5:colcon.colcon_core.verb:set package 'marl_nav2_plugins' build argument 'cmake_target' from command line to 'None'
[0.997s] Level 5:colcon.colcon_core.verb:set package 'marl_nav2_plugins' build argument 'cmake_target_skip_unavailable' from command line to 'False'
[0.997s] Level 5:colcon.colcon_core.verb:set package 'marl_nav2_plugins' build argument 'cmake_clean_cache' from command line to 'False'
[0.997s] Level 5:colcon.colcon_core.verb:set package 'marl_nav2_plugins' build argument 'cmake_clean_first' from command line to 'False'
[0.997s] Level 5:colcon.colcon_core.verb:set package 'marl_nav2_plugins' build argument 'cmake_force_configure' from command line to 'False'
[0.997s] Level 5:colcon.colcon_core.verb:set package 'marl_nav2_plugins' build argument 'ament_cmake_args' from command line to 'None'
[0.997s] Level 5:colcon.colcon_core.verb:set package 'marl_nav2_plugins' build argument 'catkin_cmake_args' from command line to 'None'
[0.997s] Level 5:colcon.colcon_core.verb:set package 'marl_nav2_plugins' build argument 'catkin_skip_building_tests' from command line to 'False'
[0.997s] DEBUG:colcon.colcon_core.verb:Building package 'marl_nav2_plugins' with the following arguments: {'ament_cmake_args': None, 'build_base': '/home/grok/ros2_ws/build/marl_nav2_plugins', 'catkin_cmake_args': None, 'catkin_skip_building_tests': False, 'cmake_args': None, 'cmake_clean_cache': False, 'cmake_clean_first': False, 'cmake_force_configure': False, 'cmake_target': None, 'cmake_target_skip_unavailable': False, 'install_base': '/home/grok/ros2_ws/install/marl_nav2_plugins', 'merge_install': False, 'path': '/home/grok/ros2_ws/src/marl_nav2_plugins', 'symlink_install': False, 'test_result_base': None}
[0.997s] INFO:colcon.colcon_core.executor:Executing jobs using 'parallel' executor
[0.999s] DEBUG:colcon.colcon_parallel_executor.executor.parallel:run_until_complete
[0.999s] INFO:colcon.colcon_ros.task.ament_cmake.build:Building ROS package in '/home/grok/ros2_ws/src/marl_nav2_plugins' with build type 'ament_cmake'
[0.999s] INFO:colcon.colcon_cmake.task.cmake.build:Building CMake package in '/home/grok/ros2_ws/src/marl_nav2_plugins'
[1.006s] INFO:colcon.colcon_core.plugin_system:Skipping extension 'colcon_core.shell.bat': Not used on non-Windows systems
[1.006s] INFO:colcon.colcon_core.shell:Skip shell extension 'powershell' for command environment: Not usable outside of PowerShell
[1.006s] DEBUG:colcon.colcon_core.shell:Skip shell extension 'dsv' for command environment
[1.016s] DEBUG:colcon.colcon_core.event_handler.log_command:Invoking command in '/home/grok/ros2_ws/build/marl_nav2_plugins': CMAKE_PREFIX_PATH=${CMAKE_PREFIX_PATH}:/opt/ros/jazzy /usr/bin/cmake /home/grok/ros2_ws/src/marl_nav2_plugins -DCMAKE_INSTALL_PREFIX=/home/grok/ros2_ws/install/marl_nav2_plugins
[18.196s] DEBUG:colcon.colcon_core.event_handler.log_command:Invoked command in '/home/grok/ros2_ws/build/marl_nav2_plugins' returned '1': CMAKE_PREFIX_PATH=${CMAKE_PREFIX_PATH}:/opt/ros/jazzy /usr/bin/cmake /home/grok/ros2_ws/src/marl_nav2_plugins -DCMAKE_INSTALL_PREFIX=/home/grok/ros2_ws/install/marl_nav2_plugins
[18.206s] Level 1:colcon.colcon_core.environment:create_environment_scripts_only(marl_nav2_plugins)
[18.214s] Level 1:colcon.colcon_core.environment:checking '/home/grok/ros2_ws/install/marl_nav2_plugins' for CMake module files
[18.214s] Level 1:colcon.colcon_core.environment:checking '/home/grok/ros2_ws/install/marl_nav2_plugins' for CMake config files
[18.214s] Level 1:colcon.colcon_core.environment:checking '/home/grok/ros2_ws/install/marl_nav2_plugins/bin'
[18.214s] Level 1:colcon.colcon_core.environment:checking '/home/grok/ros2_ws/install/marl_nav2_plugins/lib/pkgconfig/marl_nav2_plugins.pc'
[18.215s] Level 1:colcon.colcon_core.environment:checking '/home/grok/ros2_ws/install/marl_nav2_plugins/lib/python3.12/site-packages'
[18.215s] Level 1:colcon.colcon_core.environment:checking '/home/grok/ros2_ws/install/marl_nav2_plugins/bin'
[18.215s] INFO:colcon.colcon_core.shell:Creating package script '/home/grok/ros2_ws/install/marl_nav2_plugins/share/marl_nav2_plugins/package.ps1'
[18.217s] INFO:colcon.colcon_core.shell:Creating package descriptor '/home/grok/ros2_ws/install/marl_nav2_plugins/share/marl_nav2_plugins/package.dsv'
[18.218s] INFO:colcon.colcon_core.shell:Creating package script '/home/grok/ros2_ws/install/marl_nav2_plugins/share/marl_nav2_plugins/package.sh'
[18.218s] INFO:colcon.colcon_core.shell:Creating package script '/home/grok/ros2_ws/install/marl_nav2_plugins/share/marl_nav2_plugins/package.bash'
[18.219s] INFO:colcon.colcon_core.shell:Creating package script '/home/grok/ros2_ws/install/marl_nav2_plugins/share/marl_nav2_plugins/package.zsh'
[18.220s] Level 1:colcon.colcon_core.environment:create_file_with_runtime_dependencies(/home/grok/ros2_ws/install/marl_nav2_plugins/share/colcon-core/packages/marl_nav2_plugins)
[18.220s] DEBUG:colcon.colcon_parallel_executor.executor.parallel:closing loop
[18.221s] DEBUG:colcon.colcon_parallel_executor.executor.parallel:loop closed
[18.221s] DEBUG:colcon.colcon_parallel_executor.executor.parallel:run_until_complete finished with '1'
[18.221s] DEBUG:colcon.colcon_core.event_reactor:joining thread
[18.394s] INFO:colcon.colcon_core.plugin_system:Skipping extension 'colcon_notification.desktop_notification.notify_send': Could not find 'notify-send'
[18.395s] INFO:colcon.colcon_core.plugin_system:Skipping extension 'colcon_notification.desktop_notification.terminal_notifier': Not used on non-Darwin systems
[18.395s] INFO:colcon.colcon_core.plugin_system:Skipping extension 'colcon_notification.desktop_notification.win32': Not used on non-Windows systems
[18.395s] INFO:colcon.colcon_notification.desktop_notification:Sending desktop notification using 'notify2'
[18.399s] DEBUG:colcon.colcon_notification.desktop_notification.notify2:Failed to initialize notify2: org.freedesktop.DBus.Error.ServiceUnknown: The name org.freedesktop.Notifications was not provided by any .service files
[18.399s] DEBUG:colcon.colcon_core.event_reactor:joined thread
[18.400s] INFO:colcon.colcon_core.shell:Creating prefix script '/home/grok/ros2_ws/install/local_setup.ps1'
[18.401s] INFO:colcon.colcon_core.shell:Creating prefix util module '/home/grok/ros2_ws/install/_local_setup_util_ps1.py'
[18.403s] INFO:colcon.colcon_core.shell:Creating prefix chain script '/home/grok/ros2_ws/install/setup.ps1'
[18.405s] INFO:colcon.colcon_core.shell:Creating prefix script '/home/grok/ros2_ws/install/local_setup.sh'
[18.406s] INFO:colcon.colcon_core.shell:Creating prefix util module '/home/grok/ros2_ws/install/_local_setup_util_sh.py'
[18.406s] INFO:colcon.colcon_core.shell:Creating prefix chain script '/home/grok/ros2_ws/install/setup.sh'
[18.408s] INFO:colcon.colcon_core.shell:Creating prefix script '/home/grok/ros2_ws/install/local_setup.bash'
[18.409s] INFO:colcon.colcon_core.shell:Creating prefix chain script '/home/grok/ros2_ws/install/setup.bash'
[18.411s] INFO:colcon.colcon_core.shell:Creating prefix script '/home/grok/ros2_ws/install/local_setup.zsh'
[18.412s] INFO:colcon.colcon_core.shell:Creating prefix chain script '/home/grok/ros2_ws/install/setup.zsh'
