running develop
Removing /home/grok/ros2_ws/install/marl_car_ros2/lib/python3.12/site-packages/marl-car-ros2.egg-link (link to .)
running egg_info
writing ../../build/marl_car_ros2/marl_car_ros2.egg-info/PKG-INFO
writing dependency_links to ../../build/marl_car_ros2/marl_car_ros2.egg-info/dependency_links.txt
writing entry points to ../../build/marl_car_ros2/marl_car_ros2.egg-info/entry_points.txt
writing requirements to ../../build/marl_car_ros2/marl_car_ros2.egg-info/requires.txt
writing top-level names to ../../build/marl_car_ros2/marl_car_ros2.egg-info/top_level.txt
reading manifest file '../../build/marl_car_ros2/marl_car_ros2.egg-info/SOURCES.txt'
writing manifest file '../../build/marl_car_ros2/marl_car_ros2.egg-info/SOURCES.txt'
running build
running build_py
running install
running install_lib
creating /home/grok/ros2_ws/install/marl_car_ros2/lib/python3.12/site-packages/marl_car_ros2
copying /home/grok/ros2_ws/build/marl_car_ros2/build/lib/marl_car_ros2/train_rllib.py -> /home/grok/ros2_ws/install/marl_car_ros2/lib/python3.12/site-packages/marl_car_ros2
copying /home/grok/ros2_ws/build/marl_car_ros2/build/lib/marl_car_ros2/supervisor_status_marker_node.py -> /home/grok/ros2_ws/install/marl_car_ros2/lib/python3.12/site-packages/marl_car_ros2
copying /home/grok/ros2_ws/build/marl_car_ros2/build/lib/marl_car_ros2/evaluation_metrics.py -> /home/grok/ros2_ws/install/marl_car_ros2/lib/python3.12/site-packages/marl_car_ros2
copying /home/grok/ros2_ws/build/marl_car_ros2/build/lib/marl_car_ros2/observation_builder.py -> /home/grok/ros2_ws/install/marl_car_ros2/lib/python3.12/site-packages/marl_car_ros2
copying /home/grok/ros2_ws/build/marl_car_ros2/build/lib/marl_car_ros2/termination_checker.py -> /home/grok/ros2_ws/install/marl_car_ros2/lib/python3.12/site-packages/marl_car_ros2
copying /home/grok/ros2_ws/build/marl_car_ros2/build/lib/marl_car_ros2/agent_trace.py -> /home/grok/ros2_ws/install/marl_car_ros2/lib/python3.12/site-packages/marl_car_ros2
copying /home/grok/ros2_ws/build/marl_car_ros2/build/lib/marl_car_ros2/__init__.py -> /home/grok/ros2_ws/install/marl_car_ros2/lib/python3.12/site-packages/marl_car_ros2
copying /home/grok/ros2_ws/build/marl_car_ros2/build/lib/marl_car_ros2/decision_protocol.py -> /home/grok/ros2_ws/install/marl_car_ros2/lib/python3.12/site-packages/marl_car_ros2
copying /home/grok/ros2_ws/build/marl_car_ros2/build/lib/marl_car_ros2/multi_agent_game.py -> /home/grok/ros2_ws/install/marl_car_ros2/lib/python3.12/site-packages/marl_car_ros2
copying /home/grok/ros2_ws/build/marl_car_ros2/build/lib/marl_car_ros2/reward_evaluator.py -> /home/grok/ros2_ws/install/marl_car_ros2/lib/python3.12/site-packages/marl_car_ros2
copying /home/grok/ros2_ws/build/marl_car_ros2/build/lib/marl_car_ros2/supervisor_node.py -> /home/grok/ros2_ws/install/marl_car_ros2/lib/python3.12/site-packages/marl_car_ros2
copying /home/grok/ros2_ws/build/marl_car_ros2/build/lib/marl_car_ros2/shared_types.py -> /home/grok/ros2_ws/install/marl_car_ros2/lib/python3.12/site-packages/marl_car_ros2
copying /home/grok/ros2_ws/build/marl_car_ros2/build/lib/marl_car_ros2/scenario_mutator.py -> /home/grok/ros2_ws/install/marl_car_ros2/lib/python3.12/site-packages/marl_car_ros2
copying /home/grok/ros2_ws/build/marl_car_ros2/build/lib/marl_car_ros2/task_agent.py -> /home/grok/ros2_ws/install/marl_car_ros2/lib/python3.12/site-packages/marl_car_ros2
copying /home/grok/ros2_ws/build/marl_car_ros2/build/lib/marl_car_ros2/risk_marker_node.py -> /home/grok/ros2_ws/install/marl_car_ros2/lib/python3.12/site-packages/marl_car_ros2
copying /home/grok/ros2_ws/build/marl_car_ros2/build/lib/marl_car_ros2/baseline_nav_node.py -> /home/grok/ros2_ws/install/marl_car_ros2/lib/python3.12/site-packages/marl_car_ros2
copying /home/grok/ros2_ws/build/marl_car_ros2/build/lib/marl_car_ros2/dummy_joint_runner.py -> /home/grok/ros2_ws/install/marl_car_ros2/lib/python3.12/site-packages/marl_car_ros2
copying /home/grok/ros2_ws/build/marl_car_ros2/build/lib/marl_car_ros2/pettingzoo_adapter.py -> /home/grok/ros2_ws/install/marl_car_ros2/lib/python3.12/site-packages/marl_car_ros2
copying /home/grok/ros2_ws/build/marl_car_ros2/build/lib/marl_car_ros2/world_model_mutator.py -> /home/grok/ros2_ws/install/marl_car_ros2/lib/python3.12/site-packages/marl_car_ros2
copying /home/grok/ros2_ws/build/marl_car_ros2/build/lib/marl_car_ros2/marl_env_wrapper.py -> /home/grok/ros2_ws/install/marl_car_ros2/lib/python3.12/site-packages/marl_car_ros2
copying /home/grok/ros2_ws/build/marl_car_ros2/build/lib/marl_car_ros2/nav_tf_bridge_node.py -> /home/grok/ros2_ws/install/marl_car_ros2/lib/python3.12/site-packages/marl_car_ros2
copying /home/grok/ros2_ws/build/marl_car_ros2/build/lib/marl_car_ros2/monitor_logger_node.py -> /home/grok/ros2_ws/install/marl_car_ros2/lib/python3.12/site-packages/marl_car_ros2
copying /home/grok/ros2_ws/build/marl_car_ros2/build/lib/marl_car_ros2/world_event_marker_node.py -> /home/grok/ros2_ws/install/marl_car_ros2/lib/python3.12/site-packages/marl_car_ros2
byte-compiling /home/grok/ros2_ws/install/marl_car_ros2/lib/python3.12/site-packages/marl_car_ros2/train_rllib.py to train_rllib.cpython-312.pyc
byte-compiling /home/grok/ros2_ws/install/marl_car_ros2/lib/python3.12/site-packages/marl_car_ros2/supervisor_status_marker_node.py to supervisor_status_marker_node.cpython-312.pyc
byte-compiling /home/grok/ros2_ws/install/marl_car_ros2/lib/python3.12/site-packages/marl_car_ros2/evaluation_metrics.py to evaluation_metrics.cpython-312.pyc
byte-compiling /home/grok/ros2_ws/install/marl_car_ros2/lib/python3.12/site-packages/marl_car_ros2/observation_builder.py to observation_builder.cpython-312.pyc
byte-compiling /home/grok/ros2_ws/install/marl_car_ros2/lib/python3.12/site-packages/marl_car_ros2/termination_checker.py to termination_checker.cpython-312.pyc
byte-compiling /home/grok/ros2_ws/install/marl_car_ros2/lib/python3.12/site-packages/marl_car_ros2/agent_trace.py to agent_trace.cpython-312.pyc
byte-compiling /home/grok/ros2_ws/install/marl_car_ros2/lib/python3.12/site-packages/marl_car_ros2/__init__.py to __init__.cpython-312.pyc
byte-compiling /home/grok/ros2_ws/install/marl_car_ros2/lib/python3.12/site-packages/marl_car_ros2/decision_protocol.py to decision_protocol.cpython-312.pyc
byte-compiling /home/grok/ros2_ws/install/marl_car_ros2/lib/python3.12/site-packages/marl_car_ros2/multi_agent_game.py to multi_agent_game.cpython-312.pyc
byte-compiling /home/grok/ros2_ws/install/marl_car_ros2/lib/python3.12/site-packages/marl_car_ros2/reward_evaluator.py to reward_evaluator.cpython-312.pyc
byte-compiling /home/grok/ros2_ws/install/marl_car_ros2/lib/python3.12/site-packages/marl_car_ros2/supervisor_node.py to supervisor_node.cpython-312.pyc
byte-compiling /home/grok/ros2_ws/install/marl_car_ros2/lib/python3.12/site-packages/marl_car_ros2/shared_types.py to shared_types.cpython-312.pyc
byte-compiling /home/grok/ros2_ws/install/marl_car_ros2/lib/python3.12/site-packages/marl_car_ros2/scenario_mutator.py to scenario_mutator.cpython-312.pyc
byte-compiling /home/grok/ros2_ws/install/marl_car_ros2/lib/python3.12/site-packages/marl_car_ros2/task_agent.py to task_agent.cpython-312.pyc
byte-compiling /home/grok/ros2_ws/install/marl_car_ros2/lib/python3.12/site-packages/marl_car_ros2/risk_marker_node.py to risk_marker_node.cpython-312.pyc
byte-compiling /home/grok/ros2_ws/install/marl_car_ros2/lib/python3.12/site-packages/marl_car_ros2/baseline_nav_node.py to baseline_nav_node.cpython-312.pyc
byte-compiling /home/grok/ros2_ws/install/marl_car_ros2/lib/python3.12/site-packages/marl_car_ros2/dummy_joint_runner.py to dummy_joint_runner.cpython-312.pyc
byte-compiling /home/grok/ros2_ws/install/marl_car_ros2/lib/python3.12/site-packages/marl_car_ros2/pettingzoo_adapter.py to pettingzoo_adapter.cpython-312.pyc
byte-compiling /home/grok/ros2_ws/install/marl_car_ros2/lib/python3.12/site-packages/marl_car_ros2/world_model_mutator.py to world_model_mutator.cpython-312.pyc
byte-compiling /home/grok/ros2_ws/install/marl_car_ros2/lib/python3.12/site-packages/marl_car_ros2/marl_env_wrapper.py to marl_env_wrapper.cpython-312.pyc
byte-compiling /home/grok/ros2_ws/install/marl_car_ros2/lib/python3.12/site-packages/marl_car_ros2/nav_tf_bridge_node.py to nav_tf_bridge_node.cpython-312.pyc
byte-compiling /home/grok/ros2_ws/install/marl_car_ros2/lib/python3.12/site-packages/marl_car_ros2/monitor_logger_node.py to monitor_logger_node.cpython-312.pyc
byte-compiling /home/grok/ros2_ws/install/marl_car_ros2/lib/python3.12/site-packages/marl_car_ros2/world_event_marker_node.py to world_event_marker_node.cpython-312.pyc
running install_data
copying resource/marl_car_ros2 -> /home/grok/ros2_ws/install/marl_car_ros2/share/ament_index/resource_index/packages
copying package.xml -> /home/grok/ros2_ws/install/marl_car_ros2/share/marl_car_ros2
copying launch/marl_stack_minimal.launch.py -> /home/grok/ros2_ws/install/marl_car_ros2/share/marl_car_ros2/launch
copying launch/baseline_world_turns.launch.py -> /home/grok/ros2_ws/install/marl_car_ros2/share/marl_car_ros2/launch
copying launch/baseline_nav2.launch.py -> /home/grok/ros2_ws/install/marl_car_ros2/share/marl_car_ros2/launch
copying launch/baseline_world_dynamic.launch.py -> /home/grok/ros2_ws/install/marl_car_ros2/share/marl_car_ros2/launch
copying launch/evaluation.launch.py -> /home/grok/ros2_ws/install/marl_car_ros2/share/marl_car_ros2/launch
copying launch/sim.launch.py -> /home/grok/ros2_ws/install/marl_car_ros2/share/marl_car_ros2/launch
copying launch/agent_nav2.launch.py -> /home/grok/ros2_ws/install/marl_car_ros2/share/marl_car_ros2/launch
copying launch/nav2_visualization.launch.py -> /home/grok/ros2_ws/install/marl_car_ros2/share/marl_car_ros2/launch
copying launch/marl_stack.launch.py -> /home/grok/ros2_ws/install/marl_car_ros2/share/marl_car_ros2/launch
copying launch/baseline_world_narrow.launch.py -> /home/grok/ros2_ws/install/marl_car_ros2/share/marl_car_ros2/launch
copying config/nav2_params.yaml -> /home/grok/ros2_ws/install/marl_car_ros2/share/marl_car_ros2/config
copying config/baseline_world_scenarios.yaml -> /home/grok/ros2_ws/install/marl_car_ros2/share/marl_car_ros2/config
copying config/nav2_params_rpp.yaml -> /home/grok/ros2_ws/install/marl_car_ros2/share/marl_car_ros2/config
copying rviz/nav2_default.rviz -> /home/grok/ros2_ws/install/marl_car_ros2/share/marl_car_ros2/rviz
copying urdf/simple_marl_car.urdf -> /home/grok/ros2_ws/install/marl_car_ros2/share/marl_car_ros2/urdf
copying worlds/baseline_sharp_turns.world -> /home/grok/ros2_ws/install/marl_car_ros2/share/marl_car_ros2/worlds
copying worlds/minimal.world -> /home/grok/ros2_ws/install/marl_car_ros2/share/marl_car_ros2/worlds
copying worlds/baseline_dynamic_crossing.world -> /home/grok/ros2_ws/install/marl_car_ros2/share/marl_car_ros2/worlds
copying worlds/baseline_narrow_corridor.world -> /home/grok/ros2_ws/install/marl_car_ros2/share/marl_car_ros2/worlds
copying models/simple_marl_car/model.config -> /home/grok/ros2_ws/install/marl_car_ros2/share/marl_car_ros2/models/simple_marl_car
copying models/simple_marl_car/model.sdf -> /home/grok/ros2_ws/install/marl_car_ros2/share/marl_car_ros2/models/simple_marl_car
running install_egg_info
Copying ../../build/marl_car_ros2/marl_car_ros2.egg-info to /home/grok/ros2_ws/install/marl_car_ros2/lib/python3.12/site-packages/marl_car_ros2-0.1.0-py3.12.egg-info
running install_scripts
Installing baseline_nav_node script to /home/grok/ros2_ws/install/marl_car_ros2/lib/marl_car_ros2
Installing dummy_joint_runner script to /home/grok/ros2_ws/install/marl_car_ros2/lib/marl_car_ros2
Installing evaluation_metrics script to /home/grok/ros2_ws/install/marl_car_ros2/lib/marl_car_ros2
Installing monitor_logger script to /home/grok/ros2_ws/install/marl_car_ros2/lib/marl_car_ros2
Installing multi_agent_game script to /home/grok/ros2_ws/install/marl_car_ros2/lib/marl_car_ros2
Installing nav_tf_bridge script to /home/grok/ros2_ws/install/marl_car_ros2/lib/marl_car_ros2
Installing risk_marker script to /home/grok/ros2_ws/install/marl_car_ros2/lib/marl_car_ros2
Installing scenario_mutator script to /home/grok/ros2_ws/install/marl_car_ros2/lib/marl_car_ros2
Installing supervisor_node script to /home/grok/ros2_ws/install/marl_car_ros2/lib/marl_car_ros2
Installing supervisor_status_marker script to /home/grok/ros2_ws/install/marl_car_ros2/lib/marl_car_ros2
Installing task_agent script to /home/grok/ros2_ws/install/marl_car_ros2/lib/marl_car_ros2
Installing train_rllib script to /home/grok/ros2_ws/install/marl_car_ros2/lib/marl_car_ros2
Installing world_event_marker script to /home/grok/ros2_ws/install/marl_car_ros2/lib/marl_car_ros2
Installing world_model_mutator script to /home/grok/ros2_ws/install/marl_car_ros2/lib/marl_car_ros2
writing list of installed files to '/home/grok/ros2_ws/build/marl_car_ros2/install.log'
