-- Found ament_cmake: 2.5.5 (/opt/ros/jazzy/share/ament_cmake/cmake)
-- Found rclcpp: 28.1.16 (/opt/ros/jazzy/share/rclcpp/cmake)
-- Found rosidl_generator_c: 4.6.7 (/opt/ros/jazzy/share/rosidl_generator_c/cmake)
-- Found rosidl_generator_cpp: 4.6.7 (/opt/ros/jazzy/share/rosidl_generator_cpp/cmake)
-- Using all available rosidl_typesupport_c: rosidl_typesupport_fastrtps_c;rosidl_typesupport_introspection_c
-- Using all available rosidl_typesupport_cpp: rosidl_typesupport_fastrtps_cpp;rosidl_typesupport_introspection_cpp
-- Found rmw_implementation_cmake: 7.3.3 (/opt/ros/jazzy/share/rmw_implementation_cmake/cmake)
-- Found rmw_fastrtps_cpp: 8.4.3 (/opt/ros/jazzy/share/rmw_fastrtps_cpp/cmake)
-- Using RMW implementation 'rmw_fastrtps_cpp' as default
-- Found pluginlib: 5.4.4 (/opt/ros/jazzy/share/pluginlib/cmake)
CMake Error at CMakeLists.txt:11 (find_package):
  By not providing "Findnav2_costmap_2d.cmake" in CMAKE_MODULE_PATH this
  project has asked CMake to find a package configuration file provided by
  "nav2_costmap_2d", but CMake did not find one.

  Could not find a package configuration file provided by "nav2_costmap_2d"
  with any of the following names:

    nav2_costmap_2dConfig.cmake
    nav2_costmap_2d-config.cmake

  Add the installation prefix of "nav2_costmap_2d" to CMAKE_PREFIX_PATH or
  set "nav2_costmap_2d_DIR" to a directory containing one of the above files.
  If "nav2_costmap_2d" provides a separate development package or SDK, be
  sure it has been installed.


-- Configuring incomplete, errors occurred!
