[0.006s] Invoking command in '/home/grok/ros2_ws/build/marl_nav2_plugins': CMAKE_PREFIX_PATH=${CMAKE_PREFIX_PATH}:/opt/ros/jazzy /usr/bin/cmake /home/grok/ros2_ws/src/marl_nav2_plugins -DCMAKE_INSTALL_PREFIX=/home/grok/ros2_ws/install/marl_nav2_plugins
[0.016s] -- Found ament_cmake: 2.5.5 (/opt/ros/jazzy/share/ament_cmake/cmake)
[0.163s] -- Found rclcpp: 28.1.16 (/opt/ros/jazzy/share/rclcpp/cmake)
[0.760s] -- Found rosidl_generator_c: 4.6.7 (/opt/ros/jazzy/share/rosidl_generator_c/cmake)
[0.768s] -- Found rosidl_generator_cpp: 4.6.7 (/opt/ros/jazzy/share/rosidl_generator_cpp/cmake)
[0.779s] -- Using all available rosidl_typesupport_c: rosidl_typesupport_fastrtps_c;rosidl_typesupport_introspection_c
[0.788s] -- Using all available rosidl_typesupport_cpp: rosidl_typesupport_fastrtps_cpp;rosidl_typesupport_introspection_cpp
[0.836s] -- Found rmw_implementation_cmake: 7.3.3 (/opt/ros/jazzy/share/rmw_implementation_cmake/cmake)
[0.838s] -- Found rmw_fastrtps_cpp: 8.4.3 (/opt/ros/jazzy/share/rmw_fastrtps_cpp/cmake)
[1.639s] -- Using RMW implementation 'rmw_fastrtps_cpp' as default
[2.220s] -- Found pluginlib: 5.4.4 (/opt/ros/jazzy/share/pluginlib/cmake)
[7.256s] CMake Error at CMakeLists.txt:11 (find_package):
[7.257s]   By not providing "Findnav2_costmap_2d.cmake" in CMAKE_MODULE_PATH this
[7.257s]   project has asked CMake to find a package configuration file provided by
[7.257s]   "nav2_costmap_2d", but CMake did not find one.
[7.257s] 
[7.257s]   Could not find a package configuration file provided by "nav2_costmap_2d"
[7.257s]   with any of the following names:
[7.257s] 
[7.257s]     nav2_costmap_2dConfig.cmake
[7.257s]     nav2_costmap_2d-config.cmake
[7.257s] 
[7.257s]   Add the installation prefix of "nav2_costmap_2d" to CMAKE_PREFIX_PATH or
[7.257s]   set "nav2_costmap_2d_DIR" to a directory containing one of the above files.
[7.257s]   If "nav2_costmap_2d" provides a separate development package or SDK, be
[7.257s]   sure it has been installed.
[7.257s] 
[7.257s] 
[7.257s] -- Configuring incomplete, errors occurred!
[7.265s] Invoked command in '/home/grok/ros2_ws/build/marl_nav2_plugins' returned '1': CMAKE_PREFIX_PATH=${CMAKE_PREFIX_PATH}:/opt/ros/jazzy /usr/bin/cmake /home/grok/ros2_ws/src/marl_nav2_plugins -DCMAKE_INSTALL_PREFIX=/home/grok/ros2_ws/install/marl_nav2_plugins
