running develop
running egg_info
creating marl_car_ros2.egg-info
writing marl_car_ros2.egg-info/PKG-INFO
writing dependency_links to marl_car_ros2.egg-info/dependency_links.txt
writing entry points to marl_car_ros2.egg-info/entry_points.txt
writing requirements to marl_car_ros2.egg-info/requires.txt
writing top-level names to marl_car_ros2.egg-info/top_level.txt
writing manifest file 'marl_car_ros2.egg-info/SOURCES.txt'
reading manifest file 'marl_car_ros2.egg-info/SOURCES.txt'
writing manifest file 'marl_car_ros2.egg-info/SOURCES.txt'
running build_ext
Creating /home/grok/ros2_ws/install/marl_car_ros2/lib/python3.12/site-packages/marl-car-ros2.egg-link (link to .)
Installing baseline_nav_node script to /home/grok/ros2_ws/install/marl_car_ros2/lib/marl_car_ros2
Installing benchmark_gui script to /home/grok/ros2_ws/install/marl_car_ros2/lib/marl_car_ros2
Installing benchmark_runner script to /home/grok/ros2_ws/install/marl_car_ros2/lib/marl_car_ros2
Installing benchmark_visualizer script to /home/grok/ros2_ws/install/marl_car_ros2/lib/marl_car_ros2
Installing dummy_joint_runner script to /home/grok/ros2_ws/install/marl_car_ros2/lib/marl_car_ros2
Installing evaluation_metrics script to /home/grok/ros2_ws/install/marl_car_ros2/lib/marl_car_ros2
Installing monitor_logger script to /home/grok/ros2_ws/install/marl_car_ros2/lib/marl_car_ros2
Installing multi_agent_game script to /home/grok/ros2_ws/install/marl_car_ros2/lib/marl_car_ros2
Installing nav_goal_sender script to /home/grok/ros2_ws/install/marl_car_ros2/lib/marl_car_ros2
Installing nav_tf_bridge script to /home/grok/ros2_ws/install/marl_car_ros2/lib/marl_car_ros2
Installing risk_marker script to /home/grok/ros2_ws/install/marl_car_ros2/lib/marl_car_ros2
Installing scan_stamp_bridge script to /home/grok/ros2_ws/install/marl_car_ros2/lib/marl_car_ros2
Installing scenario_mutator script to /home/grok/ros2_ws/install/marl_car_ros2/lib/marl_car_ros2
Installing supervisor_node script to /home/grok/ros2_ws/install/marl_car_ros2/lib/marl_car_ros2
Installing supervisor_status_marker script to /home/grok/ros2_ws/install/marl_car_ros2/lib/marl_car_ros2
Installing task_agent script to /home/grok/ros2_ws/install/marl_car_ros2/lib/marl_car_ros2
Installing train_rllib script to /home/grok/ros2_ws/install/marl_car_ros2/lib/marl_car_ros2
Installing world_event_marker script to /home/grok/ros2_ws/install/marl_car_ros2/lib/marl_car_ros2
Installing world_model_mutator script to /home/grok/ros2_ws/install/marl_car_ros2/lib/marl_car_ros2

Installed /home/grok/ros2_ws/build/marl_car_ros2
running symlink_data
creating /home/grok/ros2_ws/install/marl_car_ros2/share/ament_index
creating /home/grok/ros2_ws/install/marl_car_ros2/share/ament_index/resource_index
creating /home/grok/ros2_ws/install/marl_car_ros2/share/ament_index/resource_index/packages
symbolically linking /home/grok/ros2_ws/build/marl_car_ros2/resource/marl_car_ros2 -> /home/grok/ros2_ws/install/marl_car_ros2/share/ament_index/resource_index/packages
symbolically linking /home/grok/ros2_ws/build/marl_car_ros2/package.xml -> /home/grok/ros2_ws/install/marl_car_ros2/share/marl_car_ros2
creating /home/grok/ros2_ws/install/marl_car_ros2/share/marl_car_ros2/launch
symbolically linking /home/grok/ros2_ws/build/marl_car_ros2/launch/baseline_nav2.launch.py -> /home/grok/ros2_ws/install/marl_car_ros2/share/marl_car_ros2/launch
symbolically linking /home/grok/ros2_ws/build/marl_car_ros2/launch/evaluation.launch.py -> /home/grok/ros2_ws/install/marl_car_ros2/share/marl_car_ros2/launch
symbolically linking /home/grok/ros2_ws/build/marl_car_ros2/launch/sim.launch.py -> /home/grok/ros2_ws/install/marl_car_ros2/share/marl_car_ros2/launch
symbolically linking /home/grok/ros2_ws/build/marl_car_ros2/launch/benchmark_demo.launch.py -> /home/grok/ros2_ws/install/marl_car_ros2/share/marl_car_ros2/launch
symbolically linking /home/grok/ros2_ws/build/marl_car_ros2/launch/agent_nav2.launch.py -> /home/grok/ros2_ws/install/marl_car_ros2/share/marl_car_ros2/launch
creating /home/grok/ros2_ws/install/marl_car_ros2/share/marl_car_ros2/config
symbolically linking /home/grok/ros2_ws/build/marl_car_ros2/config/nav2_params.yaml -> /home/grok/ros2_ws/install/marl_car_ros2/share/marl_car_ros2/config
symbolically linking /home/grok/ros2_ws/build/marl_car_ros2/config/baseline_world_scenarios.yaml -> /home/grok/ros2_ws/install/marl_car_ros2/share/marl_car_ros2/config
symbolically linking /home/grok/ros2_ws/build/marl_car_ros2/config/nav2_params_rpp.yaml -> /home/grok/ros2_ws/install/marl_car_ros2/share/marl_car_ros2/config
symbolically linking /home/grok/ros2_ws/build/marl_car_ros2/config/benchmark_defaults.yaml -> /home/grok/ros2_ws/install/marl_car_ros2/share/marl_car_ros2/config
creating /home/grok/ros2_ws/install/marl_car_ros2/share/marl_car_ros2/rviz
symbolically linking /home/grok/ros2_ws/build/marl_car_ros2/rviz/nav2_default.rviz -> /home/grok/ros2_ws/install/marl_car_ros2/share/marl_car_ros2/rviz
symbolically linking /home/grok/ros2_ws/build/marl_car_ros2/rviz/benchmark.rviz -> /home/grok/ros2_ws/install/marl_car_ros2/share/marl_car_ros2/rviz
creating /home/grok/ros2_ws/install/marl_car_ros2/share/marl_car_ros2/urdf
symbolically linking /home/grok/ros2_ws/build/marl_car_ros2/urdf/simple_marl_car.urdf -> /home/grok/ros2_ws/install/marl_car_ros2/share/marl_car_ros2/urdf
creating /home/grok/ros2_ws/install/marl_car_ros2/share/marl_car_ros2/worlds
symbolically linking /home/grok/ros2_ws/build/marl_car_ros2/worlds/baseline_sharp_turns.world -> /home/grok/ros2_ws/install/marl_car_ros2/share/marl_car_ros2/worlds
symbolically linking /home/grok/ros2_ws/build/marl_car_ros2/worlds/minimal.world -> /home/grok/ros2_ws/install/marl_car_ros2/share/marl_car_ros2/worlds
symbolically linking /home/grok/ros2_ws/build/marl_car_ros2/worlds/baseline_dynamic_crossing.world -> /home/grok/ros2_ws/install/marl_car_ros2/share/marl_car_ros2/worlds
symbolically linking /home/grok/ros2_ws/build/marl_car_ros2/worlds/baseline_narrow_corridor.world -> /home/grok/ros2_ws/install/marl_car_ros2/share/marl_car_ros2/worlds
creating /home/grok/ros2_ws/install/marl_car_ros2/share/marl_car_ros2/models
creating /home/grok/ros2_ws/install/marl_car_ros2/share/marl_car_ros2/models/simple_marl_car
symbolically linking /home/grok/ros2_ws/build/marl_car_ros2/models/simple_marl_car/model.config -> /home/grok/ros2_ws/install/marl_car_ros2/share/marl_car_ros2/models/simple_marl_car
symbolically linking /home/grok/ros2_ws/build/marl_car_ros2/models/simple_marl_car/model.sdf -> /home/grok/ros2_ws/install/marl_car_ros2/share/marl_car_ros2/models/simple_marl_car
