[0.798s] Invoking command in '/home/grok/ros2_ws/build/marl_car_ros2': PYTHONPATH=/home/grok/ros2_ws/build/marl_car_ros2/prefix_override:/usr/lib/python3/dist-packages/colcon_core/task/python/colcon_distutils_commands:/home/grok/ros2_ws/install/marl_car_ros2/lib/python3.12/site-packages:${PYTHONPATH} /usr/bin/python3 -W ignore:setup.py install is deprecated -W ignore:easy_install command is deprecated setup.py develop --editable --build-directory /home/grok/ros2_ws/build/marl_car_ros2/build --no-deps symlink_data
[1.084s] running develop
[1.240s] running egg_info
[1.240s] creating marl_car_ros2.egg-info
[1.259s] writing marl_car_ros2.egg-info/PKG-INFO
[1.260s] writing dependency_links to marl_car_ros2.egg-info/dependency_links.txt
[1.260s] writing entry points to marl_car_ros2.egg-info/entry_points.txt
[1.261s] writing requirements to marl_car_ros2.egg-info/requires.txt
[1.261s] writing top-level names to marl_car_ros2.egg-info/top_level.txt
[1.261s] writing manifest file 'marl_car_ros2.egg-info/SOURCES.txt'
[1.288s] reading manifest file 'marl_car_ros2.egg-info/SOURCES.txt'
[1.289s] writing manifest file 'marl_car_ros2.egg-info/SOURCES.txt'
[1.305s] running build_ext
[1.305s] Creating /home/grok/ros2_ws/install/marl_car_ros2/lib/python3.12/site-packages/marl-car-ros2.egg-link (link to .)
[1.305s] Installing baseline_nav_node script to /home/grok/ros2_ws/install/marl_car_ros2/lib/marl_car_ros2
[1.307s] Installing benchmark_gui script to /home/grok/ros2_ws/install/marl_car_ros2/lib/marl_car_ros2
[1.307s] Installing benchmark_runner script to /home/grok/ros2_ws/install/marl_car_ros2/lib/marl_car_ros2
[1.308s] Installing benchmark_visualizer script to /home/grok/ros2_ws/install/marl_car_ros2/lib/marl_car_ros2
[1.308s] Installing dummy_joint_runner script to /home/grok/ros2_ws/install/marl_car_ros2/lib/marl_car_ros2
[1.308s] Installing evaluation_metrics script to /home/grok/ros2_ws/install/marl_car_ros2/lib/marl_car_ros2
[1.308s] Installing monitor_logger script to /home/grok/ros2_ws/install/marl_car_ros2/lib/marl_car_ros2
[1.309s] Installing multi_agent_game script to /home/grok/ros2_ws/install/marl_car_ros2/lib/marl_car_ros2
[1.309s] Installing nav_goal_sender script to /home/grok/ros2_ws/install/marl_car_ros2/lib/marl_car_ros2
[1.309s] Installing nav_tf_bridge script to /home/grok/ros2_ws/install/marl_car_ros2/lib/marl_car_ros2
[1.309s] Installing risk_marker script to /home/grok/ros2_ws/install/marl_car_ros2/lib/marl_car_ros2
[1.309s] Installing scan_stamp_bridge script to /home/grok/ros2_ws/install/marl_car_ros2/lib/marl_car_ros2
[1.309s] Installing scenario_mutator script to /home/grok/ros2_ws/install/marl_car_ros2/lib/marl_car_ros2
[1.309s] Installing supervisor_node script to /home/grok/ros2_ws/install/marl_car_ros2/lib/marl_car_ros2
[1.309s] Installing supervisor_status_marker script to /home/grok/ros2_ws/install/marl_car_ros2/lib/marl_car_ros2
[1.310s] Installing task_agent script to /home/grok/ros2_ws/install/marl_car_ros2/lib/marl_car_ros2
[1.310s] Installing train_rllib script to /home/grok/ros2_ws/install/marl_car_ros2/lib/marl_car_ros2
[1.310s] Installing world_event_marker script to /home/grok/ros2_ws/install/marl_car_ros2/lib/marl_car_ros2
[1.310s] Installing world_model_mutator script to /home/grok/ros2_ws/install/marl_car_ros2/lib/marl_car_ros2
[1.310s] 
[1.310s] Installed /home/grok/ros2_ws/build/marl_car_ros2
[1.310s] running symlink_data
[1.310s] creating /home/grok/ros2_ws/install/marl_car_ros2/share/ament_index
[1.311s] creating /home/grok/ros2_ws/install/marl_car_ros2/share/ament_index/resource_index
[1.311s] creating /home/grok/ros2_ws/install/marl_car_ros2/share/ament_index/resource_index/packages
[1.311s] symbolically linking /home/grok/ros2_ws/build/marl_car_ros2/resource/marl_car_ros2 -> /home/grok/ros2_ws/install/marl_car_ros2/share/ament_index/resource_index/packages
[1.311s] symbolically linking /home/grok/ros2_ws/build/marl_car_ros2/package.xml -> /home/grok/ros2_ws/install/marl_car_ros2/share/marl_car_ros2
[1.311s] creating /home/grok/ros2_ws/install/marl_car_ros2/share/marl_car_ros2/launch
[1.311s] symbolically linking /home/grok/ros2_ws/build/marl_car_ros2/launch/baseline_nav2.launch.py -> /home/grok/ros2_ws/install/marl_car_ros2/share/marl_car_ros2/launch
[1.311s] symbolically linking /home/grok/ros2_ws/build/marl_car_ros2/launch/evaluation.launch.py -> /home/grok/ros2_ws/install/marl_car_ros2/share/marl_car_ros2/launch
[1.311s] symbolically linking /home/grok/ros2_ws/build/marl_car_ros2/launch/sim.launch.py -> /home/grok/ros2_ws/install/marl_car_ros2/share/marl_car_ros2/launch
[1.311s] symbolically linking /home/grok/ros2_ws/build/marl_car_ros2/launch/benchmark_demo.launch.py -> /home/grok/ros2_ws/install/marl_car_ros2/share/marl_car_ros2/launch
[1.312s] symbolically linking /home/grok/ros2_ws/build/marl_car_ros2/launch/agent_nav2.launch.py -> /home/grok/ros2_ws/install/marl_car_ros2/share/marl_car_ros2/launch
[1.312s] creating /home/grok/ros2_ws/install/marl_car_ros2/share/marl_car_ros2/config
[1.313s] symbolically linking /home/grok/ros2_ws/build/marl_car_ros2/config/nav2_params.yaml -> /home/grok/ros2_ws/install/marl_car_ros2/share/marl_car_ros2/config
[1.313s] symbolically linking /home/grok/ros2_ws/build/marl_car_ros2/config/baseline_world_scenarios.yaml -> /home/grok/ros2_ws/install/marl_car_ros2/share/marl_car_ros2/config
[1.313s] symbolically linking /home/grok/ros2_ws/build/marl_car_ros2/config/nav2_params_rpp.yaml -> /home/grok/ros2_ws/install/marl_car_ros2/share/marl_car_ros2/config
[1.313s] symbolically linking /home/grok/ros2_ws/build/marl_car_ros2/config/benchmark_defaults.yaml -> /home/grok/ros2_ws/install/marl_car_ros2/share/marl_car_ros2/config
[1.314s] creating /home/grok/ros2_ws/install/marl_car_ros2/share/marl_car_ros2/rviz
[1.314s] symbolically linking /home/grok/ros2_ws/build/marl_car_ros2/rviz/nav2_default.rviz -> /home/grok/ros2_ws/install/marl_car_ros2/share/marl_car_ros2/rviz
[1.314s] symbolically linking /home/grok/ros2_ws/build/marl_car_ros2/rviz/benchmark.rviz -> /home/grok/ros2_ws/install/marl_car_ros2/share/marl_car_ros2/rviz
[1.314s] creating /home/grok/ros2_ws/install/marl_car_ros2/share/marl_car_ros2/urdf
[1.315s] symbolically linking /home/grok/ros2_ws/build/marl_car_ros2/urdf/simple_marl_car.urdf -> /home/grok/ros2_ws/install/marl_car_ros2/share/marl_car_ros2/urdf
[1.315s] creating /home/grok/ros2_ws/install/marl_car_ros2/share/marl_car_ros2/worlds
[1.316s] symbolically linking /home/grok/ros2_ws/build/marl_car_ros2/worlds/baseline_sharp_turns.world -> /home/grok/ros2_ws/install/marl_car_ros2/share/marl_car_ros2/worlds
[1.317s] symbolically linking /home/grok/ros2_ws/build/marl_car_ros2/worlds/minimal.world -> /home/grok/ros2_ws/install/marl_car_ros2/share/marl_car_ros2/worlds
[1.317s] symbolically linking /home/grok/ros2_ws/build/marl_car_ros2/worlds/baseline_dynamic_crossing.world -> /home/grok/ros2_ws/install/marl_car_ros2/share/marl_car_ros2/worlds
[1.317s] symbolically linking /home/grok/ros2_ws/build/marl_car_ros2/worlds/baseline_narrow_corridor.world -> /home/grok/ros2_ws/install/marl_car_ros2/share/marl_car_ros2/worlds
[1.317s] creating /home/grok/ros2_ws/install/marl_car_ros2/share/marl_car_ros2/models
[1.318s] creating /home/grok/ros2_ws/install/marl_car_ros2/share/marl_car_ros2/models/simple_marl_car
[1.319s] symbolically linking /home/grok/ros2_ws/build/marl_car_ros2/models/simple_marl_car/model.config -> /home/grok/ros2_ws/install/marl_car_ros2/share/marl_car_ros2/models/simple_marl_car
[1.319s] symbolically linking /home/grok/ros2_ws/build/marl_car_ros2/models/simple_marl_car/model.sdf -> /home/grok/ros2_ws/install/marl_car_ros2/share/marl_car_ros2/models/simple_marl_car
[1.357s] Invoked command in '/home/grok/ros2_ws/build/marl_car_ros2' returned '0': PYTHONPATH=/home/grok/ros2_ws/build/marl_car_ros2/prefix_override:/usr/lib/python3/dist-packages/colcon_core/task/python/colcon_distutils_commands:/home/grok/ros2_ws/install/marl_car_ros2/lib/python3.12/site-packages:${PYTHONPATH} /usr/bin/python3 -W ignore:setup.py install is deprecated -W ignore:easy_install command is deprecated setup.py develop --editable --build-directory /home/grok/ros2_ws/build/marl_car_ros2/build --no-deps symlink_data
