/home/grok/ros2_ws/install/marl_car_ros2/lib/python3.12/site-packages/marl_car_ros2/train_rllib.py
/home/grok/ros2_ws/install/marl_car_ros2/lib/python3.12/site-packages/marl_car_ros2/evaluation_metrics.py
/home/grok/ros2_ws/install/marl_car_ros2/lib/python3.12/site-packages/marl_car_ros2/agent_trace.py
/home/grok/ros2_ws/install/marl_car_ros2/lib/python3.12/site-packages/marl_car_ros2/__init__.py
/home/grok/ros2_ws/install/marl_car_ros2/lib/python3.12/site-packages/marl_car_ros2/multi_agent_game.py
/home/grok/ros2_ws/install/marl_car_ros2/lib/python3.12/site-packages/marl_car_ros2/dummy_joint_runner.py
/home/grok/ros2_ws/install/marl_car_ros2/lib/python3.12/site-packages/marl_car_ros2/pettingzoo_adapter.py
/home/grok/ros2_ws/install/marl_car_ros2/lib/python3.12/site-packages/marl_car_ros2/world_model_mutator.py
/home/grok/ros2_ws/install/marl_car_ros2/lib/python3.12/site-packages/marl_car_ros2/marl_env_wrapper.py
/home/grok/ros2_ws/install/marl_car_ros2/lib/python3.12/site-packages/marl_car_ros2/monitor_logger_node.py
/home/grok/ros2_ws/install/marl_car_ros2/lib/python3.12/site-packages/marl_car_ros2/__pycache__/train_rllib.cpython-312.pyc
/home/grok/ros2_ws/install/marl_car_ros2/lib/python3.12/site-packages/marl_car_ros2/__pycache__/evaluation_metrics.cpython-312.pyc
/home/grok/ros2_ws/install/marl_car_ros2/lib/python3.12/site-packages/marl_car_ros2/__pycache__/agent_trace.cpython-312.pyc
/home/grok/ros2_ws/install/marl_car_ros2/lib/python3.12/site-packages/marl_car_ros2/__pycache__/__init__.cpython-312.pyc
/home/grok/ros2_ws/install/marl_car_ros2/lib/python3.12/site-packages/marl_car_ros2/__pycache__/multi_agent_game.cpython-312.pyc
/home/grok/ros2_ws/install/marl_car_ros2/lib/python3.12/site-packages/marl_car_ros2/__pycache__/dummy_joint_runner.cpython-312.pyc
/home/grok/ros2_ws/install/marl_car_ros2/lib/python3.12/site-packages/marl_car_ros2/__pycache__/pettingzoo_adapter.cpython-312.pyc
/home/grok/ros2_ws/install/marl_car_ros2/lib/python3.12/site-packages/marl_car_ros2/__pycache__/world_model_mutator.cpython-312.pyc
/home/grok/ros2_ws/install/marl_car_ros2/lib/python3.12/site-packages/marl_car_ros2/__pycache__/marl_env_wrapper.cpython-312.pyc
/home/grok/ros2_ws/install/marl_car_ros2/lib/python3.12/site-packages/marl_car_ros2/__pycache__/monitor_logger_node.cpython-312.pyc
/home/grok/ros2_ws/install/marl_car_ros2/share/ament_index/resource_index/packages/marl_car_ros2
/home/grok/ros2_ws/install/marl_car_ros2/share/marl_car_ros2/package.xml
/home/grok/ros2_ws/install/marl_car_ros2/share/marl_car_ros2/launch/marl_stack_minimal.launch.py
/home/grok/ros2_ws/install/marl_car_ros2/share/marl_car_ros2/launch/marl_stack.launch.py
/home/grok/ros2_ws/install/marl_car_ros2/share/marl_car_ros2/worlds/minimal.world
/home/grok/ros2_ws/install/marl_car_ros2/share/marl_car_ros2/models/simple_marl_car/model.config
/home/grok/ros2_ws/install/marl_car_ros2/share/marl_car_ros2/models/simple_marl_car/model.sdf
/home/grok/ros2_ws/install/marl_car_ros2/lib/python3.12/site-packages/marl_car_ros2-0.1.0-py3.12.egg-info/dependency_links.txt
/home/grok/ros2_ws/install/marl_car_ros2/lib/python3.12/site-packages/marl_car_ros2-0.1.0-py3.12.egg-info/PKG-INFO
/home/grok/ros2_ws/install/marl_car_ros2/lib/python3.12/site-packages/marl_car_ros2-0.1.0-py3.12.egg-info/requires.txt
/home/grok/ros2_ws/install/marl_car_ros2/lib/python3.12/site-packages/marl_car_ros2-0.1.0-py3.12.egg-info/zip-safe
/home/grok/ros2_ws/install/marl_car_ros2/lib/python3.12/site-packages/marl_car_ros2-0.1.0-py3.12.egg-info/entry_points.txt
/home/grok/ros2_ws/install/marl_car_ros2/lib/python3.12/site-packages/marl_car_ros2-0.1.0-py3.12.egg-info/top_level.txt
/home/grok/ros2_ws/install/marl_car_ros2/lib/python3.12/site-packages/marl_car_ros2-0.1.0-py3.12.egg-info/SOURCES.txt
/home/grok/ros2_ws/install/marl_car_ros2/lib/marl_car_ros2/dummy_joint_runner
/home/grok/ros2_ws/install/marl_car_ros2/lib/marl_car_ros2/evaluation_metrics
/home/grok/ros2_ws/install/marl_car_ros2/lib/marl_car_ros2/monitor_logger
/home/grok/ros2_ws/install/marl_car_ros2/lib/marl_car_ros2/multi_agent_game
/home/grok/ros2_ws/install/marl_car_ros2/lib/marl_car_ros2/train_rllib
/home/grok/ros2_ws/install/marl_car_ros2/lib/marl_car_ros2/world_model_mutator
