[1.180s] Invoking command in '/home/grok/ros2_ws/build/marl_car_ros2': PYTHONPATH=/home/grok/ros2_ws/build/marl_car_ros2/prefix_override:/usr/lib/python3/dist-packages/colcon_core/task/python/colcon_distutils_commands:/home/grok/ros2_ws/install/marl_car_ros2/lib/python3.12/site-packages:${PYTHONPATH} /usr/bin/python3 -W ignore:setup.py install is deprecated -W ignore:easy_install command is deprecated setup.py develop --editable --build-directory /home/grok/ros2_ws/build/marl_car_ros2/build --no-deps symlink_data --force
[1.423s] running develop
[1.552s] running egg_info
[1.564s] writing marl_car_ros2.egg-info/PKG-INFO
[1.565s] writing dependency_links to marl_car_ros2.egg-info/dependency_links.txt
[1.565s] writing entry points to marl_car_ros2.egg-info/entry_points.txt
[1.565s] writing requirements to marl_car_ros2.egg-info/requires.txt
[1.565s] writing top-level names to marl_car_ros2.egg-info/top_level.txt
[1.588s] reading manifest file 'marl_car_ros2.egg-info/SOURCES.txt'
[1.591s] writing manifest file 'marl_car_ros2.egg-info/SOURCES.txt'
[1.604s] running build_ext
[1.604s] Creating /home/grok/ros2_ws/install/marl_car_ros2/lib/python3.12/site-packages/marl-car-ros2.egg-link (link to .)
[1.605s] Installing baseline_nav_node script to /home/grok/ros2_ws/install/marl_car_ros2/lib/marl_car_ros2
[1.606s] Installing dummy_joint_runner script to /home/grok/ros2_ws/install/marl_car_ros2/lib/marl_car_ros2
[1.606s] Installing evaluation_metrics script to /home/grok/ros2_ws/install/marl_car_ros2/lib/marl_car_ros2
[1.607s] Installing monitor_logger script to /home/grok/ros2_ws/install/marl_car_ros2/lib/marl_car_ros2
[1.607s] Installing multi_agent_game script to /home/grok/ros2_ws/install/marl_car_ros2/lib/marl_car_ros2
[1.607s] Installing nav_tf_bridge script to /home/grok/ros2_ws/install/marl_car_ros2/lib/marl_car_ros2
[1.607s] Installing risk_marker script to /home/grok/ros2_ws/install/marl_car_ros2/lib/marl_car_ros2
[1.607s] Installing scenario_mutator script to /home/grok/ros2_ws/install/marl_car_ros2/lib/marl_car_ros2
[1.607s] Installing supervisor_node script to /home/grok/ros2_ws/install/marl_car_ros2/lib/marl_car_ros2
[1.607s] Installing supervisor_status_marker script to /home/grok/ros2_ws/install/marl_car_ros2/lib/marl_car_ros2
[1.607s] Installing task_agent script to /home/grok/ros2_ws/install/marl_car_ros2/lib/marl_car_ros2
[1.607s] Installing train_rllib script to /home/grok/ros2_ws/install/marl_car_ros2/lib/marl_car_ros2
[1.608s] Installing world_event_marker script to /home/grok/ros2_ws/install/marl_car_ros2/lib/marl_car_ros2
[1.608s] Installing world_model_mutator script to /home/grok/ros2_ws/install/marl_car_ros2/lib/marl_car_ros2
[1.608s] 
[1.608s] Installed /home/grok/ros2_ws/build/marl_car_ros2
[1.608s] running symlink_data
[1.608s] symbolically linking /home/grok/ros2_ws/build/marl_car_ros2/resource/marl_car_ros2 -> /home/grok/ros2_ws/install/marl_car_ros2/share/ament_index/resource_index/packages
[1.609s] symbolically linking /home/grok/ros2_ws/build/marl_car_ros2/package.xml -> /home/grok/ros2_ws/install/marl_car_ros2/share/marl_car_ros2
[1.609s] symbolically linking /home/grok/ros2_ws/build/marl_car_ros2/launch/marl_stack_minimal.launch.py -> /home/grok/ros2_ws/install/marl_car_ros2/share/marl_car_ros2/launch
[1.609s] symbolically linking /home/grok/ros2_ws/build/marl_car_ros2/launch/baseline_world_turns.launch.py -> /home/grok/ros2_ws/install/marl_car_ros2/share/marl_car_ros2/launch
[1.610s] symbolically linking /home/grok/ros2_ws/build/marl_car_ros2/launch/baseline_nav2.launch.py -> /home/grok/ros2_ws/install/marl_car_ros2/share/marl_car_ros2/launch
[1.610s] symbolically linking /home/grok/ros2_ws/build/marl_car_ros2/launch/baseline_world_dynamic.launch.py -> /home/grok/ros2_ws/install/marl_car_ros2/share/marl_car_ros2/launch
[1.610s] symbolically linking /home/grok/ros2_ws/build/marl_car_ros2/launch/evaluation.launch.py -> /home/grok/ros2_ws/install/marl_car_ros2/share/marl_car_ros2/launch
[1.610s] symbolically linking /home/grok/ros2_ws/build/marl_car_ros2/launch/sim.launch.py -> /home/grok/ros2_ws/install/marl_car_ros2/share/marl_car_ros2/launch
[1.611s] symbolically linking /home/grok/ros2_ws/build/marl_car_ros2/launch/agent_nav2.launch.py -> /home/grok/ros2_ws/install/marl_car_ros2/share/marl_car_ros2/launch
[1.611s] symbolically linking /home/grok/ros2_ws/build/marl_car_ros2/launch/nav2_visualization.launch.py -> /home/grok/ros2_ws/install/marl_car_ros2/share/marl_car_ros2/launch
[1.611s] symbolically linking /home/grok/ros2_ws/build/marl_car_ros2/launch/marl_stack.launch.py -> /home/grok/ros2_ws/install/marl_car_ros2/share/marl_car_ros2/launch
[1.611s] symbolically linking /home/grok/ros2_ws/build/marl_car_ros2/launch/baseline_world_narrow.launch.py -> /home/grok/ros2_ws/install/marl_car_ros2/share/marl_car_ros2/launch
[1.611s] symbolically linking /home/grok/ros2_ws/build/marl_car_ros2/config/nav2_params.yaml -> /home/grok/ros2_ws/install/marl_car_ros2/share/marl_car_ros2/config
[1.611s] symbolically linking /home/grok/ros2_ws/build/marl_car_ros2/config/baseline_world_scenarios.yaml -> /home/grok/ros2_ws/install/marl_car_ros2/share/marl_car_ros2/config
[1.611s] error: [Errno 2] No such file or directory: '/home/grok/ros2_ws/install/marl_car_ros2/share/marl_car_ros2/config/nav2_params_rpp.yaml'
[1.633s] Invoked command in '/home/grok/ros2_ws/build/marl_car_ros2' returned '1': PYTHONPATH=/home/grok/ros2_ws/build/marl_car_ros2/prefix_override:/usr/lib/python3/dist-packages/colcon_core/task/python/colcon_distutils_commands:/home/grok/ros2_ws/install/marl_car_ros2/lib/python3.12/site-packages:${PYTHONPATH} /usr/bin/python3 -W ignore:setup.py install is deprecated -W ignore:easy_install command is deprecated setup.py develop --editable --build-directory /home/grok/ros2_ws/build/marl_car_ros2/build --no-deps symlink_data --force
